Script started on 2021-12-09 11:21:48-05:00 [TERM="xterm-256color" TTY="/dev/pts/12" COLUMNS="100" LINES="54"]
slohoka1@remote02:~/i220b/submit/lab13$ cd exercises/
slohoka1@remote02:~/i220b/submit/lab13/exercises$ cd stdin-char-count/
slohoka1@remote02:~/i220b/submit/lab13/exercises/stdin-char-count$ n[Knano stdin-char-count.c 
[?1049h[22;0;0t[1;54r(B[m[4l[?7h[39;49m[?1h=[?1h=[?1h=[?25l[39;49m(B[m[H[2J[52;43H(B[0;7m[ Reading File ](B[m[52;42H(B[0;7m[ Read 12 lines ](B[m[H(B[0;7m  GNU nano 3.2                             stdin-char-count.c                                       [1;99H(B[m[53d(B[0;7m^G(B[m Get Help   (B[0;7m^O(B[m Write Out  (B[0;7m^W(B[m Where Is   (B[0;7m^K(B[m Cut Text   (B[0;7m^J(B[m Justify    (B[0;7m^C(B[m Cur Pos    (B[0;7mM-U(B[m Undo[54d(B[0;7m^X(B[m Exit[15G(B[0;7m^R(B[m Read File  (B[0;7m^\(B[m Replace    (B[0;7m^U(B[m Uncut Text (B[0;7m^T(B[m To Spell   (B[0;7m^_(B[m Go To Line (B[0;7mM-E(B[m Redo[52d[3d(B[0;1m[36m#include[39m(B[m (B[0;1m[33m<stdio.h>[5d(B[0m[32mint[6d[39m(B[mmain([32mint[39m(B[m argc, [32mconst[39m(B[m [32mchar[39m(B[m *argv[])[7d{[8d printf((B[0;1m[33m"EOF = %d\n"[39m(B[m, (B[0;1m[31mEOF[39m(B[m);[9;3H[32mchar[39m(B[m c;[10;3H[32mint[39m(B[m count = 0;[11;3H(B[0;1m[33mwhile[39m(B[m ((c = getchar()) != (B[0;1m[31mEOF[39m(B[m) count++;[12;3Hprintf((B[0;1m[33m"%d\n"[39m(B[m, count);[13;3H[35mreturn[39m(B[m 0;[14d}[3d[?12l[?25h[?25l[52;26H(B[0;7m[ line 1/13 (7%), col 1/19 (5%), char 0/198 (0%) ](B[m[3d[?12l[?25h[?25l[52d[J[54;100H[?12l[?25h[54;1H[?1049l[23;0;0t[?1l>slohoka1@remote02:~/i220b/submit/lab13/exercises/stdin-char-count$ nano Makefile 
[?1049h[22;0;0t[1;54r(B[m[4l[?7h[39;49m[?1h=[?1h=[?1h=[?25l[39;49m(B[m[H[2J[52;43H(B[0;7m[ Reading File ](B[m[52;42H(B[0;7m[ Read 10 lines ](B[m[H(B[0;7m  GNU nano 3.2                                  Makefile                                            [1;99H(B[m[53d(B[0;7m^G(B[m Get Help   (B[0;7m^O(B[m Write Out  (B[0;7m^W(B[m Where Is   (B[0;7m^K(B[m Cut Text   (B[0;7m^J(B[m Justify    (B[0;7m^C(B[m Cur Pos    (B[0;7mM-U(B[m Undo[54d(B[0;7m^X(B[m Exit[15G(B[0;7m^R(B[m Read File  (B[0;7m^\(B[m Replace    (B[0;7m^U(B[m Uncut Text (B[0;7m^T(B[m To Spell   (B[0;7m^_(B[m Go To Line (B[0;7mM-E(B[m Redo[52d[3d[39;49m(B[mCC[31m = [39m(B[mgcc[4dCFLAGS[31m = [39m(B[m-g -Wall -std=c18 -funsigned-char[6dTARGETS[31m = [39m(B[mstdin-char-count[8d(B[0;1m[34m$(TARGETS):[11dclean:[12;9H[39m(B[mrm -f [34m$(TARGETS)[39m(B[m *.o *~[3d[?12l[?25h[?25l[52d[J[54;100H[?12l[?25h[54;1H[?1049l[23;0;0t[?1l>slohoka1@remote02:~/i220b/submit/lab13/exercises/stdin-char-count$ make
gcc -g -Wall -std=c18 -funsigned-char    stdin-char-count.c   -o stdin-char-count
slohoka1@remote02:~/i220b/submit/lab13/exercises/stdin-char-count$ ./sh[Ktdin-char-count < stdin-char-count.c
EOF = -1
^C
slohoka1@remote02:~/i220b/submit/lab13/exercises/stdin-char-count$ ./stdin-char-count < stdin-char-count.c[A[C[C[C[C[C[C[C[C[C[C[C[C[C[C[C[C[C[C[C[C[C[C[C[C[C[C[C[C[C[C[C[C[C[C[C[C[C[C[C[C[C[C[C[C[C[C[C[C[C[C[C[C[C[C[C[C[C[C[C[C[Cmake[K
[K[A[C[C[C[C[C[C[C[C[C[C[C[C[C[C[C[C[C[C[C[C[C[C[C[C[C[C[C[C[C[C[C[C[C[C[C[C[C[C[C[C[C[C[C[C[C[C[C[C[C[C[C[C[C[C[C[C[C[C[C[C[C[C[C[C[C[C[C[C[C[C[Cnano Makefile [10@stdin-char-count.c[C
[?1049h[22;0;0t[1;54r(B[m[4l[?7h[39;49m[?1h=[?1h=[?1h=[?25l[39;49m(B[m[H[2J[52;43H(B[0;7m[ Reading File ](B[m[52;42H(B[0;7m[ Read 12 lines ](B[m[H(B[0;7m  GNU nano 3.2                             stdin-char-count.c                                       [1;99H(B[m[53d(B[0;7m^G(B[m Get Help   (B[0;7m^O(B[m Write Out  (B[0;7m^W(B[m Where Is   (B[0;7m^K(B[m Cut Text   (B[0;7m^J(B[m Justify    (B[0;7m^C(B[m Cur Pos    (B[0;7mM-U(B[m Undo[54d(B[0;7m^X(B[m Exit[15G(B[0;7m^R(B[m Read File  (B[0;7m^\(B[m Replace    (B[0;7m^U(B[m Uncut Text (B[0;7m^T(B[m To Spell   (B[0;7m^_(B[m Go To Line (B[0;7mM-E(B[m Redo[52d[3d(B[0;1m[36m#include[39m(B[m (B[0;1m[33m<stdio.h>[5d(B[0m[32mint[6d[39m(B[mmain([32mint[39m(B[m argc, [32mconst[39m(B[m [32mchar[39m(B[m *argv[])[7d{[8d printf((B[0;1m[33m"EOF = %d\n"[39m(B[m, (B[0;1m[31mEOF[39m(B[m);[9;3H[32mchar[39m(B[m c;[10;3H[32mint[39m(B[m count = 0;[11;3H(B[0;1m[33mwhile[39m(B[m ((c = getchar()) != (B[0;1m[31mEOF[39m(B[m) count++;[12;3Hprintf((B[0;1m[33m"%d\n"[39m(B[m, count);[13;3H[35mreturn[39m(B[m 0;[14d}[3d[?12l[?25h[?25l[4d[?12l[?25h[?25l[5d[?12l[?25h[?25l[6d[?12l[?25h[?25l[7d[?12l[?25h[?25l[8d[?12l[?25h[?25l[9d[?12l[?25h[?25l [?12l[?25h[?25l [?12l[?25h[?25l[C[?12l[?25h[?25l[C[?12l[?25h[?25l[C[?12l[?25h[?25l[C[?12l[?25h[?25l[1;91H(B[0;7mModified(B[m[9;3Hcha c;[K[?12l[?25h[?25l c;[K[?12l[?25h[?25l c;[K[?12l[?25h[?25l c;[K[?12l[?25h[?25li c;[?12l[?25h[?25ln c;[?12l[?25h[?25l[32mint[39m(B[m c;[?12l[?25h[?25l[1;99H[1;91H(B[0;7m        (B[m[52;44H(B[0;7mWrote 12 lines ](B[m[9;6H[?12l[?25h[?25l[52d[J[54;100H[?12l[?25h[54;1H[?1049l[23;0;0t[?1l>slohoka1@remote02:~/i220b/submit/lab13/exercises/stdin-char-count$ nano stdin-char-count.c ./stdin-char-count < stdin-char-count.c[A[C[C[C[C[C[C[C[C[C[C[C[C[C[C[C[C[C[C[C[C[C[C[C[C[C[C[C[C[C[C[C[C[C[C[C[C[C[C[C[C[C[C[C[C[C[C[C[C[C[C[C[C[C[C[C[C[C[C[C[C[Cmake[K
[K[A[C[C[C[C[C[C[C[C[C[C[C[C[C[C[C[C[C[C[C[C[C[C[C[C[C[C[C[C[C[C[C[C[C[C[C[C[C[C[C[C[C[C[C[C[C[C[C[C[C[C[C[C[C[C[C[C[C[C[C[C[C[C[C[C[C[C[C[C[C[C[C
gcc -g -Wall -std=c18 -funsigned-char    stdin-char-count.c   -o stdin-char-count
slohoka1@remote02:~/i220b/submit/lab13/exercises/stdin-char-count$ makenano stdin-char-count.c ./stdin-char-count < stdin-char-count.c
EOF = -1
197
slohoka1@remote02:~/i220b/submit/lab13/exercises/stdin-char-count$ wc -c stdin-char-count.c
197 stdin-char-count.c
slohoka1@remote02:~/i220b/submit/lab13/exercises/stdin-char-count$ cd ..
slohoka1@remote02:~/i220b/submit/lab13/exercises$ cd file-char-count/
slohoka1@remote02:~/i220b/submit/lab13/exercises/file-char-count$ nano file-char-count.c 
[?1049h[22;0;0t[1;54r(B[m[4l[?7h[39;49m[?1h=[?1h=[?1h=[?25l[39;49m(B[m[H[2J[52;43H(B[0;7m[ Reading File ](B[m[52;42H(B[0;7m[ Read 27 lines ](B[m[H(B[0;7m  GNU nano 3.2                             file-char-count.c                                        [1;99H(B[m[53d(B[0;7m^G(B[m Get Help   (B[0;7m^O(B[m Write Out  (B[0;7m^W(B[m Where Is   (B[0;7m^K(B[m Cut Text   (B[0;7m^J(B[m Justify    (B[0;7m^C(B[m Cur Pos    (B[0;7mM-U(B[m Undo[54d(B[0;7m^X(B[m Exit[15G(B[0;7m^R(B[m Read File  (B[0;7m^\(B[m Replace    (B[0;7m^U(B[m Uncut Text (B[0;7m^T(B[m To Spell   (B[0;7m^_(B[m Go To Line (B[0;7mM-E(B[m Redo[52d[3d(B[0;1m[36m#include[39m(B[m (B[0;1m[33m<errno.h>[4d[36m#include[39m(B[m (B[0;1m[33m<stdio.h>[5d[36m#include[39m(B[m (B[0;1m[33m<stdlib.h>[6d[36m#include[39m(B[m (B[0;1m[33m<string.h>[8d[34m/** Output number of chars in file specified by single command-line[9d *  argument.[10d */[11d(B[0m[32mint[12d[39m(B[mmain([32mint[39m(B[m argc, [32mconst[39m(B[m [32mchar[39m(B[m *argv[])[13d{[14d (B[0;1m[33mif[39m(B[m (argc != 2) {[15;5Hfprintf(stderr, (B[0;1m[33m"usage: %s FILE_NAME\n"[39m(B[m, argv[0]);[16;5Hexit(1);[17;3H}[18d[32mconst[39m(B[m [32mchar[39m(B[m *fName = argv[1];[19;3H(B[0;1m[31mFILE[39m(B[m *in = fopen(fName, (B[0;1m[33m"r"[39m(B[m);[20;3H(B[0;1m[33mif[39m(B[m (!in) {[21;5Hfprintf(stderr, (B[0;1m[33m"cannot read %s: %s\n"[39m(B[m, fName, strerror(errno));[22;5Hexit(1);[23;3H}[24d[32mint[39m(B[m c;[25;3H[32mint[39m(B[m count = 0;[26;3H(B[0;1m[33mwhile[39m(B[m ((c = fgetc(in)) != (B[0;1m[31mEOF[39m(B[m) count++;[27;3Hprintf((B[0;1m[33m"%d\n"[39m(B[m, count);[28;3H[35mreturn[39m(B[m 0;[29d}[3d[?12l[?25h[?25l[4d[?12l[?25h[?25l[5d[?12l[?25h[?25l[6d[?12l[?25h[?25l[7d[?12l[?25h[?25l[8d[?12l[?25h[?25l[9d[?12l[?25h[?25l[10d[?12l[?25h[?25l[11d[?12l[?25h[?25l[12d[?12l[?25h[?25l[13d[?12l[?25h[?25l[14d[?12l[?25h[?25l [?12l[?25h[?25l [?12l[?25h[?25l[C[?12l[?25h[?25l[C[?12l[?25h[?25l [?12l[?25h[?25l([?12l[?25h[?25la[?12l[?25h[?25lr[?12l[?25h[?25lg[?12l[?25h[?25lc[?12l[?25h[?25l [?12l[?25h[?25l![?12l[?25h[?25l=[?12l[?25h[?25l [?12l[?25h[?25l[52d[K[14;16H[?12l[?25h[?25l)[?12l[?25h[?25l [?12l[?25h[?25l[15d[?12l[?25h[?25l[16;13H[?12l[?25h[?25l[17;4H[?12l[?25h[?25l[18;18H[?12l[?25h[?25l[19d[?12l[?25h[?25l[20;13H[?12l[?25h[?25l[21;18H[?12l[?25h[?25l[22;13H[?12l[?25h[?25l[23;4H[?12l[?25h[?25l[24;9H[?12l[?25h[?25l[25;17H[?12l[?25h[?25l[26de[?12l[?25h[?25l[27d[?12l[?25h[?25l[53d[J[54;100H[?12l[?25h[54;1H[?1049l[23;0;0t[?1l>slohoka1@remote02:~/i220b/submit/lab13/exercises/file-char-count$ make
gcc -g -Wall -std=c18    file-char-count.c   -o file-char-count
slohoka1@remote02:~/i220b/submit/lab13/exercises/file-char-count$ ./file-char-count < file-char-count.c
usage: ./file-char-count FILE_NAME
slohoka1@remote02:~/i220b/submit/lab13/exercises/file-char-count$ ./file-char-count < file-char-count.c[A[C[C[C[C[C[C[C[C[C[C[C[C[C[C[C[C[C[C[C[C[C[C[C[C[C[C[C[C[C[C[C[C[C[C[C[C[C[C[C[C[C[C[C[C[C[C[C[C[C[C[C[C[C[C[C[C[C[C[C[C[C[C[C[C[C[C[C[C[C[C[C[C[C[C[C[C[C[C[C[C[C[C[C[C[C[C[C[C[C[C[C[C[C[C[C[C[C[C[C[C[C[C[C[C[C[C[C[C[C[C[C[C[C[C[C[C[C[C file-char-count.[1Pc[A[C[C[C[C[C[C[C[C[C[C[C[C[C[C[C[C[C[C[C[C[C[C[C[C[C[C[C[C[C[C[C[C[C[C[C[C[C[C[C[C[C[C[C[C[C[C[C[C[C[C[C[C[C[C[C[C[C[C[C[C[C[C[C[C[C[C[C[C[C[C[C[C[C[C[C[C[C[C[C[C[C[Cfile-char-count.c[K[A[C[C[C[C[C[C[C[C[C[C[C[C[C[C[C[C[C[C[C[C[C[C[C[C[C[C[C[C[C[C[C[C[C[C[C[C[C[C[C[C[C[C[C[C[C[C[C[C[C[C[C[C[C[C[C[C[C[C[C[C[C[C[C[C[C[C[C[C[C[C[C[C[C[C[C[C[C[C[C[C[C[C

566
slohoka1@remote02:~/i220b/submit/lab13/exercises/file-char-count$ wc -c file-char-count.c
566 file-char-count.c
slohoka1@remote02:~/i220b/submit/lab13/exercises/file-char-count$ ./flie[K[K[Kile-char-count xxx
cannot read xxx: No such file or directory
slohoka1@remote02:~/i220b/submit/lab13/exercises/file-char-count$ ./file-char-count xxxwc -c file-char-count.c./file-char-count file-char-count.c[A[C[C[C[C[C[C[C[C[C[C[C[C[C[C[C[C[C[C[C[C[C[C[C[C[C[C[C[C[C[C[C[C[C[C[C[C[C[C[C[C[C[C[C[C[C[C[C[C[C[C[C[C[C[C[C[C[C[C[C[C[C[C[C[C[C[C[C[C[C[C[C[C[C[C[C[C[C[C[C[C[C[C[C< file-char-count.c[A[C[C[C[C[C[C[C[C[C[C[C[C[C[C[C[C[C[C[C[C[C[C[C[C[C[C[C[C[C[C[C[C[C[C[C[C[C[C[C[C[C[C[C[C[C[C[C[C[C[C[C[C[C[C[C[C[C[C[C[C[C[C[Cmake[K
[K[A[C[C[C[C[C[C[C[C[C[C[C[C[C[C[C[C[C[C[C[C[C[C[C[C[C[C[C[C[C[C[C[C[C[C[C[C[C[C[C[C[C[C[C[C[C[C[C[C[C[C[C[C[C[C[C[C[C[C[C[C[C[C[C[C[C[C[C[C[C[Cnano file-char-count.c 
[?1049h[22;0;0t[1;54r(B[m[4l[?7h[39;49m[?1h=[?1h=[?1h=[?25l[39;49m(B[m[H[2J[52;43H(B[0;7m[ Reading File ](B[m[52;42H(B[0;7m[ Read 27 lines ](B[m[H(B[0;7m  GNU nano 3.2                             file-char-count.c                                        [1;99H(B[m[53d(B[0;7m^G(B[m Get Help   (B[0;7m^O(B[m Write Out  (B[0;7m^W(B[m Where Is   (B[0;7m^K(B[m Cut Text   (B[0;7m^J(B[m Justify    (B[0;7m^C(B[m Cur Pos    (B[0;7mM-U(B[m Undo[54d(B[0;7m^X(B[m Exit[15G(B[0;7m^R(B[m Read File  (B[0;7m^\(B[m Replace    (B[0;7m^U(B[m Uncut Text (B[0;7m^T(B[m To Spell   (B[0;7m^_(B[m Go To Line (B[0;7mM-E(B[m Redo[52d[3d(B[0;1m[36m#include[39m(B[m (B[0;1m[33m<errno.h>[4d[36m#include[39m(B[m (B[0;1m[33m<stdio.h>[5d[36m#include[39m(B[m (B[0;1m[33m<stdlib.h>[6d[36m#include[39m(B[m (B[0;1m[33m<string.h>[8d[34m/** Output number of chars in file specified by single command-line[9d *  argument.[10d */[11d(B[0m[32mint[12d[39m(B[mmain([32mint[39m(B[m argc, [32mconst[39m(B[m [32mchar[39m(B[m *argv[])[13d{[14d (B[0;1m[33mif[39m(B[m (argc != 2) {[15;5Hfprintf(stderr, (B[0;1m[33m"usage: %s FILE_NAME\n"[39m(B[m, argv[0]);[16;5Hexit(1);[17;3H}[18d[32mconst[39m(B[m [32mchar[39m(B[m *fName = argv[1];[19;3H(B[0;1m[31mFILE[39m(B[m *in = fopen(fName, (B[0;1m[33m"r"[39m(B[m);[20;3H(B[0;1m[33mif[39m(B[m (!in) {[21;5Hfprintf(stderr, (B[0;1m[33m"cannot read %s: %s\n"[39m(B[m, fName, strerror(errno));[22;5Hexit(1);[23;3H}[24d[32mint[39m(B[m c;[25;3H[32mint[39m(B[m count = 0;[26;3H(B[0;1m[33mwhile[39m(B[m ((c = fgetc(in)) != (B[0;1m[31mEOF[39m(B[m) count++;[27;3Hprintf((B[0;1m[33m"%d\n"[39m(B[m, count);[28;3H[35mreturn[39m(B[m 0;[29d}[3d[?12l[?25h[?25l[4d[?12l[?25h[?25l[5d[?12l[?25h[?25l[6d[?12l[?25h[?25l[7d[?12l[?25h[?25l[8d[?12l[?25h[?25l[9d[?12l[?25h[?25l[10d[?12l[?25h[?25l[11d[?12l[?25h[?25l[12d[?12l[?25h[?25l[13d[?12l[?25h[?25l[14d[?12l[?25h[?25l[15d[?12l[?25h[?25l[16d[?12l[?25h[?25l[17d[?12l[?25h[?25l[18d[?12l[?25h[?25l[19d[?12l[?25h[?25l[20d[?12l[?25h[?25l[21d[?12l[?25h[?25l[22d[?12l[?25h[?25l[23d[?12l[?25h[?25l[24d[?12l[?25h[?25l[25d[?12l[?25h[?25l[26d[?12l[?25h[?25l[27d[?12l[?25h[?25l[28d[?12l[?25h[?25l[52d[K[28;12H[?12l[?25h[?25l[A[?12l[?25h[?25l[27;25H[?12l[?25h[?25l[1;91H(B[0;7mModified(B[m[28;52r[28;1HM[1;54r[28;1H[42m  [49m(B[m[?12l[?25h[?25l  f[?12l[?25h[?25lc[?12l[?25h[?25ll[?12l[?25h[?25lo[?12l[?25h[?25ls[?12l[?25h[?25le[?12l[?25h[?25l([?12l[?25h[?25li[?12l[?25h[?25ln[?12l[?25h[?25l)[?12l[?25h[?25l;[?12l[?25h[?25l[1;99H[1;91H(B[0;7m        (B[m[52;42H(B[0;7m[ Wrote 28 lines ](B[m[28;14H[?12l[?25h[?25l[52d[J[54;100H[?12l[?25h[54;1H[?1049l[23;0;0t[?1l>slohoka1@remote02:~/i220b/submit/lab13/exercises/file-char-count$ make
gcc -g -Wall -std=c18    file-char-count.c   -o file-char-count
slohoka1@remote02:~/i220b/submit/lab13/exercises/file-char-count$ makenano file-char-count.c [2P./file-char-count xxxwc -c file-char-count.c./file-char-count file-char-count.c[A[C[C[C[C[C[C[C[C[C[C[C[C[C[C[C[C[C[C[C[C[C[C[C[C[C[C[C[C[C[C[C[C[C[C[C[C[C[C[C[C[C[C[C[C[C[C[C[C[C[C[C[C[C[C[C[C[C[C[C[C[C[C[C[C[C[C[C[C[C[C[C[C[C[C[C[C[C[C[C[C[C[C[C< file-char-count.c[A[C[C[C[C[C[C[C[C[C[C[C[C[C[C[C[C[C[C[C[C[C[C[C[C[C[C[C[C[C[C[C[C[C[C[C[C[C[C[C[C[C[C[C[C[C[C[C[C[C[C[C[C[C[C[C[C[C[C[C[C[C[C[Cmake[K
[K[A[C[C[C[C[C[C[C[C[C[C[C[C[C[C[C[C[C[C[C[C[C[C[C[C[C[C[C[C[C[C[C[C[C[C[C[C[C[C[C[C[C[C[C[C[C[C[C[C[C[C[C[C[C[C[C[C[C[C[C[C[C[C[C[C[C[C[C[C[C[C
make: 'file-char-count' is up to date.
slohoka1@remote02:~/i220b/submit/lab13/exercises/file-char-count$ makenano file-char-count.c [2P./file-char-count xxxwc -c file-char-count.c./file-char-count file-char-count.c
580
slohoka1@remote02:~/i220b/submit/lab13/exercises/file-char-count$ cd ..
slohoka1@remote02:~/i220b/submit/lab13/exercises$ cd file-copy/
slohoka1@remote02:~/i220b/submit/lab13/exercises/file-copy$ nano file-copy.c 
[?1049h[22;0;0t[1;54r(B[m[4l[?7h[39;49m[?1h=[?1h=[?1h=[?25l[39;49m(B[m[H[2J[52;43H(B[0;7m[ Reading File ](B[m[52;42H(B[0;7m[ Read 50 lines ](B[m[H(B[0;7m  GNU nano 3.2                                file-copy.c                                           [1;99H(B[m[53d(B[0;7m^G(B[m Get Help   (B[0;7m^O(B[m Write Out  (B[0;7m^W(B[m Where Is   (B[0;7m^K(B[m Cut Text   (B[0;7m^J(B[m Justify    (B[0;7m^C(B[m Cur Pos    (B[0;7mM-U(B[m Undo[54d(B[0;7m^X(B[m Exit[15G(B[0;7m^R(B[m Read File  (B[0;7m^\(B[m Replace    (B[0;7m^U(B[m Uncut Text (B[0;7m^T(B[m To Spell   (B[0;7m^_(B[m Go To Line (B[0;7mM-E(B[m Redo[52d[3d(B[0;1m[36m#include[39m(B[m (B[0;1m[33m<errno.h>[4d[36m#include[39m(B[m (B[0;1m[33m<stdio.h>[5d[36m#include[39m(B[m (B[0;1m[33m<stdlib.h>[6d[36m#include[39m(B[m (B[0;1m[33m<string.h>[8d(B[0m[32mstatic[39m(B[m [32mvoid[9d[39m(B[mdoCopy([32mconst[39m(B[m [32mchar[39m(B[m *inName, (B[0;1m[31mFILE[39m(B[m *in, [32mconst[39m(B[m [32mchar[39m(B[m *outName, (B[0;1m[31mFILE[39m(B[m *out)[10d{[11d [32mint[39m(B[m c;[12;3H(B[0;1m[33mwhile[39m(B[m ((c = fgetc(in)) != (B[0;1m[31mEOF[39m(B[m) {[13;5H(B[0;1m[33mif[39m(B[m (fputc(c, out) == (B[0;1m[31mEOF[39m(B[m) {[14;7Hfprintf(stderr, (B[0;1m[33m"error writing to %s: %s\n"[39m(B[m, outName, strerror(errno));[15;7H[35mreturn[39m(B[m; (B[0;1m[34m//return rather than exit to ensure files closed[16;5H[39m(B[m}[17;3H}[18d}[20d(B[0;1m[34m/** Copy file specified by first argument to file specified by[21d *  second argument.[22d */[23d(B[0m[32mint[24d[39m(B[mmain([32mint[39m(B[m argc, [32mconst[39m(B[m [32mchar[39m(B[m *argv[])[25d{[26d (B[0;1m[33mif[39m(B[m (argc != 3) {[27;5Hfprintf(stderr, (B[0;1m[33m"usage: %s SRC_NAME DEST_NAME\n"[39m(B[m, argv[0]);[28;5Hexit(1);[29;3H}[30d[32mconst[39m(B[m [32mchar[39m(B[m *srcName = argv[1];[31;3H[32mconst[39m(B[m [32mchar[39m(B[m *destName = argv[2];[32;3H(B[0;1m[31mFILE[39m(B[m *in = fopen(srcName, (B[0;1m[33m"r"[39m(B[m);[33;3H(B[0;1m[33mif[39m(B[m (!in) {[34;5Hfprintf(stderr, (B[0;1m[33m"cannot read %s: %s\n"[39m(B[m, srcName, strerror(errno));[35;5Hexit(1);[36;3H}[37d(B[0;1m[31mFILE[39m(B[m *out = fopen(destName, (B[0;1m[33m"w"[39m(B[m);[38;3H(B[0;1m[33mif[39m(B[m (!out) {[39;5Hfprintf(stderr, (B[0;1m[33m"cannot write %s: %s\n"[39m(B[m, destName, strerror(errno));[40;5Hexit(1);[41;3H}[42ddoCopy(srcName, in, destName, out);[43;3H(B[0;1m[33mif[39m(B[m (fclose(in) != 0) {[44;5Hfprintf(stderr, (B[0;1m[33m"cannot close %s: %s\n"[39m(B[m, srcName, strerror(errno));[45;5Hexit(1);[46;3H}[47d(B[0;1m[33mif[39m(B[m (fclose(out) != 0) {[48;5Hfprintf(stderr, (B[0;1m[33m"cannot close %s: %s\n"[39m(B[m, destName, strerror(errno));[49;5Hexit(1);[50;3H}[51d[35mreturn[39m(B[m 0;[3d[?12l[?25h[?25l[4d[?12l[?25h[?25l[5d[?12l[?25h[?25l[6d[?12l[?25h[?25l[7d[?12l[?25h[?25l[8d[?12l[?25h[?25l[9d[?12l[?25h[?25l[10d[?12l[?25h[?25l[11d[?12l[?25h[?25l[12d[?12l[?25h[?25l[13d[?12l[?25h[?25l[14d[?12l[?25h[?25l[15d[?12l[?25h[?25l[16d[?12l[?25h[?25l[17d[?12l[?25h[?25l[18d[?12l[?25h[?25l[19d[?12l[?25h[?25l[20d[?12l[?25h[?25l[21d[?12l[?25h[?25l[22d[?12l[?25h[?25l[23d[?12l[?25h[?25l[24d[?12l[?25h[?25l[25d[?12l[?25h[?25l[26d[?12l[?25h[?25l[27d[?12l[?25h[?25l[28d[?12l[?25h[?25l[52d[K[29d[?12l[?25h[?25l[30d[?12l[?25h[?25l[31d[?12l[?25h[?25l[32d[?12l[?25h[?25l[33d[?12l[?25h[?25l[34d[?12l[?25h[?25l[35d[?12l[?25h[?25l[53d[J[54;100H[?12l[?25h[54;1H[?1049l[23;0;0t[?1l>slohoka1@remote02:~/i220b/submit/lab13/exercises/file-copy$ make
gcc -g -Wall -std=c18    file-copy.c   -o file-copy
slohoka1@remote02:~/i220b/submit/lab13/exercises/file-copy$ ./file-copy 
usage: ./file-copy SRC_NAME DEST_NAME
slohoka1@remote02:~/i220b/submit/lab13/exercises/file-copy$ ls -l file-copy.c t
ls: cannot access 't': No such file or directory
-rw-r----- 1 slohoka1 slohoka1 1245 Dec  9 11:20 file-copy.c
slohoka1@remote02:~/i220b/submit/lab13/exercises/file-copy$ ./file-copy file-copy.c t
slohoka1@remote02:~/i220b/submit/lab13/exercises/file-copy$ ./file-copy file-copy.c t[6Pls -l[C[C[C[C[C[C[C[C[C[C[C[C[C[C
-rw-r----- 1 slohoka1 slohoka1 1245 Dec  9 11:20 file-copy.c
-rw-r----- 1 slohoka1 slohoka1 1245 Dec  9 11:30 t
slohoka1@remote02:~/i220b/submit/lab13/exercises/file-copy$ cmp file-copy.c t
slohoka1@remote02:~/i220b/submit/lab13/exercises/file-copy$ ./file-copy Makefile t
slohoka1@remote02:~/i220b/submit/lab13/exercises/file-copy$ cmp Makefile t
slohoka1@remote02:~/i220b/submit/lab13/exercises/file-copy$ chmod a-w t
slohoka1@remote02:~/i220b/submit/lab13/exercises/file-copy$ ./file-copy file-copy.c t
cannot write t: Permission denied
slohoka1@remote02:~/i220b/submit/lab13/exercises/file-copy$ cmp Makefile t
slohoka1@remote02:~/i220b/submit/lab13/exercises/file-copy$ cmp file-copy.c t
file-copy.c t differ: byte 1, line 1
slohoka1@remote02:~/i220b/submit/lab13/exercises/file-copy$ man ferror
[?1049h[22;0;0t[?1h=FERROR(3)                           Linux Programmer's Manual                           FERROR(3)[m
[m
[1mNAME[0m[m
       clearerr, feof, ferror, fileno - check and reset stream status[m
[m
[1mSYNOPSIS[0m[m
       [1m#include[0m [1m<stdio.h>[0m[m
[m
       [1mvoid[0m [1mclearerr(FILE[0m [1m*[0m[4mstream[24m[1m);[0m[m
[m
       [1mint[0m [1mfeof(FILE[0m [1m*[0m[4mstream[24m[1m);[0m[m
[m
       [1mint[0m [1mferror(FILE[0m [1m*[0m[4mstream[24m[1m);[0m[m
[m
       [1mint[0m [1mfileno(FILE[0m [1m*[0m[4mstream[24m[1m);[0m[m
[m
   Feature Test Macro Requirements for glibc (see [1mfeature_test_macros[0m(7)):[m
[m
       [1mfileno[0m(): _POSIX_C_SOURCE[m
[m
[1mDESCRIPTION[0m[m
       The function [1mclearerr[0m() clears the end-of-file and error indicators for the stream pointed[m
       to by [4mstream[24m.[m
[m
       The function [1mfeof[0m() tests the end-of-file indicator for the stream pointed to  by  [4mstream[24m,[m
       returning  nonzero  if  it  is  set.  The end-of-file indicator can be cleared only by the[m
       function [1mclearerr[0m().[m
[m
       The function [1mferror[0m() tests the error indicator for the stream pointed to by  [4mstream[24m,  re‚Äê[m
       turning  nonzero  if  it  is set.  The error indicator can be reset only by the [1mclearerr[0m()[m
       function.[m
[m
       The function [1mfileno[0m() examines the argument [4mstream[24m and returns the integer file descriptor[m
       used  to  implement this stream.  The file descriptor is still owned by [4mstream[24m and will be[m
       closed when [1mfclose[0m(3) is called.  Duplicate the file descriptor with [1mdup[0m(2) before passing[m
       it to code that might close it.[m
[m
       For nonlocking counterparts, see [1munlocked_stdio[0m(3).[m
[m
[1mERRORS[0m[m
       These  functions should not fail and do not set the external variable [4merrno[24m.  (However, in[m
       case [1mfileno[0m() detects that its argument is not a valid stream, it must return -1  and  set[m
       [4merrno[24m to [1mEBADF[0m.)[m
[m
[1mATTRIBUTES[0m[m
       For an explanation of the terms used in this section, see [1mattributes[0m(7).[m
[m
       ‚îå‚îÄ‚îÄ‚îÄ‚îÄ‚îÄ‚îÄ‚îÄ‚îÄ‚îÄ‚îÄ‚îÄ‚îÄ‚îÄ‚îÄ‚îÄ‚îÄ‚îÄ‚îÄ‚îÄ‚îÄ‚î¨‚îÄ‚îÄ‚îÄ‚îÄ‚îÄ‚îÄ‚îÄ‚îÄ‚îÄ‚îÄ‚îÄ‚îÄ‚îÄ‚îÄ‚îÄ‚î¨‚îÄ‚îÄ‚îÄ‚îÄ‚îÄ‚îÄ‚îÄ‚îÄ‚îÄ‚îê[m
       ‚îÇ[1mInterface[0m           ‚îÇ [1mAttribute[0m     ‚îÇ [1mValue[0m   ‚îÇ[m
       ‚îú‚îÄ‚îÄ‚îÄ‚îÄ‚îÄ‚îÄ‚îÄ‚îÄ‚îÄ‚îÄ‚îÄ‚îÄ‚îÄ‚îÄ‚îÄ‚îÄ‚îÄ‚îÄ‚îÄ‚îÄ‚îº‚îÄ‚îÄ‚îÄ‚îÄ‚îÄ‚îÄ‚îÄ‚îÄ‚îÄ‚îÄ‚îÄ‚îÄ‚îÄ‚îÄ‚îÄ‚îº‚îÄ‚îÄ‚îÄ‚îÄ‚îÄ‚îÄ‚îÄ‚îÄ‚îÄ‚î§[m
       ‚îÇ[1mclearerr[0m(), [1mfeof[0m(), ‚îÇ Thread safety ‚îÇ MT-Safe ‚îÇ[m
       ‚îÇ[1mferror[0m(), [1mfileno[0m()  ‚îÇ               ‚îÇ         ‚îÇ[m
       ‚îî‚îÄ‚îÄ‚îÄ‚îÄ‚îÄ‚îÄ‚îÄ‚îÄ‚îÄ‚îÄ‚îÄ‚îÄ‚îÄ‚îÄ‚îÄ‚îÄ‚îÄ‚îÄ‚îÄ‚îÄ‚î¥‚îÄ‚îÄ‚îÄ‚îÄ‚îÄ‚îÄ‚îÄ‚îÄ‚îÄ‚îÄ‚îÄ‚îÄ‚îÄ‚îÄ‚îÄ‚î¥‚îÄ‚îÄ‚îÄ‚îÄ‚îÄ‚îÄ‚îÄ‚îÄ‚îÄ‚îò[m
[7m Manual page ferror(3) line 1 (press h for help or q to quit)[27m[K[K [KESCESC[KOO[KBB[K[1mCONFORMING[0m [1mTO[0m[m
[7m Manual page ferror(3) line 2 (press h for help or q to quit)[27m[K[K [KESCESC[KOO[KBB[K       The  functions  [1mclearerr[0m(),  [1mfeof[0m(),  and  [1mferror[0m() conform to C89, C99, POSIX.1-2001, and[m
[7m Manual page ferror(3) line 3 (press h for help or q to quit)[27m[K[K [KESCESC[KOO[KBB[K       POSIX.1-2008.[m
[7m Manual page ferror(3) line 4 (press h for help or q to quit)[27m[K[K [KESCESC[KOO[KBB[K[m
[7m Manual page ferror(3) line 5 (press h for help or q to quit)[27m[K[K [KESCESC[KOO[KAA[K[HM       clearerr, feof, ferror, fileno - check and reset stream status[m
[54;1H[K[7m Manual page ferror(3) line 4 (press h for help or q to quit)[27m[K[K [KESCESC[KOO[KAA[K[HM[1mNAME[0m[m
[54;1H[K[7m Manual page ferror(3) line 3 (press h for help or q to quit)[27m[K[K [KESCESC[KOO[KBB[K       POSIX.1-2008.[m
[7m Manual page ferror(3) line 4 (press h for help or q to quit)[27m[K[K [KESCESC[KOO[KBB[K[m
[7m Manual page ferror(3) line 5 (press h for help or q to quit)[27m[K[K [KESCESC[KOO[KBB[K       The function [1mfileno[0m() conforms to POSIX.1-2001 and POSIX.1-2008.[m
[7m Manual page ferror(3) line 6 (press h for help or q to quit)[27m[K[K [KESCESC[KOO[KBB[K[m
[7m Manual page ferror(3) line 7 (press h for help or q to quit)[27m[K[K [KESCESC[KOO[KBB[K[1mSEE[0m [1mALSO[0m[m
[7m Manual page ferror(3) line 8 (press h for help or q to quit)[27m[K[K [KESCESC[KOO[KBB[K       [1mopen[0m(2), [1mfdopen[0m(3), [1mstdio[0m(3), [1munlocked_stdio[0m(3)[m
[7m Manual page ferror(3) line 9 (press h for help or q to quit)[27m[K[K [KESCESC[KOO[KBB[K[m
[7m Manual page ferror(3) line 10 (press h for help or q to quit)[27m[K[K [KESCESC[KOO[KBB[K[1mCOLOPHON[0m[m
[7m Manual page ferror(3) line 11 (press h for help or q to quit)[27m[K[K [KESCESC[KOO[KBB[K       This page is part of release 5.04 of the Linux [4mman-pages[24m project.  A  description  of  the[m
[7m Manual page ferror(3) line 12 (press h for help or q to quit)[27m[K[K [KESCESC[KOO[KBB[K       project,  information  about  reporting  bugs, and the latest version of this page, can be[m
[7m Manual page ferror(3) line 13 (press h for help or q to quit)[27m[K[K [KESCESC[KOO[KBB[K       found at https://www.kernel.org/doc/man-pages/.[m
[7m Manual page ferror(3) line 14 (press h for help or q to quit)[27m[K[K [KESCESC[KOO[KBB[K[m
[7m Manual page ferror(3) line 15 (press h for help or q to quit)[27m[K[K [KESCESC[KOO[KBB[K                                            2019-03-06                                  FERROR(3)[m
[7m Manual page ferror(3) line 16 (press h for help or q to quit)[27m[K[K [KESCESC[KOO[KBB[K[K[7m Manual page ferror(3) line 16/68 (END) (press h for help or q to quit)[27m[K[K [KESCESC[KOO[KBB[K[K[7m Manual page ferror(3) line 16/68 (END) (press h for help or q to quit)[27m[K[K [KESCESC[KOO[KBB[K[K[7m Manual page ferror(3) line 16/68 (END) (press h for help or q to quit)[27m[K[K [KESCESC[KOO[KBB[K[K[7m Manual page ferror(3) line 16/68 (END) (press h for help or q to quit)[27m[K[K [KESCESC[KOO[KBB[K[K[7m Manual page ferror(3) line 16/68 (END) (press h for help or q to quit)[27m[K[K [KESCESC[KOO[KBB[K[K[7m Manual page ferror(3) line 16/68 (END) (press h for help or q to quit)[27m[K[K [KESCESC[KOO[KBB[K[K[7m Manual page ferror(3) line 16/68 (END) (press h for help or q to quit)[27m[K[K [KESCESC[KOO[KBB[K[K[7m Manual page ferror(3) line 16/68 (END) (press h for help or q to quit)[27m[K[K [KESCESC[KOO[KBB[K[K[7m Manual page ferror(3) line 16/68 (END) (press h for help or q to quit)[27m[K[K [KESCESC[KOO[KBB[K[K[7m Manual page ferror(3) line 16/68 (END) (press h for help or q to quit)[27m[K[K [KESCESC[KOO[KBB[K[K[7m Manual page ferror(3) line 16/68 (END) (press h for help or q to quit)[27m[K[K [KESCESC[KOO[KBB[K[K[7m Manual page ferror(3) line 16/68 (END) (press h for help or q to quit)[27m[K[K [KESCESC[KOO[KBB[K[K[7m Manual page ferror(3) line 16/68 (END) (press h for help or q to quit)[27m[K[K [KESCESC[KOO[KBB[K[K[7m Manual page ferror(3) line 16/68 (END) (press h for help or q to quit)[27m[K[K [KESCESC[KOO[KBB[K[K[7m Manual page ferror(3) line 16/68 (END) (press h for help or q to quit)[27m[K[K [KESCESC[KOO[KBB[K[K[7m Manual page ferror(3) line 16/68 (END) (press h for help or q to quit)[27m[K[K [KESCESC[KOO[KBB[K[K[7m Manual page ferror(3) line 16/68 (END) (press h for help or q to quit)[27m[K[K [KESCESC[KOO[KAA[K[HM       [1mint[0m [1mfileno(FILE[0m [1m*[0m[4mstream[24m[1m);[0m[m
[54;1H[K[7m Manual page ferror(3) line 15/68 97% (press h for help or q to quit)[27m[K[K [KESCESC[KOO[KAA[K[HM[m
[54;1H[K[7m Manual page ferror(3) line 14/68 97% (press h for help or q to quit)[27m[K[K [KESCESC[KOO[KAA[K[HM       [1mint[0m [1mferror(FILE[0m [1m*[0m[4mstream[24m[1m);[0m[m
[54;1H[K[7m Manual page ferror(3) line 13/68 96% (press h for help or q to quit)[27m[K[K [KESCESC[KOO[KAA[K[HM[m
[54;1H[K[7m Manual page ferror(3) line 12/68 94% (press h for help or q to quit)[27m[K[K [KESCESC[KOO[KAA[K[HM       [1mint[0m [1mfeof(FILE[0m [1m*[0m[4mstream[24m[1m);[0m[m
[54;1H[K[7m Manual page ferror(3) line 11/68 91% (press h for help or q to quit)[27m[K[K [KESCESC[KOO[KAA[K[HM[m
[54;1H[K[7m Manual page ferror(3) line 10/68 90% (press h for help or q to quit)[27m[K[K [KESCESC[KOO[KAA[K[HM       [1mvoid[0m [1mclearerr(FILE[0m [1m*[0m[4mstream[24m[1m);[0m[m
[54;1H[K[7m Manual page ferror(3) line 9/68 90% (press h for help or q to quit)[27m[K[K [KESCESC[KOO[KAA[K[HM[m
[54;1H[K[7m Manual page ferror(3) line 8/68 87% (press h for help or q to quit)[27m[K[K [KESCESC[KOO[KAA[K[HM       [1m#include[0m [1m<stdio.h>[0m[m
[54;1H[K[7m Manual page ferror(3) line 7/68 86% (press h for help or q to quit)[27m[K[K [KESCESC[KOO[KAA[K[HM[1mSYNOPSIS[0m[m
[54;1H[K[7m Manual page ferror(3) line 6/68 86% (press h for help or q to quit)[27m[K[K [KESCESC[KOO[KAA[K[HM[m
[54;1H[K[7m Manual page ferror(3) line 5/68 84% (press h for help or q to quit)[27m[K[K [K^X^X[K^?^?[K[7m Manual page ferror(3) line 5/68 84% (press h for help or q to quit)[27m[K[K[?1l>[?1049l[23;0;0tslohoka1@remote02:~/i220b/submit/lab13/exercises/file-copy$ man ferrorcmp file-copy.c t[3PMakefile[C[C[11@./file-copy file-copy.c[C[C[14Pchmod a-w[C[C[3@mp Makefile[C[C[8@./file-copy[C[C[C[C[C[C[C[C[C[C[C[5Pcmp file-copy.c[C[C[2@ls -l[C[C[C[C[C[C[C[C[C[C[C[C[C[C[6@./file-copy[C[C[C[C[C[C[C[C[C[C[C[C[C[C[6Pls -l[C[C[C[C[C[C[C[C[C[C[C[C[C[C[7P./file-copy [8Pmakenano file-copy.c [4Pcd file-copy/nano file-copy.c 
[?1049h[22;0;0t[1;54r(B[m[4l[?7h[39;49m[?1h=[?1h=[?1h=[?25l[39;49m(B[m[H[2J[52;43H(B[0;7m[ Reading File ](B[m[52;42H(B[0;7m[ Read 50 lines ](B[m[H(B[0;7m  GNU nano 3.2                                file-copy.c                                           [1;99H(B[m[53d(B[0;7m^G(B[m Get Help   (B[0;7m^O(B[m Write Out  (B[0;7m^W(B[m Where Is   (B[0;7m^K(B[m Cut Text   (B[0;7m^J(B[m Justify    (B[0;7m^C(B[m Cur Pos    (B[0;7mM-U(B[m Undo[54d(B[0;7m^X(B[m Exit[15G(B[0;7m^R(B[m Read File  (B[0;7m^\(B[m Replace    (B[0;7m^U(B[m Uncut Text (B[0;7m^T(B[m To Spell   (B[0;7m^_(B[m Go To Line (B[0;7mM-E(B[m Redo[52d[3d(B[0;1m[36m#include[39m(B[m (B[0;1m[33m<errno.h>[4d[36m#include[39m(B[m (B[0;1m[33m<stdio.h>[5d[36m#include[39m(B[m (B[0;1m[33m<stdlib.h>[6d[36m#include[39m(B[m (B[0;1m[33m<string.h>[8d(B[0m[32mstatic[39m(B[m [32mvoid[9d[39m(B[mdoCopy([32mconst[39m(B[m [32mchar[39m(B[m *inName, (B[0;1m[31mFILE[39m(B[m *in, [32mconst[39m(B[m [32mchar[39m(B[m *outName, (B[0;1m[31mFILE[39m(B[m *out)[10d{[11d [32mint[39m(B[m c;[12;3H(B[0;1m[33mwhile[39m(B[m ((c = fgetc(in)) != (B[0;1m[31mEOF[39m(B[m) {[13;5H(B[0;1m[33mif[39m(B[m (fputc(c, out) == (B[0;1m[31mEOF[39m(B[m) {[14;7Hfprintf(stderr, (B[0;1m[33m"error writing to %s: %s\n"[39m(B[m, outName, strerror(errno));[15;7H[35mreturn[39m(B[m; (B[0;1m[34m//return rather than exit to ensure files closed[16;5H[39m(B[m}[17;3H}[18d}[20d(B[0;1m[34m/** Copy file specified by first argument to file specified by[21d *  second argument.[22d */[23d(B[0m[32mint[24d[39m(B[mmain([32mint[39m(B[m argc, [32mconst[39m(B[m [32mchar[39m(B[m *argv[])[25d{[26d (B[0;1m[33mif[39m(B[m (argc != 3) {[27;5Hfprintf(stderr, (B[0;1m[33m"usage: %s SRC_NAME DEST_NAME\n"[39m(B[m, argv[0]);[28;5Hexit(1);[29;3H}[30d[32mconst[39m(B[m [32mchar[39m(B[m *srcName = argv[1];[31;3H[32mconst[39m(B[m [32mchar[39m(B[m *destName = argv[2];[32;3H(B[0;1m[31mFILE[39m(B[m *in = fopen(srcName, (B[0;1m[33m"r"[39m(B[m);[33;3H(B[0;1m[33mif[39m(B[m (!in) {[34;5Hfprintf(stderr, (B[0;1m[33m"cannot read %s: %s\n"[39m(B[m, srcName, strerror(errno));[35;5Hexit(1);[36;3H}[37d(B[0;1m[31mFILE[39m(B[m *out = fopen(destName, (B[0;1m[33m"w"[39m(B[m);[38;3H(B[0;1m[33mif[39m(B[m (!out) {[39;5Hfprintf(stderr, (B[0;1m[33m"cannot write %s: %s\n"[39m(B[m, destName, strerror(errno));[40;5Hexit(1);[41;3H}[42ddoCopy(srcName, in, destName, out);[43;3H(B[0;1m[33mif[39m(B[m (fclose(in) != 0) {[44;5Hfprintf(stderr, (B[0;1m[33m"cannot close %s: %s\n"[39m(B[m, srcName, strerror(errno));[45;5Hexit(1);[46;3H}[47d(B[0;1m[33mif[39m(B[m (fclose(out) != 0) {[48;5Hfprintf(stderr, (B[0;1m[33m"cannot close %s: %s\n"[39m(B[m, destName, strerror(errno));[49;5Hexit(1);[50;3H}[51d[35mreturn[39m(B[m 0;[3d[?12l[?25h[?25l[4d[?12l[?25h[?25l[5d[?12l[?25h[?25l[6d[?12l[?25h[?25l[7d[?12l[?25h[?25l[8d[?12l[?25h[?25l[9d[?12l[?25h[?25l[10d[?12l[?25h[?25l[11d[?12l[?25h[?25l[12d[?12l[?25h[?25l[13d[?12l[?25h[?25l[14d[?12l[?25h[?25l[15d[?12l[?25h[?25l[16d[?12l[?25h[?25l[6G[?12l[?25h[?25l[1;91H(B[0;7mModified(B[m[16;6H[42m [49m(B[m[?12l[?25h[?25l e[?12l[?25h[?25ll[?12l[?25h[?25ls[?12l[?25h[?25l(B[0;1m[33melse[39m(B[m[?12l[?25h[?25l[42m [49m(B[m[?12l[?25h[?25l {[?12l[?25h[?25l7[17;51r8[17dM[1;54r[17;1H[42m    [49m(B[m[?12l[?25h[?25l    }[?12l[?25h[?25l[A[?12l[?25h[?25l[13G[?12l[?25h[?25l7[17;52r8[17dM[1;54r[17;1H[42m    [52d[49m(B[m[K[17;5H[?12l[?25h[?25l[42m    [49m(B[m[?12l[?25h[?25l[K[?12l[?25h[?25l[42m [49m(B[m[?12l[?25h[?25l[42m [49m(B[m[?12l[?25h[?25l[A[?12l[?25h[?25l[A[?12l[?25h[?25l[A[?12l[?25h[?25l[14;52r[52;1H
[1;54r[51;3H}[14d[?12l[?25h[?25l7[14;51r8M[1;54r[14;7Hfprintf(stderr, (B[0;1m[33m"error writing to %s: %s\n"[39m(B[m, outName, strerror(errno));[15d[?12l[?25h[?25l[16d[?12l[?25h[?25l[17d[?12l[?25h[?25l7[17;51r8M[1;54r[17;7Hfprintf(stderr, (B[0;1m[33m"error writing to %s: %s\n"[39m(B[m, outName, strerror(errno));[18d[?12l[?25h[?25l[A[?12l[?25h[?25l [?12l[?25h[?25l [?12l[?25h[?25l [?12l[?25h[?25l [?12l[?25h[?25l [?12l[?25h[?25l [?12l[?25h[?25lf[?12l[?25h[?25lp[?12l[?25h[?25lr[?12l[?25h[?25li[?12l[?25h[?25ln[?12l[?25h[?25lt[?12l[?25h[?25lf[?12l[?25h[?25l([?12l[?25h[?25ls[?12l[?25h[?25lt[?12l[?25h[?25ld[?12l[?25h[?25le[?12l[?25h[?25lr[?12l[?25h[?25lr[?12l[?25h[?25l,[?12l[?25h[?25l [?12l[?25h[?25l[C[?12l[?25h[?25l[C[?12l[?25h[?25l[C[?12l[?25h[?25l[C[?12l[?25h[?25l[C[?12l[?25h[?25l[C[?12l[?25h[?25l[C[?12l[?25h[?25l[C[?12l[?25h[?25l[C[?12l[?25h[?25l[C[?12l[?25h[?25l[C[?12l[?25h[?25l[C[?12l[?25h[?25l[C[?12l[?25h[?25l[C[?12l[?25h[?25l[C[?12l[?25h[?25l[C[?12l[?25h[?25l[C[?12l[?25h[?25l[C[?12l[?25h[?25l[C[?12l[?25h[?25l[C[?12l[?25h[?25l[C[?12l[?25h[?25l[C[?12l[?25h[?25l[C[?12l[?25h[?25l[C[?12l[?25h[?25l[C[?12l[?25h[?25l[C[?12l[?25h[?25l[C[?12l[?25h[?25l,[?12l[?25h[?25l [?12l[?25h[?25lo[?12l[?25h[?25lu[?12l[?25h[?25lt[?12l[?25h[?25lN[?12l[?25h[?25la[?12l[?25h[?25lm[?12l[?25h[?25le[?12l[?25h[?25l,[?12l[?25h[?25l [?12l[?25h[?25ls[?12l[?25h[?25lt[?12l[?25h[?25lr[?12l[?25h[?25le[?12l[?25h[?25lr[?12l[?25h[?25lr[?12l[?25h[?25l[18;7H[?12l[?25h[?25l[1K e[?12l[?25h[?25lx[?12l[?25h[?25li[?12l[?25h[?25lt[?12l[?25h[?25l([?12l[?25h[?25l1[?12l[?25h[?25l)[?12l[?25h[?25l;[?12l[?25h[?25l[1;99H[1;91H(B[0;7m        (B[m[52;42H(B[0;7m[ Wrote 53 lines ](B[m[18;15H[?12l[?25h[?25l[52d[J[54;100H[?12l[?25h[54;1H[?1049l[23;0;0t[?1l>slohoka1@remote02:~/i220b/submit/lab13/exercises/file-copy$ make
gcc -g -Wall -std=c18    file-copy.c   -o file-copy
slohoka1@remote02:~/i220b/submit/lab13/exercises/file-copy$ rm -f t
slohoka1@remote02:~/i220b/submit/lab13/exercises/file-copy$ ./file-copy file-copy.c t
error writing to t: Success
slohoka1@remote02:~/i220b/submit/lab13/exercises/file-copy$ ls
file-copy  file-copy.c	Makefile  t
slohoka1@remote02:~/i220b/submit/lab13/exercises/file-copy$ ls./file-copy file-copy.c trm -f t[K[3Pmakenano file-copy.c 
[?1049h[22;0;0t[1;54r(B[m[4l[?7h[39;49m[?1h=[?1h=[?1h=[?25l[39;49m(B[m[H[2J[52;43H(B[0;7m[ Reading File ](B[m[52;42H(B[0;7m[ Read 53 lines ](B[m[H(B[0;7m  GNU nano 3.2                                file-copy.c                                           [1;99H(B[m[53d(B[0;7m^G(B[m Get Help   (B[0;7m^O(B[m Write Out  (B[0;7m^W(B[m Where Is   (B[0;7m^K(B[m Cut Text   (B[0;7m^J(B[m Justify    (B[0;7m^C(B[m Cur Pos    (B[0;7mM-U(B[m Undo[54d(B[0;7m^X(B[m Exit[15G(B[0;7m^R(B[m Read File  (B[0;7m^\(B[m Replace    (B[0;7m^U(B[m Uncut Text (B[0;7m^T(B[m To Spell   (B[0;7m^_(B[m Go To Line (B[0;7mM-E(B[m Redo[52d[3d(B[0;1m[36m#include[39m(B[m (B[0;1m[33m<errno.h>[4d[36m#include[39m(B[m (B[0;1m[33m<stdio.h>[5d[36m#include[39m(B[m (B[0;1m[33m<stdlib.h>[6d[36m#include[39m(B[m (B[0;1m[33m<string.h>[8d(B[0m[32mstatic[39m(B[m [32mvoid[9d[39m(B[mdoCopy([32mconst[39m(B[m [32mchar[39m(B[m *inName, (B[0;1m[31mFILE[39m(B[m *in, [32mconst[39m(B[m [32mchar[39m(B[m *outName, (B[0;1m[31mFILE[39m(B[m *out)[10d{[11d [32mint[39m(B[m c;[12;3H(B[0;1m[33mwhile[39m(B[m ((c = fgetc(in)) != (B[0;1m[31mEOF[39m(B[m) {[13;5H(B[0;1m[33mif[39m(B[m (fputc(c, out) == (B[0;1m[31mEOF[39m(B[m) {[14;7Hfprintf(stderr, (B[0;1m[33m"error writing to %s: %s\n"[39m(B[m, outName, strerror(errno));[15;7H[35mreturn[39m(B[m; (B[0;1m[34m//return rather than exit to ensure files closed[16;5H[39m(B[m} (B[0;1m[33melse[39m(B[m {[17;7Hfprintf(stderr, (B[0;1m[33m"error writing to %s: %s\n"[39m(B[m, outName, strerror(errno));[18;7Hexit(1);[19;5H}[20;3H}[21d}[23d(B[0;1m[34m/** Copy file specified by first argument to file specified by[24d *  second argument.[25d */[26d(B[0m[32mint[27d[39m(B[mmain([32mint[39m(B[m argc, [32mconst[39m(B[m [32mchar[39m(B[m *argv[])[28d{[29d (B[0;1m[33mif[39m(B[m (argc != 3) {[30;5Hfprintf(stderr, (B[0;1m[33m"usage: %s SRC_NAME DEST_NAME\n"[39m(B[m, argv[0]);[31;5Hexit(1);[32;3H}[33d[32mconst[39m(B[m [32mchar[39m(B[m *srcName = argv[1];[34;3H[32mconst[39m(B[m [32mchar[39m(B[m *destName = argv[2];[35;3H(B[0;1m[31mFILE[39m(B[m *in = fopen(srcName, (B[0;1m[33m"r"[39m(B[m);[36;3H(B[0;1m[33mif[39m(B[m (!in) {[37;5Hfprintf(stderr, (B[0;1m[33m"cannot read %s: %s\n"[39m(B[m, srcName, strerror(errno));[38;5Hexit(1);[39;3H}[40d(B[0;1m[31mFILE[39m(B[m *out = fopen(destName, (B[0;1m[33m"w"[39m(B[m);[41;3H(B[0;1m[33mif[39m(B[m (!out) {[42;5Hfprintf(stderr, (B[0;1m[33m"cannot write %s: %s\n"[39m(B[m, destName, strerror(errno));[43;5Hexit(1);[44;3H}[45ddoCopy(srcName, in, destName, out);[46;3H(B[0;1m[33mif[39m(B[m (fclose(in) != 0) {[47;5Hfprintf(stderr, (B[0;1m[33m"cannot close %s: %s\n"[39m(B[m, srcName, strerror(errno));[48;5Hexit(1);[49;3H}[50d(B[0;1m[33mif[39m(B[m (fclose(out) != 0) {[51;5Hfprintf(stderr, (B[0;1m[33m"cannot close %s: %s\n"[39m(B[m, destName, strerror(errno));[3d[?12l[?25h[?25l[4d[?12l[?25h[?25l[5d[?12l[?25h[?25l[6d[?12l[?25h[?25l[7d[?12l[?25h[?25l[8d[?12l[?25h[?25l[9d[?12l[?25h[?25l[10d[?12l[?25h[?25l[11d[?12l[?25h[?25l[12d[?12l[?25h[?25l[13d[?12l[?25h[?25l[14d[?12l[?25h[?25l[15d[?12l[?25h[?25l[16d[?12l[?25h[?25l [?12l[?25h[?25l [?12l[?25h[?25l [?12l[?25h[?25l [?12l[?25h[?25l}[?12l[?25h[?25l [?12l[?25h[?25l[C[?12l[?25h[?25l[C[?12l[?25h[?25l[C[?12l[?25h[?25l[C[?12l[?25h[?25l[A[?12l[?25h[?25l[A[?12l[?25h[?25l[52d[K[13;11H[?12l[?25h[?25l[A[?12l[?25h[?25l[12;35H[?12l[?25h[?25l[1;91H(B[0;7mModified(B[m[13;51r[13;1HM[1;54r[13;1H[42m  [49m(B[m[?12l[?25h[?25l[42m  [49m(B[m[?12l[?25h[?25l    i[?12l[?25h[?25ln[?12l[?25h[?25l[32mint[39m(B[m[?12l[?25h[?25l[42m [49m(B[m[?12l[?25h[?25l r[?12l[?25h[?25le[?12l[?25h[?25ls[?12l[?25h[?25l[42m [49m(B[m[?12l[?25h[?25l =[?12l[?25h[?25l[42m [49m(B[m[?12l[?25h[?25l f[?12l[?25h[?25lp[?12l[?25h[?25lu[?12l[?25h[?25lt[?12l[?25h[?25lc[?12l[?25h[?25l([?12l[?25h[?25lc[?12l[?25h[?25l,[?12l[?25h[?25l[42m [49m(B[m[?12l[?25h[?25l o[?12l[?25h[?25lu[?12l[?25h[?25lt[?12l[?25h[?25l)[?12l[?25h[?25l;[?12l[?25h[?25l[14d[?12l[?25h[?25l[?12l[?25h[?25l[?12l[?25h[?25l[?12l[?25h[?25l[?12l[?25h[?25l[?12l[?25h[?25l)[?12l[?25h[?25l [?12l[?25h[?25l[?12l[?25h[?25l[1P[?12l[?25h[?25l[1P[?12l[?25h[?25l[1P[?12l[?25h[?25l[1P[?12l[?25h[?25l[1P[?12l[?25h[?25l[1P[?12l[?25h[?25l[1P[?12l[?25h[?25l[1P[?12l[?25h[?25l[1P[?12l[?25h[?25l[1P[?12l[?25h[?25l[1P[?12l[?25h[?25l[1P[?12l[?25h[?25l[1P[?12l[?25h[?25lr == (B[0;1m[31mEOF[39m(B[m) {[14;10H[?12l[?25h[?25le == (B[0;1m[31mEOF[39m(B[m) {[14;11H[?12l[?25h[?25ls == (B[0;1m[31mEOF[39m(B[m) {[14;12H[?12l[?25h[?25l[15d[?12l[?25h[?25l[16d[?12l[?25h[?25l[17d[?12l[?25h[?25l[?12l[?25h[?25l  {[?12l[?25h[?25li {[?12l[?25h[?25l(B[0;1m[33mif[39m(B[m {[?12l[?25h[?25l  {[?12l[?25h[?25l( {[?12l[?25h[?25lr {[?12l[?25h[?25le {[?12l[?25h[?25ls {[?12l[?25h[?25l {[K[?12l[?25h[?25l {[K[?12l[?25h[?25l {[K[?12l[?25h[?25lf {[?12l[?25h[?25le {[?12l[?25h[?25lr {[?12l[?25h[?25lrr {[?12l[?25h[?25lo {[?12l[?25h[?25lr {[?12l[?25h[?25l( {[?12l[?25h[?25li {[?12l[?25h[?25ln {[?12l[?25h[?25l) {[?12l[?25h[?25l)) {[?12l[?25h[?25l[A[?12l[?25h[?25l[A[?12l[?25h[?25l[14;22H[?12l[?25h[?25l[1;99H[1;91H(B[0;7m        (B[m[52;42H(B[0;7m[ Wrote 54 lines ](B[m[14;22H[?12l[?25h[?25l[52d[J[54;100H[?12l[?25h[54;1H[?1049l[23;0;0t[?1l>slohoka1@remote02:~/i220b/submit/lab13/exercises/file-copy$ make
gcc -g -Wall -std=c18    file-copy.c   -o file-copy
slohoka1@remote02:~/i220b/submit/lab13/exercises/file-copy$ makenano file-copy.c ls[K./file-copy file-copy.c t
slohoka1@remote02:~/i220b/submit/lab13/exercises/file-copy$ ./file-copy file-copy.c tmake[Knano file-copy.c 
[?1049h[22;0;0t[1;54r(B[m[4l[?7h[39;49m[?1h=[?1h=[?1h=[?25l[39;49m(B[m[H[2J[52;43H(B[0;7m[ Reading File ](B[m[52;42H(B[0;7m[ Read 54 lines ](B[m[H(B[0;7m  GNU nano 3.2                                file-copy.c                                           [1;99H(B[m[53d(B[0;7m^G(B[m Get Help   (B[0;7m^O(B[m Write Out  (B[0;7m^W(B[m Where Is   (B[0;7m^K(B[m Cut Text   (B[0;7m^J(B[m Justify    (B[0;7m^C(B[m Cur Pos    (B[0;7mM-U(B[m Undo[54d(B[0;7m^X(B[m Exit[15G(B[0;7m^R(B[m Read File  (B[0;7m^\(B[m Replace    (B[0;7m^U(B[m Uncut Text (B[0;7m^T(B[m To Spell   (B[0;7m^_(B[m Go To Line (B[0;7mM-E(B[m Redo[52d[3d(B[0;1m[36m#include[39m(B[m (B[0;1m[33m<errno.h>[4d[36m#include[39m(B[m (B[0;1m[33m<stdio.h>[5d[36m#include[39m(B[m (B[0;1m[33m<stdlib.h>[6d[36m#include[39m(B[m (B[0;1m[33m<string.h>[8d(B[0m[32mstatic[39m(B[m [32mvoid[9d[39m(B[mdoCopy([32mconst[39m(B[m [32mchar[39m(B[m *inName, (B[0;1m[31mFILE[39m(B[m *in, [32mconst[39m(B[m [32mchar[39m(B[m *outName, (B[0;1m[31mFILE[39m(B[m *out)[10d{[11d [32mint[39m(B[m c;[12;3H(B[0;1m[33mwhile[39m(B[m ((c = fgetc(in)) != (B[0;1m[31mEOF[39m(B[m) {[13;5H[32mint[39m(B[m res = fputc(c, out);[14;5H(B[0;1m[33mif[39m(B[m (res == (B[0;1m[31mEOF[39m(B[m) {[15;7Hfprintf(stderr, (B[0;1m[33m"error writing to %s: %s\n"[39m(B[m, outName, strerror(errno));[16;7H[35mreturn[39m(B[m; (B[0;1m[34m//return rather than exit to ensure files closed[17;5H[39m(B[m} (B[0;1m[33melse[39m(B[m (B[0;1m[33mif[39m(B[m (ferror(in)) {[18;7Hfprintf(stderr, (B[0;1m[33m"error writing to %s: %s\n"[39m(B[m, outName, strerror(errno));[19;7Hexit(1);[20;5H}[21;3H}[22d}[24d(B[0;1m[34m/** Copy file specified by first argument to file specified by[25d *  second argument.[26d */[27d(B[0m[32mint[28d[39m(B[mmain([32mint[39m(B[m argc, [32mconst[39m(B[m [32mchar[39m(B[m *argv[])[29d{[30d (B[0;1m[33mif[39m(B[m (argc != 3) {[31;5Hfprintf(stderr, (B[0;1m[33m"usage: %s SRC_NAME DEST_NAME\n"[39m(B[m, argv[0]);[32;5Hexit(1);[33;3H}[34d[32mconst[39m(B[m [32mchar[39m(B[m *srcName = argv[1];[35;3H[32mconst[39m(B[m [32mchar[39m(B[m *destName = argv[2];[36;3H(B[0;1m[31mFILE[39m(B[m *in = fopen(srcName, (B[0;1m[33m"r"[39m(B[m);[37;3H(B[0;1m[33mif[39m(B[m (!in) {[38;5Hfprintf(stderr, (B[0;1m[33m"cannot read %s: %s\n"[39m(B[m, srcName, strerror(errno));[39;5Hexit(1);[40;3H}[41d(B[0;1m[31mFILE[39m(B[m *out = fopen(destName, (B[0;1m[33m"w"[39m(B[m);[42;3H(B[0;1m[33mif[39m(B[m (!out) {[43;5Hfprintf(stderr, (B[0;1m[33m"cannot write %s: %s\n"[39m(B[m, destName, strerror(errno));[44;5Hexit(1);[45;3H}[46ddoCopy(srcName, in, destName, out);[47;3H(B[0;1m[33mif[39m(B[m (fclose(in) != 0) {[48;5Hfprintf(stderr, (B[0;1m[33m"cannot close %s: %s\n"[39m(B[m, srcName, strerror(errno));[49;5Hexit(1);[50;3H}[51d(B[0;1m[33mif[39m(B[m (fclose(out) != 0) {[3d[?12l[?25h[?25l[4d[?12l[?25h[?25l[5d[?12l[?25h[?25l[6d[?12l[?25h[?25l[7d[?12l[?25h[?25l[8d[?12l[?25h[?25l[9d[?12l[?25h[?25l[10d[?12l[?25h[?25l[11d[?12l[?25h[?25l[12d[?12l[?25h[?25l[13d[?12l[?25h[?25l[14d[?12l[?25h[?25l[15d[?12l[?25h[?25l[16d[?12l[?25h[?25l[17d[?12l[?25h[?25l[18d[?12l[?25h[?25l[19d[?12l[?25h[?25l[20d[?12l[?25h[?25l[21d[?12l[?25h[?25l[22d[?12l[?25h[?25l[23d[?12l[?25h[?25l[24d[?12l[?25h[?25l[25d[?12l[?25h[?25l[26d[?12l[?25h[?25l[27d[?12l[?25h[?25l[28d[?12l[?25h[?25l[52d[K[29d[?12l[?25h[?25l[30d[?12l[?25h[?25l[31d[?12l[?25h[?25l[32d[?12l[?25h[?25l[33d[?12l[?25h[?25l[34d[?12l[?25h[?25l[35d[?12l[?25h[?25l[36d[?12l[?25h[?25l[37d[?12l[?25h[?25l[38d[?12l[?25h[?25l[39d[?12l[?25h[?25l[40d[?12l[?25h[?25l[41d[?12l[?25h[?25l [?12l[?25h[?25l [?12l[?25h[?25l[C[?12l[?25h[?25l[C[?12l[?25h[?25l[C[?12l[?25h[?25l[C[?12l[?25h[?25l [?12l[?25h[?25l*[?12l[?25h[?25lo[?12l[?25h[?25lu[?12l[?25h[?25lt[?12l[?25h[?25l [?12l[?25h[?25l=[?12l[?25h[?25l [?12l[?25h[?25lf[?12l[?25h[?25lo[?12l[?25h[?25lp[?12l[?25h[?25le[?12l[?25h[?25ln[?12l[?25h[?25l([?12l[?25h[?25ld[?12l[?25h[?25le[?12l[?25h[?25ls[?12l[?25h[?25lt[?12l[?25h[?25lN[?12l[?25h[?25la[?12l[?25h[?25lm[?12l[?25h[?25le[?12l[?25h[?25l,[?12l[?25h[?25l [?12l[?25h[?25l[C[?12l[?25h[?25l[C[?12l[?25h[?25l[1;91H(B[0;7mModified(B[m[41;32H(B[0;1m[33m"[39m(B[m);[K[?12l[?25h[?25l(B[0;1m[33ma"[39m(B[m);[?12l[?25h[?25l[1;99H[1;91H(B[0;7m        (B[m[52;42H(B[0;7m[ Wrote 54 lines ](B[m[41;33H[?12l[?25h[?25l[52d[J[54;100H[?12l[?25h[54;1H[?1049l[23;0;0t[?1l>slohoka1@remote02:~/i220b/submit/lab13/exercises/file-copy$ nano file-copy.c ./file-copy file-copy.c t[1P t[1P t[1P t[1P t[1P t[1P t[1P t[1P t[1P t[1P t[1P tM takefile t[C[C
slohoka1@remote02:~/i220b/submit/lab13/exercises/file-copy$ wc -l file-copy.c Makefile 
  54 file-copy.c
  10 Makefile
  64 total
slohoka1@remote02:~/i220b/submit/lab13/exercises/file-copy$ wc -l t
10 t
slohoka1@remote02:~/i220b/submit/lab13/exercises/file-copy$ wc -l tfile-copy.c Makefile [5P./file-copy Makefile t[5Pnano file-copy.c ./file-copy file-copy.c tmake[K./file-copy file-copy.c t[K[K[K[K[K[K[K[K[K[K[K[K[K[K[K[K[K[K[K[K[K[K[K[K[Kmake
gcc -g -Wall -std=c18    file-copy.c   -o file-copy
slohoka1@remote02:~/i220b/submit/lab13/exercises/file-copy$ makewc -l tfile-copy.c Makefile [5P./file-copy Makefile t[5Pnano file-copy.c ./file-copy file-copy.c t
slohoka1@remote02:~/i220b/submit/lab13/exercises/file-copy$ ./file-copy file-copy.c tmake[Kwc -l tfile-copy.c Makefile [5P./file-copy Makefile t
slohoka1@remote02:~/i220b/submit/lab13/exercises/file-copy$ ./file-copy Makefile t[3@file-copy.c[C[Cmake[Kwc -l t
74 t
slohoka1@remote02:~/i220b/submit/lab13/exercises/file-copy$  Extra 10 cuz Makefile was copied over t wice
bash: Extra: command not found
slohoka1@remote02:~/i220b/submit/lab13/exercises/file-copy$ cd ../no-buffer-copy/
slohoka1@remote02:~/i220b/submit/lab13/exercises/no-buffer-copy$ nano no-buffer-copy.c 
[?1049h[22;0;0t[1;54r(B[m[4l[?7h[39;49m[?1h=[?1h=[?1h=[?25l[39;49m(B[m[H[2J[52;43H(B[0;7m[ Reading File ](B[m[52;42H(B[0;7m[ Read 64 lines ](B[m[H(B[0;7m  GNU nano 3.2                              no-buffer-copy.c                                        [1;99H(B[m[53d(B[0;7m^G(B[m Get Help   (B[0;7m^O(B[m Write Out  (B[0;7m^W(B[m Where Is   (B[0;7m^K(B[m Cut Text   (B[0;7m^J(B[m Justify    (B[0;7m^C(B[m Cur Pos    (B[0;7mM-U(B[m Undo[54d(B[0;7m^X(B[m Exit[15G(B[0;7m^R(B[m Read File  (B[0;7m^\(B[m Replace    (B[0;7m^U(B[m Uncut Text (B[0;7m^T(B[m To Spell   (B[0;7m^_(B[m Go To Line (B[0;7mM-E(B[m Redo[52d[3d(B[0;1m[36m#include[39m(B[m (B[0;1m[33m<errno.h>[4d[36m#include[39m(B[m (B[0;1m[33m<stdbool.h>[5d[36m#include[39m(B[m (B[0;1m[33m<stdio.h>[6d[36m#include[39m(B[m (B[0;1m[33m<stdlib.h>[7d[36m#include[39m(B[m (B[0;1m[33m<string.h>[9d(B[0m[32mstatic[39m(B[m [32mvoid[10d[39m(B[mdoCopy([32mconst[39m(B[m [32mchar[39m(B[m *inName, (B[0;1m[31mFILE[39m(B[m *in, [32mconst[39m(B[m [32mchar[39m(B[m *outName, (B[0;1m[31mFILE[39m(B[m *out)[11d{[12d [32mint[39m(B[m c;[13;3H(B[0;1m[33mwhile[39m(B[m ((c = fgetc(in)) != (B[0;1m[31mEOF[39m(B[m) {[14;5H(B[0;1m[33mif[39m(B[m (fputc(c, out) == (B[0;1m[31mEOF[39m(B[m) {[15;7Hfprintf(stderr, (B[0;1m[33m"error writing to %s: %s\n"[39m(B[m, outName, strerror(errno));[16;7H[35mreturn[39m(B[m; (B[0;1m[34m//return rather than exit to ensure files closed[17;5H[39m(B[m}[18;3H}[19d}[21d(B[0;1m[34m/** Copy file specified by first argument to file specified by[22d *  second argument.  An optional additional argument is used[23d *  to specify whether the I/O should be buffered.[24d */[25d(B[0m[32mint[26d[39m(B[mmain([32mint[39m(B[m argc, [32mconst[39m(B[m [32mchar[39m(B[m *argv[])[27d{[28d (B[0;1m[33mif[39m(B[m (argc != 3 && argc != 4) {[29;5Hfprintf(stderr, (B[0;1m[33m"usage: %s SRC_NAME DEST_NAME [IS_BUFFERED]\n"[39m(B[m, argv[0]);[30;5Hexit(1);[31;3H}[32d[32mconst[39m(B[m [32mbool[39m(B[m isBuffered = argc == 4 && atoi(argv[3]) != 0;[33;3H[32mconst[39m(B[m [32mint[39m(B[m bufMode = (isBuffered) ? (B[0;1m[31m_IOFBF[39m(B[m : (B[0;1m[31m_IONBF[39m(B[m;[34;3H[32mconst[39m(B[m [32mchar[39m(B[m *srcName = argv[1];[35;3H[32mconst[39m(B[m [32mchar[39m(B[m *destName = argv[2];[36;3H(B[0;1m[31mFILE[39m(B[m *in = fopen(srcName, (B[0;1m[33m"r"[39m(B[m);[37;3H(B[0;1m[33mif[39m(B[m (!in) {[38;5Hfprintf(stderr, (B[0;1m[33m"cannot read %s: %s\n"[39m(B[m, srcName, strerror(errno));[39;5Hexit(1);[40;3H}[41d(B[0;1m[33mif[39m(B[m (setvbuf(in, (B[0;1m[31mNULL[39m(B[m, bufMode, 0) != 0) {[42;5Hfprintf(stderr, (B[0;1m[33m"cannot set %d buffering for  %s: %s\n"[39m(B[m, isBuffered,[43;13HsrcName, strerror(errno));[44;5Hexit(1);[45;3H}[46d(B[0;1m[31mFILE[39m(B[m *out = fopen(destName, (B[0;1m[33m"w"[39m(B[m);[47;3H(B[0;1m[33mif[39m(B[m (!out) {[48;5Hfprintf(stderr, (B[0;1m[33m"cannot write %s: %s\n"[39m(B[m, destName, strerror(errno));[49;5Hexit(1);[50;3H}[51d(B[0;1m[33mif[39m(B[m (setvbuf(out, (B[0;1m[31mNULL[39m(B[m, bufMode, 0) != 0) {[3d[?12l[?25h[?25l[4d[?12l[?25h[?25l[5d[?12l[?25h[?25l[6d[?12l[?25h[?25l[7d[?12l[?25h[?25l[8d[?12l[?25h[?25l[9d[?12l[?25h[?25l[10d[?12l[?25h[?25l[11d[?12l[?25h[?25l[12d[?12l[?25h[?25l[13d[?12l[?25h[?25l[14d[?12l[?25h[?25l[15d[?12l[?25h[?25l[16d[?12l[?25h[?25l[17d[?12l[?25h[?25l[18d[?12l[?25h[?25l[19d[?12l[?25h[?25l[20d[?12l[?25h[?25l[21d[?12l[?25h[?25l[22d[?12l[?25h[?25l[23d[?12l[?25h[?25l[24d[?12l[?25h[?25l[25d[?12l[?25h[?25l[26d[?12l[?25h[?25l[27d[?12l[?25h[?25l[28d[?12l[?25h[?25l[52d[K[29d[?12l[?25h[?25l[30d[?12l[?25h[?25l[31d[?12l[?25h[?25l[32d[?12l[?25h[?25l[33d[?12l[?25h[?25l[34d[?12l[?25h[?25l[35d[?12l[?25h[?25l[36d[?12l[?25h[?25l[37d[?12l[?25h[?25l[38d[?12l[?25h[?25l[39d[?12l[?25h[?25l[40d[?12l[?25h[?25l[41d[?12l[?25h[?25l[42d[?12l[?25h[?25l[43d[?12l[?25h[?25l[44d[?12l[?25h[?25l[45d[?12l[?25h[?25l[46d[?12l[?25h[?25l[47d[?12l[?25h[?25l[48d[?12l[?25h[?25l[49d[?12l[?25h[?25l[50d[?12l[?25h[?25l[51d[?12l[?25h[?25l7[2;52r8[52d[25S[1;54r[2;1H[K[27;5Hfprintf(stderr, (B[0;1m[33m"cannot set %d buffering for  %s: %s\n"[39m(B[m, isBuffered,[28;13HdestName, strerror(errno));[29;5Hexit(1);[30;3H}[31ddoCopy(srcName, in, destName, out);[32;3H(B[0;1m[33mif[39m(B[m (fclose(in) != 0) {[33;5Hfprintf(stderr, (B[0;1m[33m"cannot close %s: %s\n"[39m(B[m, srcName, strerror(errno));[34;5Hexit(1);[35;3H}[36d(B[0;1m[33mif[39m(B[m (fclose(out) != 0) {[37;5Hfprintf(stderr, (B[0;1m[33m"cannot close %s: %s\n"[39m(B[m, destName, strerror(errno));[38;5Hexit(1);[39;3H}[40d[35mreturn[39m(B[m 0;[41d}[27d[?12l[?25h[?25l[28d[?12l[?25h[?25l[29d[?12l[?25h[?25l[30d[?12l[?25h[?25l[31d[?12l[?25h[?25l[32d[?12l[?25h[?25l[33d[?12l[?25h[?25l[34d[?12l[?25h[?25l[35d[?12l[?25h[?25l[36d[?12l[?25h[?25l[37d[?12l[?25h[?25l[38d[?12l[?25h[?25l[39d[?12l[?25h[?25l[40d[?12l[?25h[?25l[41d[?12l[?25h[?25l[42d[?12l[?25h[?25l[?12l[?25h[?25l[?12l[?25h[?25l[A[?12l[?25h[?25l[A[?12l[?25h[?25l[A[?12l[?25h[?25l[A[?12l[?25h[?25l[A[?12l[?25h[?25l[A[?12l[?25h[?25l[A[?12l[?25h[?25l[A[?12l[?25h[?25l[A[?12l[?25h[?25l[A[?12l[?25h[?25l[A[?12l[?25h[?25l[A[?12l[?25h[?25l[A[?12l[?25h[?25l[A[?12l[?25h[?25l[A[?12l[?25h[?25l[A[?12l[?25h[?25l[A[?12l[?25h[?25l[A[?12l[?25h[?25l[A[?12l[?25h[?25l[A[?12l[?25h[?25l[A[?12l[?25h[?25l[A[?12l[?25h[?25l[A[?12l[?25h[?25l[A[?12l[?25h[?25l[A[?12l[?25h[?25l[A[?12l[?25h[?25l[A[?12l[?25h[?25l[A[?12l[?25h[?25l[A[?12l[?25h[?25l[A[?12l[?25h[?25l[A[?12l[?25h[?25l[A[?12l[?25h[?25l[A[?12l[?25h[?25l[A[?12l[?25h[?25l[A[?12l[?25h[?25l[A[?12l[?25h[?25l[A[?12l[?25h[?25l[A[?12l[?25h[?25l[53d[J[54;100H[?12l[?25h[54;1H[?1049l[23;0;0t[?1l>slohoka1@remote02:~/i220b/submit/lab13/exercises/no-buffer-copy$ timr[K[K[K[Kmake
gcc -g -Wall -std=c18    no-buffer-copy.c   -o no-buffer-copy
slohoka1@remote02:~/i220b/submit/lab13/exercises/no-buffer-copy$ time ./no-buffer-copy `which gcc` / dev/null 1

real	0m0.009s
user	0m0.004s
sys	0m0.001s
slohoka1@remote02:~/i220b/submit/lab13/exercises/no-buffer-copy$ time ./no-buffer-copy `which gcc` /dev/null 1[C[K0

real	0m0.008s
user	0m0.004s
sys	0m0.001s
slohoka1@remote02:~/i220b/submit/lab13/exercises/no-buffer-copy$ cd ../rec-io/
slohoka1@remote02:~/i220b/submit/lab13/exercises/rec-io$ make gen-rand-points
gcc -g -Wall -std=c18   -c -o gen-rand-points.o gen-rand-points.c
gcc   gen-rand-points.o  -lm -o gen-rand-points
slohoka1@remote02:~/i220b/submit/lab13/exercises/rec-io$ ./gen-rand-points 100 points.dat
average magnitude = 752.156
slohoka1@remote02:~/i220b/submit/lab13/exercises/rec-io$ nano points.dat 
[?1049h[22;0;0t[1;54r(B[m[4l[?7h[39;49m[?1h=[?1h=[?1h=[?25l[39;49m(B[m[H[2J[52;43H(B[0;7m[ Reading File ](B[m[52;49H(B[0;7m 1 line ](B[m[K[H(B[0;7m  GNU nano 3.2                                 points.dat                                           [1;99H(B[m[53d(B[0;7m^G(B[m Get Help   (B[0;7m^O(B[m Write Out  (B[0;7m^W(B[m Where Is   (B[0;7m^K(B[m Cut Text   (B[0;7m^J(B[m Justify    (B[0;7m^C(B[m Cur Pos    (B[0;7mM-U(B[m Undo[54d(B[0;7m^X(B[m Exit[15G(B[0;7m^R(B[m Read File  (B[0;7m^\(B[m Replace    (B[0;7m^U(B[m Uncut Text (B[0;7m^T(B[m To Spell   (B[0;7m^_(B[m Go To Line (B[0;7mM-E(B[m Redo[52d[3d[39;49m(B[m^?^A^@^@v^C^@^@ ^C^@^@ÔøΩ^C^@^@^Y^C^@^@O^A^@^@ÔøΩ^A^@^@ÔøΩ^A^@^@ÔøΩ^B^@^@ÔøΩ^A^@^@j^A^@^@^[^@^@^@ÔøΩ^B^@^@;^@^@$[3;1H[?12l[?25h[?25l[52d[J[54;100H[?12l[?25h[54;1H[?1049l[23;0;0t[?1l>slohoka1@remote02:~/i220b/submit/lab13/exercises/rec-io$ make stat-points
gcc -g -Wall -std=c18   -c -o stat-points.o stat-points.c
gcc -g -Wall -std=c18   -c -o dyn-array.o dyn-array.c
gcc   stat-points.o dyn-array.o  -lm -o stat-points
slohoka1@remote02:~/i220b/submit/lab13/exercises/rec-io$ ./stat-points points.dat 
min = 43.4166
average = 752.156
median = 773.59
max = 1306.49
slohoka1@remote02:~/i220b/submit/lab13/exercises/rec-io$ ls
dyn-array.c  dyn-array.o      gen-rand-points.c  Makefile  points.dat	stat-points.c
dyn-array.h  gen-rand-points  gen-rand-points.o  point2.h  stat-points	stat-points.o
slohoka1@remote02:~/i220b/submit/lab13/exercises/rec-io$ nano gen-rand-points.c
[?1049h[22;0;0t[1;54r(B[m[4l[?7h[39;49m[?1h=[?1h=[?1h=[?25l[39;49m(B[m[H[2J[52;43H(B[0;7m[ Reading File ](B[m[52;42H(B[0;7m[ Read 54 lines ](B[m[H(B[0;7m  GNU nano 3.2                             gen-rand-points.c                                        [1;99H(B[m[53d(B[0;7m^G(B[m Get Help   (B[0;7m^O(B[m Write Out  (B[0;7m^W(B[m Where Is   (B[0;7m^K(B[m Cut Text   (B[0;7m^J(B[m Justify    (B[0;7m^C(B[m Cur Pos    (B[0;7mM-U(B[m Undo[54d(B[0;7m^X(B[m Exit[15G(B[0;7m^R(B[m Read File  (B[0;7m^\(B[m Replace    (B[0;7m^U(B[m Uncut Text (B[0;7m^T(B[m To Spell   (B[0;7m^_(B[m Go To Line (B[0;7mM-E(B[m Redo[52d[3d(B[0;1m[36m#include[39m(B[m (B[0;1m[33m<errno.h>[4d[36m#include[39m(B[m (B[0;1m[33m<math.h>[5d[36m#include[39m(B[m (B[0;1m[33m<stdlib.h>[6d[36m#include[39m(B[m (B[0;1m[33m<stdio.h>[7d[36m#include[39m(B[m (B[0;1m[33m<string.h>[9d[36m#include[39m(B[m (B[0;1m[33m"point2.h"[11d(B[0m[32mstatic[39m(B[m [32mvoid[39m(B[m [36m__attribute__((noreturn))[12d[39m(B[musage([32mconst[39m(B[m [32mchar[39m(B[m *progName)[13d{[14d fprintf(stderr, (B[0;1m[33m"usage: %s N_POINTS OUT_FILE\n"[39m(B[m, progName);[15;3Hexit(1);[16d}[18d[32mstatic[39m(B[m [32mint[19d[39m(B[mrandCoord([32mvoid[39m(B[m)[20d{[21d [32menum[39m(B[m { (B[0;1m[31mMAX[39m(B[m = 1000 }; (B[0;1m[34m//exclusive[22;3H//statistically unsound; see[23;3H//<https://stackoverflow.com/questions/4195958/how-do-i-scale-down-numbers-from-rand>[24;3H(B[0m[35mreturn[39m(B[m rand() % (B[0;1m[31mMAX[39m(B[m;[25d}[27d[32mint[28d[39m(B[mmain([32mint[39m(B[m argc, [32mconst[39m(B[m [32mchar[39m(B[m *argv[])[29d{[30d (B[0;1m[33mif[39m(B[m (argc != 3) usage(argv[0]);[31;3H[32mint[39m(B[m nPoints = atoi(argv[1]);[32;3H(B[0;1m[33mif[39m(B[m (nPoints <= 0) usage(argv[0]);[33;3H[32mconst[39m(B[m [32mchar[39m(B[m *outName = argv[2];[34;3H(B[0;1m[31mFILE[39m(B[m *out = fopen(outName, (B[0;1m[33m"w"[39m(B[m);[35;3H(B[0;1m[33mif[39m(B[m (!out) {[36;5Hfprintf(stderr, (B[0;1m[33m"cannot write %s: %s\n"[39m(B[m, outName, strerror(errno));[37;5Hexit(1);[38;3H}[39d[32mdouble[39m(B[m sum = 0.0;[40;3H(B[0;1m[33mfor[39m(B[m ([32mint[39m(B[m i = 0; i < nPoints; i++) {[41;5HPoint2 point2 = { .x = randCoord(), .y = randCoord(), };[42;5H(B[0;1m[33mif[39m(B[m (fwrite(&point2, [32msizeof[39m(B[m(Point2), 1, out) != 1) {[43;7Hfprintf(stderr, (B[0;1m[33m"cannot write Point2(%d, %d) to %s: %s\n"[39m(B[m,[44;15Hpoint2.x, point2.y, outName, strerror(errno));[45;7Hexit(1);[46;5H}[47d[32mdouble[39m(B[m mag = magnitudePoint2(&point2);[48;5Hsum += mag;[49;3H}[50dfprintf(stderr, (B[0;1m[33m"average magnitude = %g\n"[39m(B[m, sum/nPoints);[51;3H(B[0;1m[33mif[39m(B[m (fclose(out) != 0) {[3d[?12l[?25h[?25l[4d[?12l[?25h[?25l[5d[?12l[?25h[?25l[6d[?12l[?25h[?25l[7d[?12l[?25h[?25l[8d[?12l[?25h[?25l[9d[?12l[?25h[?25l[10d[?12l[?25h[?25l[11d[?12l[?25h[?25l[12d[?12l[?25h[?25l[13d[?12l[?25h[?25l[14d[?12l[?25h[?25l[15d[?12l[?25h[?25l[16d[?12l[?25h[?25l[17d[?12l[?25h[?25l[18d[?12l[?25h[?25l[19d[?12l[?25h[?25l[20d[?12l[?25h[?25l[21d[?12l[?25h[?25l[22d[?12l[?25h[?25l[23d[?12l[?25h[?25l[24d[?12l[?25h[?25l[25d[?12l[?25h[?25l[26d[?12l[?25h[?25l[27d[?12l[?25h[?25l[28d[?12l[?25h[?25l[52d[K[29d[?12l[?25h[?25l[30d[?12l[?25h[?25l[31d[?12l[?25h[?25l[32d[?12l[?25h[?25l[33d[?12l[?25h[?25l[34d[?12l[?25h[?25l [?12l[?25h[?25l [?12l[?25h[?25l[C[?12l[?25h[?25l[C[?12l[?25h[?25l[C[?12l[?25h[?25l[C[?12l[?25h[?25l [?12l[?25h[?25l*[?12l[?25h[?25lo[?12l[?25h[?25lu[?12l[?25h[?25lt[?12l[?25h[?25l [?12l[?25h[?25l=[?12l[?25h[?25l [?12l[?25h[?25lf[?12l[?25h[?25lo[?12l[?25h[?25lp[?12l[?25h[?25le[?12l[?25h[?25ln[?12l[?25h[?25l([?12l[?25h[?25lo[?12l[?25h[?25lu[?12l[?25h[?25lt[?12l[?25h[?25lN[?12l[?25h[?25la[?12l[?25h[?25lm[?12l[?25h[?25le[?12l[?25h[?25l,[?12l[?25h[?25l [?12l[?25h[?25l[C[?12l[?25h[?25l[C[?12l[?25h[?25l[1;91H(B[0;7mModified(B[m[34;31H(B[0;1m[33m"[39m(B[m);[K[?12l[?25h[?25l(B[0;1m[33mb"[39m(B[m);[?12l[?25h[?25l[35;14H[?12l[?25h[?25l[36;32H[?12l[?25h[?25l[37;13H[?12l[?25h[?25l[38;4H[?12l[?25h[?25l[39;20H[?12l[?25h[?25l[40;32H[?12l[?25h[?25l[41d[?12l[?25h[?25l[42d[?12l[?25h[?25l[43d[?12l[?25h[?25l[44d[?12l[?25h[?25l[45;15H[?12l[?25h[?25l[46;6H[?12l[?25h[?25l[47;32H[?12l[?25h[?25l[48;16H[?12l[?25h[?25l[49;4H[?12l[?25h[?25l[50;32H[?12l[?25h[?25l[51;26H[?12l[?25h[?25l7[2;52r8[52d[25S[1;54r[2;1H[K[27;5Hfprintf(stderr, (B[0;1m[33m"cannot close %s: %s\n"[39m(B[m, outName, strerror(errno));[28;5Hexit(1);[29;3H}[30d[35mreturn[39m(B[m 0;[31d}[27;32H[?12l[?25h[?25l[28;13H[?12l[?25h[?25l[29;4H[?12l[?25h[?25l[30;12H[?12l[?25h[?25l[31d}[?12l[?25h[?25l[32d[?12l[?25h[?25l[?12l[?25h[?25l[?12l[?25h[?25l[?12l[?25h[?25l[?12l[?25h[?25l[?12l[?25h[?25l[?12l[?25h[?25l[?12l[?25h[?25l[?12l[?25h[?25l[?12l[?25h[?25l[1;99H[1;91H(B[0;7m        (B[m[52;42H(B[0;7m[ Wrote 54 lines ](B[m[32d[?12l[?25h[?25l[52d[J[54;100H[?12l[?25h[54;1H[?1049l[23;0;0t[?1l>slohoka1@remote02:~/i220b/submit/lab13/exercises/rec-io$ nano stat-points.c
[?1049h[22;0;0t[1;54r(B[m[4l[?7h[39;49m[?1h=[?1h=[?1h=[?25l[39;49m(B[m[H[2J[52;43H(B[0;7m[ Reading File ](B[m[52;42H(B[0;7m[ Read 76 lines ](B[m[H(B[0;7m  GNU nano 3.2                               stat-points.c                                          [1;99H(B[m[53d(B[0;7m^G(B[m Get Help   (B[0;7m^O(B[m Write Out  (B[0;7m^W(B[m Where Is   (B[0;7m^K(B[m Cut Text   (B[0;7m^J(B[m Justify    (B[0;7m^C(B[m Cur Pos    (B[0;7mM-U(B[m Undo[54d(B[0;7m^X(B[m Exit[15G(B[0;7m^R(B[m Read File  (B[0;7m^\(B[m Replace    (B[0;7m^U(B[m Uncut Text (B[0;7m^T(B[m To Spell   (B[0;7m^_(B[m Go To Line (B[0;7mM-E(B[m Redo[52d[3d(B[0;1m[36m#include[39m(B[m (B[0;1m[33m<assert.h>[4d[36m#include[39m(B[m (B[0;1m[33m<errno.h>[5d[36m#include[39m(B[m (B[0;1m[33m<math.h>[6d[36m#include[39m(B[m (B[0;1m[33m<stdlib.h>[7d[36m#include[39m(B[m (B[0;1m[33m<stdio.h>[8d[36m#include[39m(B[m (B[0;1m[33m<string.h>[10d[36m#include[39m(B[m (B[0;1m[33m"dyn-array.h"[11d[36m#include[39m(B[m (B[0;1m[33m"point2.h"[13d(B[0m[32mstatic[39m(B[m [32mvoid[14d[39m(B[mreadPoints([32mconst[39m(B[m [32mchar[39m(B[m *inName, DynArray *points)[15d{[16d (B[0;1m[31mFILE[39m(B[m *in = fopen(inName, (B[0;1m[33m"r"[39m(B[m);[17;3H(B[0;1m[33mif[39m(B[m (!in) {[18;5Hfprintf(stderr, (B[0;1m[33m"cannot read %s: %s\n"[39m(B[m, inName, strerror(errno));[19;5Hexit(1);[20;3H}[21dPoint2 point2;[22;3H(B[0;1m[33mwhile[39m(B[m (fread(&point2, [32msizeof[39m(B[m(Point2), 1, in) == 1) {[23;5HaddElementDynArray(points, &point2);[24;3H}[25d(B[0;1m[33mif[39m(B[m (fclose(in) != 0) {[26;5Hfprintf(stderr, (B[0;1m[33m"cannot close %s: %s\n"[39m(B[m, inName, strerror(errno));[27;5Hexit(1);[28;3H}[29d}[31d[32mstatic[39m(B[m [32mint[32d[39m(B[mcomparePoint2([32mconst[39m(B[m [32mvoid[39m(B[m *p1, [32mconst[39m(B[m [32mvoid[39m(B[m *p2)[33d{[34d [35mreturn[39m(B[m magnitudePoint2(p1) - magnitudePoint2(p2);[35d}[37d[32mstatic[39m(B[m [32mdouble[38d[39m(B[maveragePoints([32mconst[39m(B[m DynArray *points)[39d{[40d [32mconst[39m(B[m [32mint[39m(B[m n = nElementsDynArray(points);[41;3Hassert(n > 0);[42;3H[32mdouble[39m(B[m sum = 0;[43;3H(B[0;1m[33mfor[39m(B[m ([32mint[39m(B[m i = 0; i < n; i++) {[44;5H[32mconst[39m(B[m Point2 *p = getElementDynArray(points, i);[45;5H[32mdouble[39m(B[m mag = magnitudePoint2(p);[46;5Hsum += mag;[47;3H}[48d[35mreturn[39m(B[m sum/n;[49d}[51d[32mstatic[39m(B[m [32mvoid[3d[39m(B[m[?12l[?25h[?25l[4d[?12l[?25h[?25l[5d[?12l[?25h[?25l[6d[?12l[?25h[?25l[7d[?12l[?25h[?25l[8d[?12l[?25h[?25l[9d[?12l[?25h[?25l[10d[?12l[?25h[?25l[11d[?12l[?25h[?25l[12d[?12l[?25h[?25l[13d[?12l[?25h[?25l[14d[?12l[?25h[?25l[15d[?12l[?25h[?25l{[?12l[?25h[?25l[16d[?12l[?25h[?25l [?12l[?25h[?25l [?12l[?25h[?25l[C[?12l[?25h[?25l[C[?12l[?25h[?25l[C[?12l[?25h[?25l[C[?12l[?25h[?25l [?12l[?25h[?25l*[?12l[?25h[?25li[?12l[?25h[?25ln[?12l[?25h[?25l [?12l[?25h[?25l[52d[K[16;13H[?12l[?25h[?25l [?12l[?25h[?25lf[?12l[?25h[?25lo[?12l[?25h[?25lp[?12l[?25h[?25le[?12l[?25h[?25ln[?12l[?25h[?25l([?12l[?25h[?25li[?12l[?25h[?25ln[?12l[?25h[?25lN[?12l[?25h[?25la[?12l[?25h[?25lm[?12l[?25h[?25le[?12l[?25h[?25l,[?12l[?25h[?25l [?12l[?25h[?25l[C[?12l[?25h[?25l[C[?12l[?25h[?25l[C[?12l[?25h[?25l[?12l[?25h[?25l[1;91H(B[0;7mModified(B[m[16;29H(B[0;1m[33m"[39m(B[m);[K[?12l[?25h[?25l(B[0;1m[33mb"[39m(B[m);[?12l[?25h[?25l[1;99H[1;91H(B[0;7m        (B[m[52;42H(B[0;7m[ Wrote 76 lines ](B[m[16;30H[?12l[?25h[?25l[52d[J[54;100H[?12l[?25h[54;1H[?1049l[23;0;0t[?1l>slohoka1@remote02:~/i220b/submit/lab13/exercises/rec-io$ nano stat-points.cgen-rand-points.cls[Knano gen-rand-points.c[4Pstat-points.c
[?1049h[22;0;0t[1;54r(B[m[4l[?7h[39;49m[?1h=[?1h=[?1h=[?25l[39;49m(B[m[H[2J[52;43H(B[0;7m[ Reading File ](B[m[52;42H(B[0;7m[ Read 76 lines ](B[m[H(B[0;7m  GNU nano 3.2                               stat-points.c                                          [1;99H(B[m[53d(B[0;7m^G(B[m Get Help   (B[0;7m^O(B[m Write Out  (B[0;7m^W(B[m Where Is   (B[0;7m^K(B[m Cut Text   (B[0;7m^J(B[m Justify    (B[0;7m^C(B[m Cur Pos    (B[0;7mM-U(B[m Undo[54d(B[0;7m^X(B[m Exit[15G(B[0;7m^R(B[m Read File  (B[0;7m^\(B[m Replace    (B[0;7m^U(B[m Uncut Text (B[0;7m^T(B[m To Spell   (B[0;7m^_(B[m Go To Line (B[0;7mM-E(B[m Redo[52d[3d(B[0;1m[36m#include[39m(B[m (B[0;1m[33m<assert.h>[4d[36m#include[39m(B[m (B[0;1m[33m<errno.h>[5d[36m#include[39m(B[m (B[0;1m[33m<math.h>[6d[36m#include[39m(B[m (B[0;1m[33m<stdlib.h>[7d[36m#include[39m(B[m (B[0;1m[33m<stdio.h>[8d[36m#include[39m(B[m (B[0;1m[33m<string.h>[10d[36m#include[39m(B[m (B[0;1m[33m"dyn-array.h"[11d[36m#include[39m(B[m (B[0;1m[33m"point2.h"[13d(B[0m[32mstatic[39m(B[m [32mvoid[14d[39m(B[mreadPoints([32mconst[39m(B[m [32mchar[39m(B[m *inName, DynArray *points)[15d{[16d (B[0;1m[31mFILE[39m(B[m *in = fopen(inName, (B[0;1m[33m"b"[39m(B[m);[17;3H(B[0;1m[33mif[39m(B[m (!in) {[18;5Hfprintf(stderr, (B[0;1m[33m"cannot read %s: %s\n"[39m(B[m, inName, strerror(errno));[19;5Hexit(1);[20;3H}[21dPoint2 point2;[22;3H(B[0;1m[33mwhile[39m(B[m (fread(&point2, [32msizeof[39m(B[m(Point2), 1, in) == 1) {[23;5HaddElementDynArray(points, &point2);[24;3H}[25d(B[0;1m[33mif[39m(B[m (fclose(in) != 0) {[26;5Hfprintf(stderr, (B[0;1m[33m"cannot close %s: %s\n"[39m(B[m, inName, strerror(errno));[27;5Hexit(1);[28;3H}[29d}[31d[32mstatic[39m(B[m [32mint[32d[39m(B[mcomparePoint2([32mconst[39m(B[m [32mvoid[39m(B[m *p1, [32mconst[39m(B[m [32mvoid[39m(B[m *p2)[33d{[34d [35mreturn[39m(B[m magnitudePoint2(p1) - magnitudePoint2(p2);[35d}[37d[32mstatic[39m(B[m [32mdouble[38d[39m(B[maveragePoints([32mconst[39m(B[m DynArray *points)[39d{[40d [32mconst[39m(B[m [32mint[39m(B[m n = nElementsDynArray(points);[41;3Hassert(n > 0);[42;3H[32mdouble[39m(B[m sum = 0;[43;3H(B[0;1m[33mfor[39m(B[m ([32mint[39m(B[m i = 0; i < n; i++) {[44;5H[32mconst[39m(B[m Point2 *p = getElementDynArray(points, i);[45;5H[32mdouble[39m(B[m mag = magnitudePoint2(p);[46;5Hsum += mag;[47;3H}[48d[35mreturn[39m(B[m sum/n;[49d}[51d[32mstatic[39m(B[m [32mvoid[3d[39m(B[m[?12l[?25h[?25l[4d[?12l[?25h[?25l[5d[?12l[?25h[?25l[6d[?12l[?25h[?25l[7d[?12l[?25h[?25l[8d[?12l[?25h[?25l[9d[?12l[?25h[?25l[10d[?12l[?25h[?25l[11d[?12l[?25h[?25l[12d[?12l[?25h[?25l[13d[?12l[?25h[?25l[14d[?12l[?25h[?25l[15d[?12l[?25h[?25l[16d[?12l[?25h[?25l[17d[?12l[?25h[?25l[18d[?12l[?25h[?25l[19d[?12l[?25h[?25l[20d[?12l[?25h[?25l[21d[?12l[?25h[?25l[22d[?12l[?25h[?25l[23d[?12l[?25h[?25l[24d[?12l[?25h[?25l[25d[?12l[?25h[?25l[26d[?12l[?25h[?25l[27d[?12l[?25h[?25l[28d[?12l[?25h[?25l[52d[K[29d[?12l[?25h[?25l[30d[?12l[?25h[?25l[31d[?12l[?25h[?25l[32d[?12l[?25h[?25l[33d[?12l[?25h[?25l[34d[?12l[?25h[?25l[35d[?12l[?25h[?25l[36d[?12l[?25h[?25l[37d[?12l[?25h[?25l[38d[?12l[?25h[?25l[39d[?12l[?25h[?25l[40d[?12l[?25h[?25l[41d[?12l[?25h[?25l[42d[?12l[?25h[?25l[43d[?12l[?25h[?25l[44d[?12l[?25h[?25l[45d[?12l[?25h[?25l[46d[?12l[?25h[?25l[47d[?12l[?25h[?25l[48d[?12l[?25h[?25l[49d[?12l[?25h[?25l[50d[?12l[?25h[?25l[51d[?12l[?25h[?25l7[3;52r8[52d[25S[1;54r[27;1HstatPoints(DynArray *points, (B[0;1m[31mFILE[39m(B[m *out)[28d{[29d sortDynArray(points, comparePoint2);[30;3H[32mconst[39m(B[m [32mint[39m(B[m n = nElementsDynArray(points);[31;3H(B[0;1m[33mif[39m(B[m (n > 0) {[32;5H[32mdouble[39m(B[m min = magnitudePoint2(getElementDynArray(points, 0));[33;5H[32mdouble[39m(B[m max = magnitudePoint2(getElementDynArray(points, n - 1));[34;5H[32mdouble[39m(B[m average = averagePoints(points);[35;5H[32mdouble[39m(B[m median = magnitudePoint2(getElementDynArray(points, n/2));[36;5Hfprintf(out, (B[0;1m[33m"min = %g\naverage = %g\nmedian = %g\nmax = %g\n"[39m(B[m,[37;13Hmin, average, median, max);[38;3H}[39d}[41d[32mint[42d[39m(B[mmain([32mint[39m(B[m argc, [32mconst[39m(B[m [32mchar[39m(B[m *argv[])[43d{[44d (B[0;1m[33mif[39m(B[m (argc != 2) {[45;5Hfprintf(stderr, (B[0;1m[33m"usage: %s BINARY_POINTS_FILE\n"[39m(B[m, argv[0]);[46;5Hexit(1);[47;3H}[48dDynArray *points = newDynArray([32msizeof[39m(B[m(Point2));[49;3HreadPoints(argv[1], points);[50;3HstatPoints(points, stdout);[51;3HfreeDynArray(points);[27d[?12l[?25h[?25l[28d[?12l[?25h[?25l[29d[?12l[?25h[?25l[30d[?12l[?25h[?25l[31d[?12l[?25h[?25l[32d[?12l[?25h[?25l[33d[?12l[?25h[?25l[34d[?12l[?25h[?25l[35d[?12l[?25h[?25l[36d[?12l[?25h[?25l[37d[?12l[?25h[?25l[38d[?12l[?25h[?25l[39d[?12l[?25h[?25l[40d[?12l[?25h[?25l[41d[?12l[?25h[?25l[42d[?12l[?25h[?25l[43d[?12l[?25h[?25l[44d[?12l[?25h[?25l[45d[?12l[?25h[?25l[46d[?12l[?25h[?25l[47d[?12l[?25h[?25l[48d[?12l[?25h[?25l[49d[?12l[?25h[?25l[50d[?12l[?25h[?25l[51d[?12l[?25h[?25l7[3;52r8[52d[25S[1;54r[27;3H[35mreturn[39m(B[m 0;[28d}[A[?12l[?25h[?25l[A[?12l[?25h[?25l[A[?12l[?25h[?25l[A[?12l[?25h[?25l[A[?12l[?25h[?25l[A[?12l[?25h[?25l[A[?12l[?25h[?25l[A[?12l[?25h[?25l[A[?12l[?25h[?25l [?12l[?25h[?25l [?12l[?25h[?25l[C[?12l[?25h[?25l[C[?12l[?25h[?25l [?12l[?25h[?25l([?12l[?25h[?25la[?12l[?25h[?25lr[?12l[?25h[?25lg[?12l[?25h[?25lc[?12l[?25h[?25l [?12l[?25h[?25l![?12l[?25h[?25l=[?12l[?25h[?25l [?12l[?25h[?25l2[?12l[?25h[?25l)[?12l[?25h[?25l[?12l[?25h[?25l[?12l[?25h[?25l[?12l[?25h[?25l[?12l[?25h[?25l=[?12l[?25h[?25l[1;91H(B[0;7mModified(B[m[19;13H 2) {[K[13G[?12l[?25h[?25l 2) {[K[12G[?12l[?25h[?25l< 2) {[13G[?12l[?25h[?25l [?12l[?25h[?25l2[?12l[?25h[?25l[?12l[?25h[?25l[?12l[?25h[?25l 2) {[K[12G[?12l[?25h[?25l! 2) {[13G[?12l[?25h[?25l= 2) {[14G[?12l[?25h[?25l [?12l[?25h[?25l2[?12l[?25h[?25l ) {[?12l[?25h[?25l|) {[?12l[?25h[?25l||) {[?12l[?25h[?25l ) {[?12l[?25h[?25la) {[?12l[?25h[?25lr) {[?12l[?25h[?25lg) {[?12l[?25h[?25lc) {[?12l[?25h[?25l ) {[?12l[?25h[?25l!) {[?12l[?25h[?25l=) {[?12l[?25h[?25l ) {[?12l[?25h[?25l3) {[?12l[?25h[?25l[1;99H[1;91H(B[0;7m        (B[m[52;42H(B[0;7m[ Wrote 76 lines ](B[m[19;29H[?12l[?25h[?25l[?12l[?25h[?25l[?12l[?25h[?25l[?12l[?25h[?25l[?12l[?25h[?25l[?12l[?25h[?25l[?12l[?25h[?25l[?12l[?25h[?25l[?12l[?25h[?25l[?12l[?25h[?25l[?12l[?25h[?25l[?12l[?25h[?25l[?12l[?25h[?25l[?12l[?25h[?25l[?12l[?25h[?25l[?12l[?25h[?25l[1;91H(B[0;7mModified(B[m[19;13H[1P[?12l[?25h[?25l[1P[?12l[?25h[?25l< 2 || argc != 3) {[19;13H[?12l[?25h[?25l [?12l[?25h[?25l2[?12l[?25h[?25l [?12l[?25h[?25l|[?12l[?25h[?25l|[?12l[?25h[?25l [?12l[?25h[?25la[?12l[?25h[?25l[52d[K[19;21H[?12l[?25h[?25lg[?12l[?25h[?25lc[?12l[?25h[?25l [?12l[?25h[?25l![?12l[?25h[?25l=[?12l[?25h[?25l 3) {[K[25G[?12l[?25h[?25l 3) {[K[24G[?12l[?25h[?25l> 3) {[25G[?12l[?25h[?25l[?12l[?25h[?25l[?12l[?25h[?25l[?12l[?25h[?25l[?12l[?25h[?25l[?12l[?25h[?25l[?12l[?25h[?25l[?12l[?25h[?25l[1P|[?12l[?25h[?25l[1P[?12l[?25h[?25l| argc > 3) {[19;17H[?12l[?25h[?25l|| argc > 3) {[19;18H[?12l[?25h[?25l[1;99H[1;91H(B[0;7m        (B[m[52;42H(B[0;7m[ Wrote 76 lines ](B[m[19;18H[?12l[?25h[?25l[20d[?12l[?25h[?25lr[?12l[?25h[?25l,[?12l[?25h[?25l [?12l[?25h[?25l[C[?12l[?25h[?25l[C[?12l[?25h[?25l[C[?12l[?25h[?25l[C[?12l[?25h[?25l[C[?12l[?25h[?25l[C[?12l[?25h[?25l[C[?12l[?25h[?25l[C[?12l[?25h[?25l[C[?12l[?25h[?25l[C[?12l[?25h[?25l[C[?12l[?25h[?25l[C[?12l[?25h[?25l[C[?12l[?25h[?25l[C[?12l[?25h[?25l[C[?12l[?25h[?25l[C[?12l[?25h[?25l[C[?12l[?25h[?25l[C[?12l[?25h[?25l[C[?12l[?25h[?25l[C[?12l[?25h[?25l[C[?12l[?25h[?25l[52d[K[20;43H[?12l[?25h[?25l[C[?12l[?25h[?25l[C[?12l[?25h[?25l[C[?12l[?25h[?25l[C[?12l[?25h[?25l[C[?12l[?25h[?25l[C[?12l[?25h[?25l[C[?12l[?25h[?25l[1;91H(B[0;7mModified(B[m[20;50H(B[0;1m[33m \n"[39m(B[m, argv[0]);[20;51H[?12l[?25h[?25l(B[0;1m[33m[\n"[39m(B[m, argv[0]);[20;52H[?12l[?25h[?25l(B[0;1m[33mO\n"[39m(B[m, argv[0]);[20;53H[?12l[?25h[?25l(B[0;1m[33mU\n"[39m(B[m, argv[0]);[20;54H[?12l[?25h[?25l(B[0;1m[33mT\n"[39m(B[m, argv[0]);[20;55H[?12l[?25h[?25l(B[0;1m[33mP\n"[39m(B[m, argv[0]);[20;56H[?12l[?25h[?25l(B[0;1m[33mU\n"[39m(B[m, argv[0]);[20;57H[?12l[?25h[?25l(B[0;1m[33mT\n"[39m(B[m, argv[0]);[20;58H[?12l[?25h[?25l(B[0;1m[33m_\n"[39m(B[m, argv[0]);[20;59H[?12l[?25h[?25l(B[0;1m[33mF\n"[39m(B[m, argv[0]);[20;60H[?12l[?25h[?25l(B[0;1m[33mI\n"[39m(B[m, argv[0]);[20;61H[?12l[?25h[?25l(B[0;1m[33mL\n"[39m(B[m, argv[0]);[20;62H[?12l[?25h[?25l(B[0;1m[33mE\n"[39m(B[m, argv[0]);[20;63H[?12l[?25h[?25l(B[0;1m[33m]\n"[39m(B[m, argv[0]);[20;64H[?12l[?25h[?25l[21;13H[?12l[?25h[?25l[22;4H[?12l[?25h[?25l[23;50H[?12l[?25h[?25l[A  }[?12l[?25h[?25l[23;50H[?12l[?25h[?25l[24;31H[?12l[?25h[?25l[25d[?12l[?25h[?25l[A;[?12l[?25h[?25l7[25;52r8[25dM[1;54r[25;1H[42m  [49m(B[m[?12l[?25h[?25l  F[?12l[?25h[?25l(B[0;1m[31mFI[39m(B[m[?12l[?25h[?25l(B[0;1m[31mL[39m(B[m[?12l[?25h[?25l(B[0;1m[31mE[39m(B[m[?12l[?25h[?25l[42m [49m(B[m[?12l[?25h[?25l *[?12l[?25h[?25lo[?12l[?25h[?25lu[?12l[?25h[?25lt[?12l[?25h[?25l[42m [49m(B[m[?12l[?25h[?25l =[?12l[?25h[?25l[42m [49m(B[m[?12l[?25h[?25l s[?12l[?25h[?25lt[?12l[?25h[?25ld[?12l[?25h[?25lo[?12l[?25h[?25lu[?12l[?25h[?25lt[?12l[?25h[?25l;[?12l[?25h[?25l7[26;52r8[26dM[1;54r[26;1H[42m  [49m(B[m[?12l[?25h[?25l  i[?12l[?25h[?25l(B[0;1m[33mif[39m(B[m[?12l[?25h[?25l[42m [49m(B[m[?12l[?25h[?25l ([?12l[?25h[?25la[?12l[?25h[?25lr[?12l[?25h[?25lg[?12l[?25h[?25lc[?12l[?25h[?25l[42m [49m(B[m[?12l[?25h[?25l =[?12l[?25h[?25l=[?12l[?25h[?25l[42m [49m(B[m[?12l[?25h[?25l 3[?12l[?25h[?25l)[?12l[?25h[?25l[A[?12l[?25h[?25l[A[?12l[?25h[?25l[A[?12l[?25h[?25l[A  }[?12l[?25h[?25l[21;13H[?12l[?25h[?25l[Astde[?12l[?25h[?25l[A[?12l[?25h[?25l[?12l[?25h[?25l[?12l[?25h[?25l[?12l[?25h[?25l[?12l[?25h[?25l[1P[?12l[?25h[?25l! 2 || argc > 3) {[19;13H[?12l[?25h[?25l= 2 || argc > 3) {[19;14H[?12l[?25h[?25l [?12l[?25h[?25l2[?12l[?25h[?25l [?12l[?25h[?25l|[?12l[?25h[?25l|[?12l[?25h[?25l [?12l[?25h[?25la[?12l[?25h[?25lr[?12l[?25h[?25lg[?12l[?25h[?25lc[?12l[?25h[?25l [?12l[?25h[?25l>[?12l[?25h[?25l[?12l[?25h[?25l[?12l[?25h[?25l[?12l[?25h[?25l[?12l[?25h[?25l[?12l[?25h[?25l[?12l[?25h[?25l[?12l[?25h[?25l[1P|[?12l[?25h[?25l[1P[?12l[?25h[?25l& argc > 3) {[19;18H[?12l[?25h[?25l&& argc > 3) {[19;19H[?12l[?25h[?25l [?12l[?25h[?25la[?12l[?25h[?25lr[?12l[?25h[?25lg[?12l[?25h[?25lc[?12l[?25h[?25l [?12l[?25h[?25l>[?12l[?25h[?25l[?12l[?25h[?25l[?12l[?25h[?25l[?12l[?25h[?25l[?12l[?25h[?25l[?12l[?25h[?25l[?12l[?25h[?25l[?12l[?25h[?25l[?12l[?25h[?25l[?12l[?25h[?25l[?12l[?25h[?25l [?12l[?25h[?25l&[?12l[?25h[?25l&[?12l[?25h[?25l[1P&[?12l[?25h[?25l[1P[?12l[?25h[?25l| argc > 3) {[19;18H[?12l[?25h[?25l|| argc > 3) {[19;19H[?12l[?25h[?25l[?12l[?25h[?25l[?12l[?25h[?25l[?12l[?25h[?25l[?12l[?25h[?25l[?12l[?25h[?25l[1P[?12l[?25h[?25l[1P[?12l[?25h[?25l< 2 || argc > 3) {[19;13H[?12l[?25h[?25l[1;99H[1;91H(B[0;7m        (B[m[52;42H(B[0;7m[ Wrote 78 lines ](B[m[19;13H[?12l[?25h[?25l[1;91H(B[0;7mModified(B[m[19;12H[1P[?12l[?25h[?25l= 2 || argc > 3) {[19;13H[?12l[?25h[?25l== 2 || argc > 3) {[19;14H[?12l[?25h[?25l [?12l[?25h[?25l2[?12l[?25h[?25l [?12l[?25h[?25l|[?12l[?25h[?25l|[?12l[?25h[?25l [?12l[?25h[?25la[?12l[?25h[?25lr[?12l[?25h[?25lg[?12l[?25h[?25lc[?12l[?25h[?25l [?12l[?25h[?25l>[?12l[?25h[?25l 3) {[K[25G[?12l[?25h[?25l= 3) {[26G[?12l[?25h[?25l== 3) {[27G[?12l[?25h[?25l[?12l[?25h[?25l[?12l[?25h[?25l[?12l[?25h[?25l[?12l[?25h[?25l[?12l[?25h[?25l[52d[K[19;19H[?12l[?25h[?25l[?12l[?25h[?25l[?12l[?25h[?25l[?12l[?25h[?25l[?12l[?25h[?25l[?12l[?25h[?25l[?12l[?25h[?25l[?12l[?25h[?25l([?12l[?25h[?25l((argc == 2 || argc == 3) {[8G[?12l[?25h[?25la[?12l[?25h[?25lr[?12l[?25h[?25lgc[?12l[?25h[?25l =[?12l[?25h[?25l=[?12l[?25h[?25l [?12l[?25h[?25l2[?12l[?25h[?25l |[?12l[?25h[?25l| [?12l[?25h[?25la[?12l[?25h[?25lrg[?12l[?25h[?25lc[?12l[?25h[?25l =[?12l[?25h[?25l=[?12l[?25h[?25l 3)[?12l[?25h[?25l [?12l[?25h[?25l[?12l[?25h[?25l[?12l[?25h[?25l)) {[?12l[?25h[?25l[?12l[?25h[?25l[?12l[?25h[?25l[?12l[?25h[?25l[?12l[?25h[?25l[?12l[?25h[?25l[?12l[?25h[?25l[?12l[?25h[?25l[?12l[?25h[?25l[?12l[?25h[?25l[?12l[?25h[?25l[?12l[?25h[?25l[?12l[?25h[?25l[?12l[?25h[?25l[?12l[?25h[?25l[?12l[?25h[?25l[?12l[?25h[?25l[?12l[?25h[?25l!(argc == 2 || argc == 3)) {[8G[?12l[?25h[?25l[1;99H[1;91H(B[0;7m        (B[m[52;42H(B[0;7m[ Wrote 78 lines ](B[m[19;8H[?12l[?25h[?25l[20d[?12l[?25h[?25l[21d[?12l[?25h[?25l[22;4H[?12l[?25h[?25l[23;8H[?12l[?25h[?25l[24d[?12l[?25h[?25l[25d[?12l[?25h[?25l[26d[?12l[?25h[?25l[26;17H[?12l[?25h[?25l[?12l[?25h[?25l[1;91H(B[0;7mModified(B[m[26;17H[42m [49m(B[m[?12l[?25h[?25l o[?12l[?25h[?25lu[?12l[?25h[?25lt[?12l[?25h[?25l[42m [49m(B[m[?12l[?25h[?25l =[?12l[?25h[?25l[42m [49m(B[m[?12l[?25h[?25l f[?12l[?25h[?25lo[?12l[?25h[?25lp[?12l[?25h[?25le[?12l[?25h[?25ln[?12l[?25h[?25l([?12l[?25h[?25l[27d[?12l[?25h[?25l[?12l[?25h[?25l[?12l[?25h[?25l[52d[K[27;27H[?12l[?25h[?25l[?12l[?25h[?25l[?12l[?25h[?25lout);[K[24G[?12l[?25h[?25lout);[K[23G[?12l[?25h[?25lout);[K[22G[?12l[?25h[?25l[A[?12l[?25h[?25l[26;30H[?12l[?25h[?25la[?12l[?25h[?25lr[?12l[?25h[?25lg[?12l[?25h[?25lv[?12l[?25h[?25l[[?12l[?25h[?25l2[?12l[?25h[?25l][?12l[?25h[?25l,[?12l[?25h[?25l[42m [49m(B[m[?12l[?25h[?25l "[?12l[?25h[?25lw[?12l[?25h[?25l(B[0;1m[33m"w"[39m(B[m[?12l[?25h[?25l)[?12l[?25h[?25l;[?12l[?25h[?25l[?12l[?25h[?25l[?12l[?25h[?25l[?12l[?25h[?25l(B[0;1m[33m"[39m(B[m);[K[?12l[?25h[?25l(B[0;1m[33ma"[39m(B[m);[?12l[?25h[?25l[44G[?12l[?25h[?25l[27;27H[?12l[?25h[?25l7[28;52r8[28dM[1;54r[28;1H[42m  [49m(B[m[?12l[?25h[?25l  f[?12l[?25h[?25lc[?12l[?25h[?25ll[?12l[?25h[?25lo[?12l[?25h[?25ls[?12l[?25h[?25le[?12l[?25h[?25l([?12l[?25h[?25lo[?12l[?25h[?25lu[?12l[?25h[?25lt[?12l[?25h[?25l)[?12l[?25h[?25l;[?12l[?25h[?25l[?12l[?25h[?25l[?12l[?25h[?25l[?12l[?25h[?25l[?12l[?25h[?25l[?12l[?25h[?25l[?12l[?25h[?25l[?12l[?25h[?25l[?12l[?25h[?25l[?12l[?25h[?25l[?12l[?25h[?25l[?12l[?25h[?25l[?12l[?25h[?25lifclose(out);  i[?12l[?25h[?25lffclose(out);[5G[?12l[?25h[?25l(B[0;1m[33mif[39m(B[m fclose(out);[6G[?12l[?25h[?25l(fclose(out);[7G[?12l[?25h[?25lafclose(out);[8G[?12l[?25h[?25lrfclose(out);[28;9H[?12l[?25h[?25lgfclose(out);[28;10H[?12l[?25h[?25lcfclose(out);[28;11H[?12l[?25h[?25l fclose(out);[28;12H[?12l[?25h[?25l=fclose(out);[28;13H[?12l[?25h[?25l==fclose(out);[28;14H[?12l[?25h[?25l fclose(out);[28;15H[?12l[?25h[?25l3fclose(out);[28;16H[?12l[?25h[?25l)fclose(out);[28;17H[?12l[?25h[?25l fclose(out);[28;18H[?12l[?25h[?25l[28;30H[?12l[?25h[?25l[1;99H[1;91H(B[0;7m        (B[m[52;42H(B[0;7m[ Wrote 79 lines ](B[m[28;30H[?12l[?25h[?25l[52d[J[54;100H[?12l[?25h[54;1H[?1049l[23;0;0t[?1l>slohoka1@remote02:~/i220b/submit/lab13/exercises/rec-io$ make stat-points
gcc -g -Wall -std=c18   -c -o stat-points.o stat-points.c
gcc   stat-points.o dyn-array.o  -lm -o stat-points
slohoka1@remote02:~/i220b/submit/lab13/exercises/rec-io$ ./stat-points points.dat t
cannot read points.dat: Invalid argument
slohoka1@remote02:~/i220b/submit/lab13/exercises/rec-io$ ./stat-points points.dat t[10Pmake stat-pointsnano stat-points.c
[?1049h[22;0;0t[1;54r(B[m[4l[?7h[39;49m[?1h=[?1h=[?1h=[?25l[39;49m(B[m[H[2J[52;43H(B[0;7m[ Reading File ](B[m[52;42H(B[0;7m[ Read 79 lines ](B[m[H(B[0;7m  GNU nano 3.2                               stat-points.c                                          [1;99H(B[m[53d(B[0;7m^G(B[m Get Help   (B[0;7m^O(B[m Write Out  (B[0;7m^W(B[m Where Is   (B[0;7m^K(B[m Cut Text   (B[0;7m^J(B[m Justify    (B[0;7m^C(B[m Cur Pos    (B[0;7mM-U(B[m Undo[54d(B[0;7m^X(B[m Exit[15G(B[0;7m^R(B[m Read File  (B[0;7m^\(B[m Replace    (B[0;7m^U(B[m Uncut Text (B[0;7m^T(B[m To Spell   (B[0;7m^_(B[m Go To Line (B[0;7mM-E(B[m Redo[52d[3d(B[0;1m[36m#include[39m(B[m (B[0;1m[33m<assert.h>[4d[36m#include[39m(B[m (B[0;1m[33m<errno.h>[5d[36m#include[39m(B[m (B[0;1m[33m<math.h>[6d[36m#include[39m(B[m (B[0;1m[33m<stdlib.h>[7d[36m#include[39m(B[m (B[0;1m[33m<stdio.h>[8d[36m#include[39m(B[m (B[0;1m[33m<string.h>[10d[36m#include[39m(B[m (B[0;1m[33m"dyn-array.h"[11d[36m#include[39m(B[m (B[0;1m[33m"point2.h"[13d(B[0m[32mstatic[39m(B[m [32mvoid[14d[39m(B[mreadPoints([32mconst[39m(B[m [32mchar[39m(B[m *inName, DynArray *points)[15d{[16d (B[0;1m[31mFILE[39m(B[m *in = fopen(inName, (B[0;1m[33m"b"[39m(B[m);[17;3H(B[0;1m[33mif[39m(B[m (!in) {[18;5Hfprintf(stderr, (B[0;1m[33m"cannot read %s: %s\n"[39m(B[m, inName, strerror(errno));[19;5Hexit(1);[20;3H}[21dPoint2 point2;[22;3H(B[0;1m[33mwhile[39m(B[m (fread(&point2, [32msizeof[39m(B[m(Point2), 1, in) == 1) {[23;5HaddElementDynArray(points, &point2);[24;3H}[25d(B[0;1m[33mif[39m(B[m (fclose(in) != 0) {[26;5Hfprintf(stderr, (B[0;1m[33m"cannot close %s: %s\n"[39m(B[m, inName, strerror(errno));[27;5Hexit(1);[28;3H}[29d}[31d[32mstatic[39m(B[m [32mint[32d[39m(B[mcomparePoint2([32mconst[39m(B[m [32mvoid[39m(B[m *p1, [32mconst[39m(B[m [32mvoid[39m(B[m *p2)[33d{[34d [35mreturn[39m(B[m magnitudePoint2(p1) - magnitudePoint2(p2);[35d}[37d[32mstatic[39m(B[m [32mdouble[38d[39m(B[maveragePoints([32mconst[39m(B[m DynArray *points)[39d{[40d [32mconst[39m(B[m [32mint[39m(B[m n = nElementsDynArray(points);[41;3Hassert(n > 0);[42;3H[32mdouble[39m(B[m sum = 0;[43;3H(B[0;1m[33mfor[39m(B[m ([32mint[39m(B[m i = 0; i < n; i++) {[44;5H[32mconst[39m(B[m Point2 *p = getElementDynArray(points, i);[45;5H[32mdouble[39m(B[m mag = magnitudePoint2(p);[46;5Hsum += mag;[47;3H}[48d[35mreturn[39m(B[m sum/n;[49d}[51d[32mstatic[39m(B[m [32mvoid[3d[39m(B[m[?12l[?25h[?25l[4d[?12l[?25h[?25l[5d[?12l[?25h[?25l[6d[?12l[?25h[?25l[7d[?12l[?25h[?25l[8d[?12l[?25h[?25l[9d[?12l[?25h[?25l[10d[?12l[?25h[?25l[11d[?12l[?25h[?25l[12d[?12l[?25h[?25l[13d[?12l[?25h[?25l[14d[?12l[?25h[?25l[15d[?12l[?25h[?25l{[?12l[?25h[?25l[16d[?12l[?25h[?25l [?12l[?25h[?25l[C[?12l[?25h[?25l[C[?12l[?25h[?25l[C[?12l[?25h[?25l[C[?12l[?25h[?25l [?12l[?25h[?25l*[?12l[?25h[?25li[?12l[?25h[?25ln[?12l[?25h[?25l [?12l[?25h[?25l=[?12l[?25h[?25l[52d[K[16;14H[?12l[?25h[?25lf[?12l[?25h[?25lo[?12l[?25h[?25lp[?12l[?25h[?25le[?12l[?25h[?25ln[?12l[?25h[?25l([?12l[?25h[?25li[?12l[?25h[?25ln[?12l[?25h[?25lN[?12l[?25h[?25la[?12l[?25h[?25lm[?12l[?25h[?25le[?12l[?25h[?25l,[?12l[?25h[?25l [?12l[?25h[?25l[C[?12l[?25h[?25l[1;91H(B[0;7mModified(B[m[16;29H(B[0;1m[33mrb"[39m(B[m);[?12l[?25h[?25l[1;99H[1;91H(B[0;7m        (B[m[52;42H(B[0;7m[ Wrote 79 lines ](B[m[16;30H[?12l[?25h[?25l[52d[J[54;100H[?12l[?25h[54;1H[?1049l[23;0;0t[?1l>slohoka1@remote02:~/i220b/submit/lab13/exercises/rec-io$ nano stat-points.c./stat-points points.dat t[10Pmake stat-points
gcc -g -Wall -std=c18   -c -o stat-points.o stat-points.c
gcc   stat-points.o dyn-array.o  -lm -o stat-points
slohoka1@remote02:~/i220b/submit/lab13/exercises/rec-io$ make stat-pointsnano stat-points.c./stat-points points.dat t
slohoka1@remote02:~/i220b/submit/lab13/exercises/rec-io$ nano t
[?1049h[22;0;0t[1;54r(B[m[4l[?7h[39;49m[?1h=[?1h=[?1h=[?25l[39;49m(B[m[H[2J[52;43H(B[0;7m[ Reading File ](B[m[52;49H(B[0;7m 4 lines ](B[m[H(B[0;7m  GNU nano 3.2                                     t                                                [1;99H(B[m[53d(B[0;7m^G(B[m Get Help   (B[0;7m^O(B[m Write Out  (B[0;7m^W(B[m Where Is   (B[0;7m^K(B[m Cut Text   (B[0;7m^J(B[m Justify    (B[0;7m^C(B[m Cur Pos    (B[0;7mM-U(B[m Undo[54d(B[0;7m^X(B[m Exit[15G(B[0;7m^R(B[m Read File  (B[0;7m^\(B[m Replace    (B[0;7m^U(B[m Uncut Text (B[0;7m^T(B[m To Spell   (B[0;7m^_(B[m Go To Line (B[0;7mM-E(B[m Redo[52d[3d[39;49m(B[mmin = 43.4166[4daverage = 752.156[5dmedian = 773.59[6dmax = 1306.49[3d[?12l[?25h[?25l[52d[J[54;100H[?12l[?25h[54;1H[?1049l[23;0;0t[?1l>slohoka1@remote02:~/i220b/submit/lab13/exercises/rec-io$ cat t
min = 43.4166
average = 752.156
median = 773.59
max = 1306.49
slohoka1@remote02:~/i220b/submit/lab13/exercises/rec-io$ exit

Script done on 2021-12-09 11:51:46-05:00 [COMMAND_EXIT_CODE="0"]
