Script started on 2021-09-02 16:26:22-04:00 [TERM="xterm-256color" TTY="/dev/pts/5" COLUMNS="120" LINES="30"]
slohoka1@remote05:~/tmp/lab0$ ls ~./ss[K[K[K[K/.ssh
id_ed25519  id_ed25519.pub  known_hosts
slohoka1@remote05:~/tmp/lab0$ ssh-keygen
Generating public/private rsa key pair.
Enter file in which to save the key (/home/slohoka1/.ssh/id_rsa): 
Enter passphrase (empty for no passphrase): 
Enter same passphrase again: 
Your identification has been saved in /home/slohoka1/.ssh/id_rsa
Your public key has been saved in /home/slohoka1/.ssh/id_rsa.pub
The key fingerprint is:
SHA256:QljOz5fRQtjYyuPOwGomGx6cyVdCA+/mzJClhXduuNc slohoka1@remote05
The key's randomart image is:
+---[RSA 3072]----+
|  .   .  =.      |
|   + =  o.o.     |
|  . O =. .o .    |
|   O * o+  +     |
|  + =.=.S.o      |
| o O =oo..       |
|  B *..+E        |
| ..++.  o        |
|  o=             |
+----[SHA256]-----+
slohoka1@remote05:~/tmp/lab0$ ssh-keygen[1Pls ~/.ssh
id_ed25519  id_ed25519.pub  id_rsa  id_rsa.pub	known_hosts
slohoka1@remote05:~/tmp/lab0$ ssh-copy-id slohoka1@remote
/usr/bin/ssh-copy-id: INFO: Source of key(s) to be installed: "/home/slohoka1/.ssh/id_rsa.pub"
The authenticity of host 'remote (128.226.114.205)' can't be established.
ECDSA key fingerprint is SHA256:UEIh1TASIC96TC1hhxVbkVS0DrddNKHk7Q2nzgDCt+Y.
Are you sure you want to continue connecting (yes/no/[fingerprint])? yes
/usr/bin/ssh-copy-id: INFO: attempting to log in with the new key(s), to filter out any that are already installed
/usr/bin/ssh-copy-id: INFO: 1 key(s) remain to be installed -- if you are prompted now it is to install the new keys
slohoka1@remote's password: 
Permission denied, please try again.
slohoka1@remote's password: 

Number of key(s) added: 1

Now try logging into the machine, with:   "ssh 'slohoka1@remote'"
and check to make sure that only the key(s) you wanted were added.

slohoka1@remote05:~/tmp/lab0$ ssh-copy-id slohoka1@remote[18Pls ~/.sshssh-keygen[1Pls ~/.sshssh-copy-id slohoka1@remote.cs
/usr/bin/ssh-copy-id: INFO: Source of key(s) to be installed: "/home/slohoka1/.ssh/id_rsa.pub"
/usr/bin/ssh-copy-id: INFO: attempting to log in with the new key(s), to filter out any that are already installed

/usr/bin/ssh-copy-id: ERROR: ssh: Could not resolve hostname remote.cs: Name or service not known

slohoka1@remote05:~/tmp/lab0$ ssh-copy-id slohoka1@remote.cs.binghamton.edu
/usr/bin/ssh-copy-id: INFO: Source of key(s) to be installed: "/home/slohoka1/.ssh/id_rsa.pub"
The authenticity of host 'remote.cs.binghamton.edu (128.226.114.205)' can't be established.
ECDSA key fingerprint is SHA256:UEIh1TASIC96TC1hhxVbkVS0DrddNKHk7Q2nzgDCt+Y.
Are you sure you want to continue connecting (yes/no/[fingerprint])? yes
/usr/bin/ssh-copy-id: INFO: attempting to log in with the new key(s), to filter out any that are already installed

/usr/bin/ssh-copy-id: WARNING: All keys were skipped because they already exist on the remote system.
		(if you think this is a mistake, you may want to use -f option)

slohoka1@remote05:~/tmp/lab0$ ssh://slohoka1@remote.cs.binghamton.edu/~umrigar/git-repos/cs220.git[C[1Ph://slohoka1@remote.cs.binghamton.edu/~umrigar/git-repos/cs220.git[C[C[C[C[C[C[C[C[C[C[C[C[C[C[C[C[C[C[C[C[C[C[C[C[C[C[C[C[C[C[1Ph://slohoka1@remote.cs.binghamton.edu/~umrigar/git-repos/cs220.git[C[C[C[C[C[C[C[C[C[C[C[C[C[C[C[C[C[C[C[C[C[C[C[C[C[C[C[C[C[C[1P://slohoka1@remote.cs.binghamton.edu/~umrigar/git-repos/cs220.git[C[C[C[C[C[C[C[C[C[C[C[C[C[C[C[C[C[C[C[C[C[C[C[C[C[C[C[C[C[C[1P//slohoka1@remote.cs.binghamton.edu/~umrigar/git-repos/cs220.git[C[C[C[C[C[C[C[C[C[C[C[C[C[C[C[C[C[C[C[C[C[C[C[C[C[C[C[C[C[C[C[1Pslohoka1@remote.cs.binghamton.edu/~umrigar/git-repos/cs220.git[C[C[C[C[C[C[C[C[C[C[C[C[C[C[C[C[C[C[C[C[C[C[C[C[C[C[C[C[C[C[1Pslohoka1@remote.cs.binghamton.edu/~umrigar/git-repos/cs220.git[C[C[C[C[C[C[C[C[C[C[C[C[C[C[C[C[C[C[C[C[C[C[C[C[C[C[C[C[C[C[1Plohoka1@remote.cs.binghamton.edu/~umrigar/git-repos/cs220.git[C[C[C[C[C[C[C[C[C[C[C[C[C[C[C[C[C[C[C[C[C[C[C[C[C[C[C[C[C[C[1Pohoka1@remote.cs.binghamton.edu/~umrigar/git-repos/cs220.git[C[C[C[C[C[C[C[C[C[C[C[C[C[C[C[C[C[C[C[C[C[C[C[C[C[C[C[C[C[C[1Phoka1@remote.cs.binghamton.edu/~umrigar/git-repos/cs220.git[C[C[C[C[C[C[C[C[C[C[C[C[C[C[C[C[C[C[C[C[C[C[C[C[C[C[C[C[C[C[1Poka1@remote.cs.binghamton.edu/~umrigar/git-repos/cs220.git[C[C[C[C[C[C[C[C[C[C[C[C[C[C[C[C[C[C[C[C[C[C[C[C[C[C[C[C[C[C[1Pka1@remote.cs.binghamton.edu/~umrigar/git-repos/cs220.git[C[C[C[C[C[C[C[C[C[C[C[C[C[C[C[C[C[C[C[C[C[C[C[C[C[C[C[C[C[C[1Pa1@remote.cs.binghamton.edu/~umrigar/git-repos/cs220.git[C[C[C[C[C[C[C[C[C[C[C[C[C[C[C[C[C[C[C[C[C[C[C[C[C[C[C[C[C[C[1P1@remote.cs.binghamton.edu/~umrigar/git-repos/cs220.git[C[C[C[C[C[C[C[C[C[C[C[C[C[C[C[C[C[C[C[C[C[C[C[C[C[C[C[C[C[C[1P@remote.cs.binghamton.edu/~umrigar/git-repos/cs220.git[C[C[C[C[C[C[C[C[C[C[C[C[C[C[C[C[C[C[C[C[C[C[C[C[C[C[C[C[C[C[1Premote.cs.binghamton.edu/~umrigar/git-repos/cs220.git[C[C[C[C[C[C[C[C[C[C[C[C[C[C[C[C[C[C[C[C[C[C[C[C[C[C[C[C[C[C[1Pemote.cs.binghamton.edu/~umrigar/git-repos/cs220.git[C[C[C[C[C[C[C[C[C[C[C[C[C[C[C[C[C[C[C[C[C[C[C[C[C[C[C[C[C[C[1Pmote.cs.binghamton.edu/~umrigar/git-repos/cs220.git[C[C[C[C[C[C[C[C[C[C[C[C[C[C[C[C[C[C[C[C[C[C[C[C[C[C[C[C[C[C[1Pote.cs.binghamton.edu/~umrigar/git-repos/cs220.git[C[C[C[C[C[C[C[C[C[C[C[C[C[C[C[C[C[C[C[C[C[C[C[C[C[C[C[C[C[C[1Pte.cs.binghamton.edu/~umrigar/git-repos/cs220.git[C[C[C[C[C[C[C[C[C[C[C[C[C[C[C[C[C[C[C[C[C[C[C[C[C[C[C[C[C[C[1Pe.cs.binghamton.edu/~umrigar/git-repos/cs220.git[C[C[C[C[C[C[C[C[C[C[C[C[C[C[C[C[C[C[C[C[C[C[C[C[C[C[C[C[C[C[1P.cs.binghamton.edu/~umrigar/git-repos/cs220.git[C[C[C[C[C[C[C[C[C[C[C[C[C[C[C[C[C[C[C[C[C[C[C[C[C[C[C[C[C[C[1Pcs.binghamton.edu/~umrigar/git-repos/cs220.git[C[C[C[C[C[C[C[C[C[C[C[C[C[C[C[C[C[C[C[C[C[C[C[C[C[C[C[C[C[C[1Ps.binghamton.edu/~umrigar/git-repos/cs220.git[C[C[C[C[C[C[C[C[C[C[C[C[C[C[C[C[C[C[C[C[C[C[C[C[C[C[C[C[C[C[1P.binghamton.edu/~umrigar/git-repos/cs220.git[C[C[C[C[C[C[C[C[C[C[C[C[C[C[C[C[C[C[C[C[C[C[C[C[C[C[C[C[C[C[1Pbinghamton.edu/~umrigar/git-repos/cs220.git[C[C[C[C[C[C[C[C[C[C[C[C[C[C[C[C[C[C[C[C[C[C[C[C[C[C[C[C[C[C[1Pinghamton.edu/~umrigar/git-repos/cs220.git[C[C[C[C[C[C[C[C[C[C[C[C[C[C[C[C[C[C[C[C[C[C[C[C[C[C[C[C[C[C[1Pnghamton.edu/~umrigar/git-repos/cs220.git[C[C[C[C[C[C[C[C[C[C[C[C[C[C[C[C[C[C[C[C[C[C[C[C[C[C[C[C[C[C[1Pghamton.edu/~umrigar/git-repos/cs220.git[C[C[C[C[C[C[C[C[C[C[C[C[C[C[C[C[C[C[C[C[C[C[C[C[C[C[C[C[C[C[1Phamton.edu/~umrigar/git-repos/cs220.git[C[C[C[C[C[C[C[C[C[C[C[C[C[C[C[C[C[C[C[C[C[C[C[C[C[C[C[C[C[C[1Pamton.edu/~umrigar/git-repos/cs220.git[C[C[C[C[C[C[C[C[C[C[C[C[C[C[C[C[C[C[C[C[C[C[C[C[C[C[C[C[C[C[1Pmton.edu/~umrigar/git-repos/cs220.git[C[C[C[C[C[C[C[C[C[C[C[C[C[C[C[C[C[C[C[C[C[C[C[C[C[C[C[C[C[C[1Pton.edu/~umrigar/git-repos/cs220.git[C[C[C[C[C[C[C[C[C[C[C[C[C[C[C[C[C[C[C[C[C[C[C[C[C[C[C[C[C[C[1Pon.edu/~umrigar/git-repos/cs220.git[C[C[C[C[C[C[C[C[C[C[C[C[C[C[C[C[C[C[C[C[C[C[C[C[C[C[C[C[C[C[1Pn.edu/~umrigar/git-repos/cs220.git[C[C[C[C[C[C[C[C[C[C[C[C[C[C[C[C[C[C[C[C[C[C[C[C[C[C[C[C[C[C[1P.edu/~umrigar/git-repos/cs220.git[C[C[C[C[C[C[C[C[C[C[C[C[C[C[C[C[C[C[C[C[C[C[C[C[C[C[C[C[C[C[1Pedu/~umrigar/git-repos/cs220.git[C[C[C[C[C[C[C[C[C[C[C[C[C[C[C[C[C[C[C[C[C[C[C[C[C[C[C[C[C[C[1Pdu/~umrigar/git-repos/cs220.git[1Pu/~umrigar/git-repos/cs220.git[1P/~umrigar/git-repos/cs220.git[1P~umrigar/git-repos/cs220.git[1Pumrigar/git-repos/cs220.git[1Pmrigar/git-repos/cs220.git[1Prigar/git-repos/cs220.git[1Pigar/git-repos/cs220.git[1Pgar/git-repos/cs220.git[1Par/git-repos/cs220.git[1Pr/git-repos/cs220.git[1P/git-repos/cs220.git[1Pgit-repos/cs220.git[1Pit-repos/cs220.git[1Pt-repos/cs220.git[1P-repos/cs220.git[1Prepos/cs220.git[1Pepos/cs220.git[1Ppos/cs220.git[1Pos/cs220.git[1Ps/cs220.git[1P/cs220.git[1Pcs220.git[1Ps220.git[1P220.git[C[1P0.git[1P0.git[1P.git[1Pgit[1Pit[1Pt[Kls ~
CS220  CS240  Desktop  Documents  Downloads  Music  Pictures  Public  Templates  tmp  Videos
slohoka1@remote05:~/tmp/lab0$ mkdr[Kir -p ~/projects
slohoka1@remote05:~/tmp/lab0$ cd ~/projects/
slohoka1@remote05:~/projects$ ls
slohoka1@remote05:~/projects$ git clone ssh://slohoka1@remote.cs.binghamton.edu/~umrigar/git-repos/cs220.git
Cloning into 'cs220'...
remote: Enumerating objects: 437, done.[K
remote: Counting objects:   0% (1/437)[Kremote: Counting objects:   1% (5/437)[Kremote: Counting objects:   2% (9/437)[Kremote: Counting objects:   3% (14/437)[Kremote: Counting objects:   4% (18/437)[Kremote: Counting objects:   5% (22/437)[Kremote: Counting objects:   6% (27/437)[Kremote: Counting objects:   7% (31/437)[Kremote: Counting objects:   8% (35/437)[Kremote: Counting objects:   9% (40/437)[Kremote: Counting objects:  10% (44/437)[Kremote: Counting objects:  11% (49/437)[Kremote: Counting objects:  12% (53/437)[Kremote: Counting objects:  13% (57/437)[Kremote: Counting objects:  14% (62/437)[Kremote: Counting objects:  15% (66/437)[Kremote: Counting objects:  16% (70/437)[Kremote: Counting objects:  17% (75/437)[Kremote: Counting objects:  18% (79/437)[Kremote: Counting objects:  19% (84/437)[Kremote: Counting objects:  20% (88/437)[Kremote: Counting objects:  21% (92/437)[Kremote: Counting objects:  22% (97/437)[Kremote: Counting objects:  23% (101/437)[Kremote: Counting objects:  24% (105/437)[Kremote: Counting objects:  25% (110/437)[Kremote: Counting objects:  26% (114/437)[Kremote: Counting objects:  27% (118/437)[Kremote: Counting objects:  28% (123/437)[Kremote: Counting objects:  29% (127/437)[Kremote: Counting objects:  30% (132/437)[Kremote: Counting objects:  31% (136/437)[Kremote: Counting objects:  32% (140/437)[Kremote: Counting objects:  33% (145/437)[Kremote: Counting objects:  34% (149/437)[Kremote: Counting objects:  35% (153/437)[Kremote: Counting objects:  36% (158/437)[Kremote: Counting objects:  37% (162/437)[Kremote: Counting objects:  38% (167/437)[Kremote: Counting objects:  39% (171/437)[Kremote: Counting objects:  40% (175/437)[Kremote: Counting objects:  41% (180/437)[Kremote: Counting objects:  42% (184/437)[Kremote: Counting objects:  43% (188/437)[Kremote: Counting objects:  44% (193/437)[Kremote: Counting objects:  45% (197/437)[Kremote: Counting objects:  46% (202/437)[Kremote: Counting objects:  47% (206/437)[Kremote: Counting objects:  48% (210/437)[Kremote: Counting objects:  49% (215/437)[Kremote: Counting objects:  50% (219/437)[Kremote: Counting objects:  51% (223/437)[Kremote: Counting objects:  52% (228/437)[Kremote: Counting objects:  53% (232/437)[Kremote: Counting objects:  54% (236/437)[Kremote: Counting objects:  55% (241/437)[Kremote: Counting objects:  56% (245/437)[Kremote: Counting objects:  57% (250/437)[Kremote: Counting objects:  58% (254/437)[Kremote: Counting objects:  59% (258/437)[Kremote: Counting objects:  60% (263/437)[Kremote: Counting objects:  61% (267/437)[Kremote: Counting objects:  62% (271/437)[Kremote: Counting objects:  63% (276/437)[Kremote: Counting objects:  64% (280/437)[Kremote: Counting objects:  65% (285/437)[Kremote: Counting objects:  66% (289/437)[Kremote: Counting objects:  67% (293/437)[Kremote: Counting objects:  68% (298/437)[Kremote: Counting objects:  69% (302/437)[Kremote: Counting objects:  70% (306/437)[Kremote: Counting objects:  71% (311/437)[Kremote: Counting objects:  72% (315/437)[Kremote: Counting objects:  73% (320/437)[Kremote: Counting objects:  74% (324/437)[Kremote: Counting objects:  75% (328/437)[Kremote: Counting objects:  76% (333/437)[Kremote: Counting objects:  77% (337/437)[Kremote: Counting objects:  78% (341/437)[Kremote: Counting objects:  79% (346/437)[Kremote: Counting objects:  80% (350/437)[Kremote: Counting objects:  81% (354/437)[Kremote: Counting objects:  82% (359/437)[Kremote: Counting objects:  83% (363/437)[Kremote: Counting objects:  84% (368/437)[Kremote: Counting objects:  85% (372/437)[Kremote: Counting objects:  86% (376/437)[Kremote: Counting objects:  87% (381/437)[Kremote: Counting objects:  88% (385/437)[Kremote: Counting objects:  89% (389/437)[Kremote: Counting objects:  90% (394/437)[Kremote: Counting objects:  91% (398/437)[Kremote: Counting objects:  92% (403/437)[Kremote: Counting objects:  93% (407/437)[Kremote: Counting objects:  94% (411/437)[Kremote: Counting objects:  95% (416/437)[Kremote: Counting objects:  96% (420/437)[Kremote: Counting objects:  97% (424/437)[Kremote: Counting objects:  98% (429/437)[Kremote: Counting objects:  99% (433/437)[Kremote: Counting objects: 100% (437/437)[Kremote: Counting objects: 100% (437/437), done.[K
remote: Compressing objects:   0% (1/415)[Kremote: Compressing objects:   1% (5/415)[Kremote: Compressing objects:   2% (9/415)[Kremote: Compressing objects:   3% (13/415)[Kremote: Compressing objects:   4% (17/415)[Kremote: Compressing objects:   5% (21/415)[Kremote: Compressing objects:   6% (25/415)[Kremote: Compressing objects:   7% (30/415)[Kremote: Compressing objects:   8% (34/415)[Kremote: Compressing objects:   9% (38/415)[Kremote: Compressing objects:  10% (42/415)[Kremote: Compressing objects:  11% (46/415)[Kremote: Compressing objects:  12% (50/415)[Kremote: Compressing objects:  13% (54/415)[Kremote: Compressing objects:  14% (59/415)[Kremote: Compressing objects:  15% (63/415)[Kremote: Compressing objects:  16% (67/415)[Kremote: Compressing objects:  17% (71/415)[Kremote: Compressing objects:  18% (75/415)[Kremote: Compressing objects:  19% (79/415)[Kremote: Compressing objects:  20% (83/415)[Kremote: Compressing objects:  21% (88/415)[Kremote: Compressing objects:  22% (92/415)[Kremote: Compressing objects:  23% (96/415)[Kremote: Compressing objects:  24% (100/415)[Kremote: Compressing objects:  25% (104/415)[Kremote: Compressing objects:  26% (108/415)[Kremote: Compressing objects:  27% (113/415)[Kremote: Compressing objects:  28% (117/415)[Kremote: Compressing objects:  29% (121/415)[Kremote: Compressing objects:  30% (125/415)[Kremote: Compressing objects:  31% (129/415)[Kremote: Compressing objects:  32% (133/415)[Kremote: Compressing objects:  33% (137/415)[Kremote: Compressing objects:  34% (142/415)[Kremote: Compressing objects:  35% (146/415)[Kremote: Compressing objects:  36% (150/415)[Kremote: Compressing objects:  37% (154/415)[Kremote: Compressing objects:  38% (158/415)[Kremote: Compressing objects:  39% (162/415)[Kremote: Compressing objects:  40% (166/415)[Kremote: Compressing objects:  41% (171/415)[Kremote: Compressing objects:  42% (175/415)[Kremote: Compressing objects:  43% (179/415)[Kremote: Compressing objects:  44% (183/415)[Kremote: Compressing objects:  45% (187/415)[Kremote: Compressing objects:  46% (191/415)[Kremote: Compressing objects:  47% (196/415)[Kremote: Compressing objects:  48% (200/415)[Kremote: Compressing objects:  49% (204/415)[Kremote: Compressing objects:  50% (208/415)[Kremote: Compressing objects:  51% (212/415)[Kremote: Compressing objects:  52% (216/415)[Kremote: Compressing objects:  53% (220/415)[Kremote: Compressing objects:  54% (225/415)[Kremote: Compressing objects:  55% (229/415)[Kremote: Compressing objects:  56% (233/415)[Kremote: Compressing objects:  57% (237/415)[Kremote: Compressing objects:  58% (241/415)[Kremote: Compressing objects:  59% (245/415)[Kremote: Compressing objects:  60% (249/415)[Kremote: Compressing objects:  61% (254/415)[Kremote: Compressing objects:  62% (258/415)[Kremote: Compressing objects:  63% (262/415)[Kremote: Compressing objects:  64% (266/415)[Kremote: Compressing objects:  65% (270/415)[Kremote: Compressing objects:  66% (274/415)[Kremote: Compressing objects:  67% (279/415)[Kremote: Compressing objects:  68% (283/415)[Kremote: Compressing objects:  69% (287/415)[Kremote: Compressing objects:  70% (291/415)[Kremote: Compressing objects:  71% (295/415)[Kremote: Compressing objects:  72% (299/415)[Kremote: Compressing objects:  73% (303/415)[Kremote: Compressing objects:  74% (308/415)[Kremote: Compressing objects:  75% (312/415)[Kremote: Compressing objects:  76% (316/415)[Kremote: Compressing objects:  77% (320/415)[Kremote: Compressing objects:  78% (324/415)[Kremote: Compressing objects:  79% (328/415)[Kremote: Compressing objects:  80% (332/415)[Kremote: Compressing objects:  81% (337/415)[Kremote: Compressing objects:  82% (341/415)[Kremote: Compressing objects:  83% (345/415)[Kremote: Compressing objects:  84% (349/415)[Kremote: Compressing objects:  85% (353/415)[Kremote: Compressing objects:  86% (357/415)[Kremote: Compressing objects:  87% (362/415)[Kremote: Compressing objects:  88% (366/415)[Kremote: Compressing objects:  89% (370/415)[Kremote: Compressing objects:  90% (374/415)[Kremote: Compressing objects:  91% (378/415)[Kremote: Compressing objects:  92% (382/415)[Kremote: Compressing objects:  93% (386/415)[Kremote: Compressing objects:  94% (391/415)[Kremote: Compressing objects:  95% (395/415)[Kremote: Compressing objects:  96% (399/415)[Kremote: Compressing objects:  97% (403/415)[Kremote: Compressing objects:  98% (407/415)[Kremote: Compressing objects:  99% (411/415)[Kremote: Compressing objects: 100% (415/415)[Kremote: Compressing objects: 100% (415/415), done.[K
Receiving objects:   0% (1/437)Receiving objects:   1% (5/437)Receiving objects:   2% (9/437)Receiving objects:   3% (14/437)Receiving objects:   4% (18/437)Receiving objects:   5% (22/437)Receiving objects:   6% (27/437)Receiving objects:   7% (31/437)Receiving objects:   8% (35/437)Receiving objects:   9% (40/437)Receiving objects:  10% (44/437)Receiving objects:  11% (49/437)Receiving objects:  12% (53/437)Receiving objects:  13% (57/437)Receiving objects:  14% (62/437)Receiving objects:  15% (66/437)Receiving objects:  16% (70/437)Receiving objects:  17% (75/437)Receiving objects:  18% (79/437)Receiving objects:  19% (84/437)Receiving objects:  20% (88/437)Receiving objects:  21% (92/437)Receiving objects:  22% (97/437)Receiving objects:  23% (101/437)Receiving objects:  24% (105/437)Receiving objects:  25% (110/437)Receiving objects:  26% (114/437)Receiving objects:  27% (118/437)Receiving objects:  28% (123/437)Receiving objects:  29% (127/437)Receiving objects:  30% (132/437)Receiving objects:  31% (136/437)Receiving objects:  32% (140/437)Receiving objects:  33% (145/437)Receiving objects:  34% (149/437)Receiving objects:  35% (153/437)Receiving objects:  36% (158/437)Receiving objects:  37% (162/437)Receiving objects:  38% (167/437)Receiving objects:  39% (171/437)Receiving objects:  40% (175/437)Receiving objects:  41% (180/437)Receiving objects:  42% (184/437)Receiving objects:  43% (188/437)Receiving objects:  44% (193/437)Receiving objects:  45% (197/437)Receiving objects:  46% (202/437)Receiving objects:  47% (206/437)Receiving objects:  48% (210/437)Receiving objects:  49% (215/437)Receiving objects:  50% (219/437)Receiving objects:  51% (223/437)Receiving objects:  52% (228/437)Receiving objects:  53% (232/437)Receiving objects:  54% (236/437)Receiving objects:  55% (241/437)Receiving objects:  56% (245/437)Receiving objects:  57% (250/437)Receiving objects:  58% (254/437)Receiving objects:  59% (258/437)Receiving objects:  60% (263/437)Receiving objects:  61% (267/437)Receiving objects:  62% (271/437)Receiving objects:  63% (276/437)Receiving objects:  64% (280/437)Receiving objects:  65% (285/437)Receiving objects:  66% (289/437)Receiving objects:  67% (293/437)Receiving objects:  68% (298/437)Receiving objects:  69% (302/437)Receiving objects:  70% (306/437)Receiving objects:  71% (311/437)Receiving objects:  72% (315/437)Receiving objects:  73% (320/437)Receiving objects:  74% (324/437)Receiving objects:  75% (328/437)Receiving objects:  76% (333/437)Receiving objects:  77% (337/437)Receiving objects:  78% (341/437)Receiving objects:  79% (346/437)Receiving objects:  80% (350/437)Receiving objects:  81% (354/437)Receiving objects:  82% (359/437)Receiving objects:  83% (363/437)Receiving objects:  84% (368/437)Receiving objects:  85% (372/437)Receiving objects:  86% (376/437)Receiving objects:  87% (381/437)Receiving objects:  88% (385/437)Receiving objects:  89% (389/437)Receiving objects:  90% (394/437)Receiving objects:  91% (398/437)Receiving objects:  92% (403/437)Receiving objects:  93% (407/437)Receiving objects:  94% (411/437)Receiving objects:  95% (416/437)remote: Total 437 (delta 139), reused 0 (delta 0), pack-reused 0
Receiving objects:  96% (420/437)Receiving objects:  97% (424/437)Receiving objects:  98% (429/437)Receiving objects:  99% (433/437)Receiving objects: 100% (437/437)Receiving objects: 100% (437/437), 2.19 MiB | 7.96 MiB/s, done.
Resolving deltas:   0% (0/139)Resolving deltas:   1% (2/139)Resolving deltas:   2% (3/139)Resolving deltas:   3% (5/139)Resolving deltas:   4% (6/139)Resolving deltas:   5% (7/139)Resolving deltas:   6% (9/139)Resolving deltas:   7% (10/139)Resolving deltas:   8% (12/139)Resolving deltas:   9% (13/139)Resolving deltas:  10% (14/139)Resolving deltas:  11% (16/139)Resolving deltas:  12% (18/139)Resolving deltas:  13% (19/139)Resolving deltas:  14% (20/139)Resolving deltas:  15% (21/139)Resolving deltas:  16% (23/139)Resolving deltas:  17% (24/139)Resolving deltas:  18% (26/139)Resolving deltas:  19% (27/139)Resolving deltas:  20% (28/139)Resolving deltas:  21% (30/139)Resolving deltas:  23% (32/139)Resolving deltas:  24% (34/139)Resolving deltas:  25% (35/139)Resolving deltas:  26% (37/139)Resolving deltas:  27% (38/139)Resolving deltas:  28% (39/139)Resolving deltas:  30% (42/139)Resolving deltas:  31% (44/139)Resolving deltas:  32% (45/139)Resolving deltas:  33% (46/139)Resolving deltas:  34% (48/139)Resolving deltas:  35% (49/139)Resolving deltas:  36% (51/139)Resolving deltas:  37% (52/139)Resolving deltas:  38% (53/139)Resolving deltas:  39% (55/139)Resolving deltas:  40% (56/139)Resolving deltas:  41% (57/139)Resolving deltas:  42% (59/139)Resolving deltas:  43% (60/139)Resolving deltas:  44% (62/139)Resolving deltas:  45% (63/139)Resolving deltas:  46% (64/139)Resolving deltas:  47% (66/139)Resolving deltas:  48% (67/139)Resolving deltas:  49% (69/139)Resolving deltas:  50% (70/139)Resolving deltas:  51% (71/139)Resolving deltas:  52% (73/139)Resolving deltas:  53% (74/139)Resolving deltas:  54% (76/139)Resolving deltas:  55% (77/139)Resolving deltas:  56% (78/139)Resolving deltas:  57% (80/139)Resolving deltas:  58% (81/139)Resolving deltas:  59% (83/139)Resolving deltas:  60% (84/139)Resolving deltas:  61% (85/139)Resolving deltas:  62% (87/139)Resolving deltas:  63% (88/139)Resolving deltas:  64% (89/139)Resolving deltas:  65% (91/139)Resolving deltas:  66% (92/139)Resolving deltas:  67% (94/139)Resolving deltas:  68% (95/139)Resolving deltas:  69% (96/139)Resolving deltas:  70% (98/139)Resolving deltas:  71% (99/139)Resolving deltas:  72% (101/139)Resolving deltas:  73% (102/139)Resolving deltas:  74% (103/139)Resolving deltas:  75% (105/139)Resolving deltas:  76% (106/139)Resolving deltas:  77% (108/139)Resolving deltas:  78% (109/139)Resolving deltas:  79% (110/139)Resolving deltas:  80% (112/139)Resolving deltas:  81% (113/139)Resolving deltas:  82% (114/139)Resolving deltas:  83% (116/139)Resolving deltas:  84% (117/139)Resolving deltas:  85% (119/139)Resolving deltas:  86% (120/139)Resolving deltas:  87% (122/139)Resolving deltas:  88% (123/139)Resolving deltas:  89% (124/139)Resolving deltas:  90% (126/139)Resolving deltas:  91% (127/139)Resolving deltas:  92% (128/139)Resolving deltas:  93% (130/139)Resolving deltas:  94% (131/139)Resolving deltas:  95% (133/139)Resolving deltas:  96% (134/139)Resolving deltas:  97% (135/139)Resolving deltas:  98% (137/139)Resolving deltas:  99% (138/139)Resolving deltas: 100% (139/139)Resolving deltas: 100% (139/139), done.
slohoka1@remote05:~/projects$ cd ~[K[K[K[Kls
cs220
slohoka1@remote05:~/projects$ cd ~
slohoka1@remote05:~$ ls
CS220  CS240  Desktop  Documents  Downloads  Music  Pictures  projects	Public	Templates  tmp	Videos
slohoka1@remote05:~$ cd CS220
slohoka1@remote05:~/CS220$ ls
lab0
slohoka1@remote05:~/CS220$ cd lab0/
slohoka1@remote05:~/CS220/lab0$ ls
slohoka1@remote05:~/CS220/lab0$ cd ..
slohoka1@remote05:~/CS220$ cd ..
slohoka1@remote05:~$ rm -rf CS220
slohoka1@remote05:~$ ls
CS240  Desktop	Documents  Downloads  Music  Pictures  projects  Public  Templates  tmp  Videos
slohoka1@remote05:~$ ln -s pro[K[K[Kprojects.cs220[K[K[K[K[K[K/cs20[K20 .
slohoka1@remote05:~$ ls
cs220  CS240  Desktop  Documents  Downloads  Music  Pictures  projects	Public	Templates  tmp	Videos
slohoka1@remote05:~$ cd cs220
slohoka1@remote05:~/cs220$ ls
announce.html  assets  docs	  hw	      index.umt  misc	   README.md  umt.make
announce.umt   bin     exercises  index.html  labs	 projects  slides
slohoka1@remote05:~/cs220$ cd ..
slohoka1@remote05:~$ ls
cs220  CS240  Desktop  Documents  Downloads  Music  Pictures  projects	Public	Templates  tmp	Videos
slohoka1@remote05:~$ nano updatecs220.sh
[?1049h[22;0;0t[1;30r(B[m[4l[?7h[39;49m[?1h=[?1h=[?1h=[?25l[39;49m(B[m[H[2J[28;55H(B[0;7m[ New File ](B[m[H(B[0;7m  GNU nano 3.2                                         updatecs220.sh                                                   [1;119H(B[m[29d(B[0;7m^G(B[m Get Help    (B[0;7m^O(B[m Write Out   (B[0;7m^W(B[m Where Is    (B[0;7m^K(B[m Cut Text    (B[0;7m^J(B[m Justify     (B[0;7m^C(B[m Cur Pos     (B[0;7mM-U(B[m Undo[106G(B[0;7mM-A(B[m Mark Text[30d(B[0;7m^X(B[m Exit[30;16H(B[0;7m^R(B[m Read File   (B[0;7m^\(B[m Replace     (B[0;7m^U(B[m Uncut Text  (B[0;7m^T(B[m To Spell    (B[0;7m^_(B[m Go To Line  (B[0;7mM-E(B[m Redo[106G(B[0;7mM-6(B[m Copy Text[28d[3d[39;49m(B[m[?12l[?25h[?25l[1;111H(B[0;7mModified(B[m[3d[36m#[39m(B[m[?12l[?25h[?25l[36m![39m(B[m[?12l[?25h[?25l[36m/[39m(B[m[?12l[?25h[?25l[36mb[39m(B[m[?12l[?25h[?25l[36mi[39m(B[m[?12l[?25h[?25l[36mn[39m(B[m[?12l[?25h[?25l[36m/[39m(B[m[?12l[?25h[?25l[36mb[39m(B[m[?12l[?25h[?25l[36ma[39m(B[m[?12l[?25h[?25l[36ms[39m(B[m[?12l[?25h[?25l[36mh[39m(B[m[?12l[?25h[?25l[4d[?12l[?25h[?25l[5d[?12l[?25h[?25lc[?12l[?25h[?25l(B[0;1m[34mcd[39m(B[m[?12l[?25h[?25l[42m [49m(B[m[?12l[?25h[?25l ~[?12l[?25h[?25l/[?12l[?25h[?25lp[?12l[?25h[?25lr[?12l[?25h[?25lo[?12l[?25h[?25lj[?12l[?25h[?25le[?12l[?25h[?25lc[?12l[?25h[?25lt[?12l[?25h[?25ls[28d[K[5;14H[?12l[?25h[?25l/[?12l[?25h[?25lc[?12l[?25h[?25ls[?12l[?25h[?25l2[?12l[?25h[?25l2[?12l[?25h[?25l0[?12l[?25h[?25l[6d[?12l[?25h[?25lg[?12l[?25h[?25li[?12l[?25h[?25lt[?12l[?25h[?25l[42m [49m(B[m[?12l[?25h[?25l p[?12l[?25h[?25lu[?12l[?25h[?25ll[?12l[?25h[?25ll[?12l[?25h[?25l[7d[?12l[?25h[?25lc[?12l[?25h[?25l(B[0;1m[34mcd[39m(B[m[?12l[?25h[?25l[42m [49m(B[m[?12l[?25h[?25l ~[?12l[?25h[?25l[1;119H[1;111H(B[0;7m        (B[m[28;52H(B[0;7m[ Wrote 5 lines ](B[m[7;5H[?12l[?25h[?25l[28d[J[30;120H[?12l[?25h[30;1H[?1049l[23;0;0t[?1l>slohoka1@remote05:~$ ./update[K[K[K[K[K[K[K[Kls
cs220  CS240  Desktop  Documents  Downloads  Music  Pictures  projects	Public	Templates  tmp	updatecs220.sh	Videos
slohoka1@remote05:~$ chmod -x updatecs220.sh 
slohoka1@remote05:~$ ./updatecs220.sh
bash: ./updatecs220.sh: Permission denied
slohoka1@remote05:~$ ~[Knano ~/.profile
[?1049h[22;0;0t[1;30r(B[m[4l[?7h[39;49m[?1h=[?1h=[?1h=[?25l[39;49m(B[m[H[2J[28;55H(B[0;7m[ New File ](B[m[H(B[0;7m  GNU nano 3.2                                    /home/slohoka1/.profile                                               [1;119H(B[m[29d(B[0;7m^G(B[m Get Help    (B[0;7m^O(B[m Write Out   (B[0;7m^W(B[m Where Is    (B[0;7m^K(B[m Cut Text    (B[0;7m^J(B[m Justify     (B[0;7m^C(B[m Cur Pos     (B[0;7mM-U(B[m Undo[106G(B[0;7mM-A(B[m Mark Text[30d(B[0;7m^X(B[m Exit[30;16H(B[0;7m^R(B[m Read File   (B[0;7m^\(B[m Replace     (B[0;7m^U(B[m Uncut Text  (B[0;7m^T(B[m To Spell    (B[0;7m^_(B[m Go To Line  (B[0;7mM-E(B[m Redo[106G(B[0;7mM-6(B[m Copy Text[28d[3d[39;49m(B[m[?12l[?25h[?25l[1;111H(B[0;7mModified(B[m[3d.[?12l[?25h[?25l[42m [49m(B[m[?12l[?25h[?25l ~[?12l[?25h[?25lu[?12l[?25h[?25lm[?12l[?25h[?25lr[?12l[?25h[?25li[?12l[?25h[?25lg[?12l[?25h[?25la[?12l[?25h[?25lr[?12l[?25h[?25l/[?12l[?25h[?25lc[?12l[?25h[?25ls[?12l[?25h[?25l2[?12l[?25h[?25l2[?12l[?25h[?25l0[?12l[?25h[?25l/[?12l[?25h[?25lb[?12l[?25h[?25li[?12l[?25h[?25ln[?12l[?25h[?25l/[?12l[?25h[?25ls[?12l[?25h[?25lt[?12l[?25h[?25lu[?12l[?25h[?25ld[?12l[?25h[?25le[28d[K[3;27H[?12l[?25h[?25ln[?12l[?25h[?25lt[?12l[?25h[?25l.[?12l[?25h[?25lp[?12l[?25h[?25lr[?12l[?25h[?25lo[?12l[?25h[?25lf[?12l[?25h[?25li[?12l[?25h[?25ll[?12l[?25h[?25le[?12l[?25h[?25l[1;119H[1;111H(B[0;7m        (B[m[28;53H(B[0;7m[ Wrote 1 line ](B[m[3;37H[?12l[?25h[?25l[1;111H(B[0;7mModified(B[m[4d[?12l[?25h[?25l[3;37H[?12l[?25h[?25l[28d(B[0;7mSave modified buffer?  (Answering "No" will DISCARD changes.)                                                           [29;1H Y(B[m Yes[K[30d(B[0;7m N(B[m No  [30;16H (B[0;7m^C(B[m Cancel[K[28;63H[?12l[?25h[?25l[J[30;120H[?12l[?25h[30;1H[?1049l[23;0;0t[?1l>slohoka1@remote05:~$ nano ~/.profile
[?1049h[22;0;0t[1;30r(B[m[4l[?7h[39;49m[?1h=[?1h=[?1h=[?25l[39;49m(B[m[H[2J[28;53H(B[0;7m[ Reading File ](B[m[28;59H(B[0;7m 1 line ](B[m[K[H(B[0;7m  GNU nano 3.2                                    /home/slohoka1/.profile                                               [1;119H(B[m[29d(B[0;7m^G(B[m Get Help    (B[0;7m^O(B[m Write Out   (B[0;7m^W(B[m Where Is    (B[0;7m^K(B[m Cut Text    (B[0;7m^J(B[m Justify     (B[0;7m^C(B[m Cur Pos     (B[0;7mM-U(B[m Undo[106G(B[0;7mM-A(B[m Mark Text[30d(B[0;7m^X(B[m Exit[30;16H(B[0;7m^R(B[m Read File   (B[0;7m^\(B[m Replace     (B[0;7m^U(B[m Uncut Text  (B[0;7m^T(B[m To Spell    (B[0;7m^_(B[m Go To Line  (B[0;7mM-E(B[m Redo[106G(B[0;7mM-6(B[m Copy Text[28d[3d[39