Script started on 2021-11-11 16:01:43-05:00 [TERM="xterm-256color" TTY="/dev/pts/5" COLUMNS="100" LINES="54"]
slohoka1@remote02:~/i220b/submit/lab10$ cd exercises/
slohoka1@remote02:~/i220b/submit/lab10/exercises$ ls
inexact  ints  loop  nan  negeq  uints	ulp
slohoka1@remote02:~/i220b/submit/lab10/exercises$ cd uints/
slohoka1@remote02:~/i220b/submit/lab10/exercises/uints$ nano uints.c 
[?1049h[22;0;0t[1;54r(B[m[4l[?7h[39;49m[?1h=[?1h=[?1h=[?25l[39;49m(B[m[H[2J[52;43H(B[0;7m[ Reading File ](B[m[52;42H(B[0;7m[ Read 15 lines ](B[m[H(B[0;7m  GNU nano 3.2                                  uints.c                                             [1;99H(B[m[53d(B[0;7m^G(B[m Get Help   (B[0;7m^O(B[m Write Out  (B[0;7m^W(B[m Where Is   (B[0;7m^K(B[m Cut Text   (B[0;7m^J(B[m Justify    (B[0;7m^C(B[m Cur Pos    (B[0;7mM-U(B[m Undo[54d(B[0;7m^X(B[m Exit[15G(B[0;7m^R(B[m Read File  (B[0;7m^\(B[m Replace    (B[0;7m^U(B[m Uncut Text (B[0;7m^T(B[m To Spell   (B[0;7m^_(B[m Go To Line (B[0;7mM-E(B[m Redo[52d[3d(B[0;1m[36m#include[39m(B[m (B[0;1m[33m<stdio.h>[5d[34m/** Read integer's from stdin and print out value as int or short in(B[0m[42m [6d(B[0;1m[34m *  both decimal and hex.[7d */[8d(B[0m[32mint[39m(B[m main() {[9;3H(B[0;1m[33mwhile[39m(B[m (1) {[10;5H[32munsigned[39m(B[m [32mint[39m(B[m i;[11;5H[32munsigned[39m(B[m [32mshort[39m(B[m s;[12;5H(B[0;1m[33mif[39m(B[m (scanf((B[0;1m[33m"%d"[39m(B[m, &i) != 1) [35mbreak[39m(B[m;[13;5Hs = ([32munsigned[39m(B[m [32mshort[39m(B[m)i;[14;5Hprintf((B[0;1m[33m"uint = %u (0x%x); ushort = %u (0x%x)\n"[39m(B[m, i, i, s, s);[15;3H}[16d[35mreturn[39m(B[m 0;[17d}[3d[?12l[?25h[?25l[52d[J[54;100H[?12l[?25h[54;1H[?1049l[23;0;0t[?1l>slohoka1@remote02:~/i220b/submit/lab10/exercises/uints$ make
cc -g -Wall -std=c18    uints.c   -o uints
slohoka1@remote02:~/i220b/submit/lab10/exercises/uints$ ls
Makefile  uints  uints.c
slohoka1@remote02:~/i220b/submit/lab10/exercises/uints$ ./ uints[K[K[K[K[K[Kuints 
1
uint = 1 (0x1); ushort = 1 (0x1)
2
uint = 2 (0x2); ushort = 2 (0x2)
3
uint = 3 (0x3); ushort = 3 (0x3)
4
uint = 4 (0x4); ushort = 4 (0x4)
256
uint = 256 (0x100); ushort = 256 (0x100)
1000
uint = 1000 (0x3e8); ushort = 1000 (0x3e8)
100000000
uint = 100000000 (0x5f5e100); ushort = 57600 (0xe100)
57600
uint = 57600 (0xe100); ushort = 57600 (0xe100)
57601
uint = 57601 (0xe101); ushort = 57601 (0xe101)
57603
uint = 57603 (0xe103); ushort = 57603 (0xe103)
60000
uint = 60000 (0xea60); ushort = 60000 (0xea60)
99999
uint = 99999 (0x1869f); ushort = 34463 (0x869f)
65535
uint = 65535 (0xffff); ushort = 65535 (0xffff)
a
slohoka1@remote02:~/i220b/submit/lab10/exercises/uints$ cd ..
slohoka1@remote02:~/i220b/submit/lab10/exercises$ cd in
bash: cd: in: No such file or directory
slohoka1@remote02:~/i220b/submit/lab10/exercises$ cd ints/
slohoka1@remote02:~/i220b/submit/lab10/exercises/ints$ nano ints.c 
[?1049h[22;0;0t[1;54r(B[m[4l[?7h[39;49m[?1h=[?1h=[?1h=[?25l[39;49m(B[m[H[2J[52;43H(B[0;7m[ Reading File ](B[m[52;42H(B[0;7m[ Read 12 lines ](B[m[H(B[0;7m  GNU nano 3.2                                   ints.c                                             [1;99H(B[m[53d(B[0;7m^G(B[m Get Help   (B[0;7m^O(B[m Write Out  (B[0;7m^W(B[m Where Is   (B[0;7m^K(B[m Cut Text   (B[0;7m^J(B[m Justify    (B[0;7m^C(B[m Cur Pos    (B[0;7mM-U(B[m Undo[54d(B[0;7m^X(B[m Exit[15G(B[0;7m^R(B[m Read File  (B[0;7m^\(B[m Replace    (B[0;7m^U(B[m Uncut Text (B[0;7m^T(B[m To Spell   (B[0;7m^_(B[m Go To Line (B[0;7mM-E(B[m Redo[52d[3d(B[0;1m[36m#include[39m(B[m (B[0;1m[33m<stdio.h>[5d(B[0m[32mint[39m(B[m main() {[6;3H(B[0;1m[33mwhile[39m(B[m (1) {[7;5H[32mint[39m(B[m i;[8;5H[32mshort[39m(B[m s;[9;5H(B[0;1m[33mif[39m(B[m (scanf((B[0;1m[33m"%d"[39m(B[m, &i) != 1) [35mbreak[39m(B[m;[10;5Hs = ([32mshort[39m(B[m)i;[11;5Hprintf((B[0;1m[33m"int = %d (0x%x); short = %d (0x%x)\n"[39m(B[m, i, i, s, s);[12;3H}[13d[35mreturn[39m(B[m 0;[14d}[3d[?12l[?25h[?25l[52d[J[54;100H[?12l[?25h[54;1H[?1049l[23;0;0t[?1l>slohoka1@remote02:~/i220b/submit/lab10/exercises/ints$ nano ints.c [Kmake
cc -g -Wall -std=c18    ints.c   -o ints
slohoka1@remote02:~/i220b/submit/lab10/exercises/ints$ ./ints 
1
int = 1 (0x1); short = 1 (0x1)
2
int = 2 (0x2); short = 2 (0x2)
65535
int = 65535 (0xffff); short = -1 (0xffffffff)
255
int = 255 (0xff); short = 255 (0xff)
60000
int = 60000 (0xea60); short = -5536 (0xffffea60)
12345678900
int = -539222988 (0xdfdc1c34); short = 7220 (0x1c34)
33343344
int = 33343344 (0x1fcc770); short = -14480 (0xffffc770)
22334433
int = 22334433 (0x154cbe1); short = -13343 (0xffffcbe1)
23455678
int = 23455678 (0x165e7be); short = -6210 (0xffffe7be)
a
slohoka1@remote02:~/i220b/submit/lab10/exercises/ints$ cd ..
slohoka1@remote02:~/i220b/submit/lab10/exercises$ cd negeq/
slohoka1@remote02:~/i220b/submit/lab10/exercises/negeq$ make
cc -g -Wall -std=c18    negeq.c   -o negeq
slohoka1@remote02:~/i220b/submit/lab10/exercises/negeq$ ./negeq 
0
0 == -0
done
slohoka1@remote02:~/i220b/submit/lab10/exercises/negeq$ cd ..[K[K[K[K[Kpython3
Python 3.7.3 (default, Jan 22 2021, 20:04:44) 
[GCC 8.3.0] on linux
Type "help", "copyright", "credits" or "license" for more information.
>>> 10**1000 -1 1
9999999999999999999999999999999999999999999999999999999999999999999999999999999999999999999999999999999999999999999999999999999999999999999999999999999999999999999999999999999999999999999999999999999999999999999999999999999999999999999999999999999999999999999999999999999999999999999999999999999999999999999999999999999999999999999999999999999999999999999999999999999999999999999999999999999999999999999999999999999999999999999999999999999999999999999999999999999999999999999999999999999999999999999999999999999999999999999999999999999999999999999999999999999999999999999999999999999999999999999999999999999999999999999999999999999999999999999999999999999999999999999999999999999999999999999999999999999999999999999999999999999999999999999999999999999999999999999999999999999999999999999999999999999999999999999999999999999999999999999999999999999999999999999999999999999999999999999999999999999999999999999999999999999999999999999999999999999999999999999999999999999999999999999999999999999999999999
>>> 10**1000 - 1.0
Traceback (most recent call last):
  File "<stdin>", line 1, in <module>
OverflowError: int too large to convert to float
>>> exit()
slohoka1@remote02:~/i220b/submit/lab10/exercises/negeq$ cd ..
slohoka1@remote02:~/i220b/submit/lab10/exercises$ c d[K[Kd inexact/
slohoka1@remote02:~/i220b/submit/lab10/exercises/inexact$ c[Knano 0.1.c 
[?1049h[22;0;0t[1;54r(B[m[4l[?7h[39;49m[?1h=[?1h=[?1h=[?25l[39;49m(B[m[H[2J[52;43H(B[0;7m[ Reading File ](B[m[52;42H(B[0;7m[ Read 10 lines ](B[m[H(B[0;7m  GNU nano 3.2                                   0.1.c                                              [1;99H(B[m[53d(B[0;7m^G(B[m Get Help   (B[0;7m^O(B[m Write Out  (B[0;7m^W(B[m Where Is   (B[0;7m^K(B[m Cut Text   (B[0;7m^J(B[m Justify    (B[0;7m^C(B[m Cur Pos    (B[0;7mM-U(B[m Undo[54d(B[0;7m^X(B[m Exit[15G(B[0;7m^R(B[m Read File  (B[0;7m^\(B[m Replace    (B[0;7m^U(B[m Uncut Text (B[0;7m^T(B[m To Spell   (B[0;7m^_(B[m Go To Line (B[0;7mM-E(B[m Redo[52d[3d(B[0;1m[36m#include[39m(B[m (B[0;1m[33m<stdio.h>[5d(B[0m[32mint[39m(B[m main() {[6;3H[32mdouble[39m(B[m sum = 0;[7;3H(B[0;1m[33mfor[39m(B[m ([32mint[39m(B[m i = 0; i < 10; i++) {[8;5Hsum += 0.1;[9;3H}[10dprintf((B[0;1m[33m"%.20f %d\n"[39m(B[m, sum, sum == 1.0);[11;3H[35mreturn[39m(B[m 0;[12d}[3d[?12l[?25h[?25l[52d[J[54;100H[?12l[?25h[54;1H[?1049l[23;0;0t[?1l>slohoka1@remote02:~/i220b/submit/lab10/exercises/inexact$ make
cc -g -Wall -std=c18    0.1.c   -o 0.1
slohoka1@remote02:~/i220b/submit/lab10/exercises/inexact$ ./0.1 
0.99999999999999988898 0
slohoka1@remote02:~/i220b/submit/lab10/exercises/inexact$ cd ..
slohoka1@remote02:~/i220b/submit/lab10/exercises$ cd nan
slohoka1@remote02:~/i220b/submit/lab10/exercises/nan$ nano [K[K[K[K[Kls
Makefile  nan.c
slohoka1@remote02:~/i220b/submit/lab10/exercises/nan$ nano nan.c 
[?1049h[22;0;0t[1;54r(B[m[4l[?7h[39;49m[?1h=[?1h=[?1h=[?25l[39;49m(B[m[H[2J[52;43H(B[0;7m[ Reading File ](B[m[52;42H(B[0;7m[ Read 14 lines ](B[m[H(B[0;7m  GNU nano 3.2                                   nan.c                                              [1;99H(B[m[53d(B[0;7m^G(B[m Get Help   (B[0;7m^O(B[m Write Out  (B[0;7m^W(B[m Where Is   (B[0;7m^K(B[m Cut Text   (B[0;7m^J(B[m Justify    (B[0;7m^C(B[m Cur Pos    (B[0;7mM-U(B[m Undo[54d(B[0;7m^X(B[m Exit[15G(B[0;7m^R(B[m Read File  (B[0;7m^\(B[m Replace    (B[0;7m^U(B[m Uncut Text (B[0;7m^T(B[m To Spell   (B[0;7m^_(B[m Go To Line (B[0;7mM-E(B[m Redo[52d[3d(B[0;1m[36m#include[39m(B[m (B[0;1m[33m<stdio.h>[5d(B[0m[32mint[39m(B[m main() {[7;3H[32mdouble[39m(B[m v;[8;3Hscanf((B[0;1m[33m"%lf"[39m(B[m, &v);[9;3H[32mdouble[39m(B[m x = v/v;[10;3Hprintf((B[0;1m[33m"x = %lg\n"[39m(B[m, x);[11;3H(B[0;1m[33mwhile[39m(B[m (x != x) {[12;5H(B[0;1m[34m//loop[13;3H[39m(B[m}[14dprintf((B[0;1m[33m"loop exit\n"[39m(B[m);[15;3H[35mreturn[39m(B[m 0;[16d}[3d[?12l[?25h[?25l[52d[J[54;100H[?12l[?25h[54;1H[?1049l[23;0;0t[?1l>slohoka1@remote02:~/i220b/submit/lab10/exercises/nan$ make
cc -g -Wall -std=c18    nan.c   -o nan
slohoka1@remote02:~/i220b/submit/lab10/exercises/nan$ ./nan
0
x = -nan
^C
slohoka1@remote02:~/i220b/submit/lab10/exercises/nan$ cd ..
slohoka1@remote02:~/i220b/submit/lab10/exercises$ cd ulp
slohoka1@remote02:~/i220b/submit/lab10/exercises/ulp$ make
cc -g -Wall -std=c18    ulp.c  -lm -o ulp
slohoka1@remote02:~/i220b/submit/lab10/exercises/ulp$ ./ul[[Kp
usage ./ulp data|lg-data|verbose
slohoka1@remote02:~/i220b/submit/lab10/exercises/ulp$ ./ulp verbose
v = 0x1 (1), ulp = 1.1920928955078e-07
v = 0x2 (2), ulp = 2.3841857910156e-07
v = 0x4 (4), ulp = 4.7683715820312e-07
v = 0x8 (8), ulp = 9.5367431640625e-07
v = 0x10 (16), ulp = 1.9073486328125e-06
v = 0x20 (32), ulp = 3.814697265625e-06
v = 0x40 (64), ulp = 7.62939453125e-06
v = 0x80 (128), ulp = 1.52587890625e-05
v = 0x100 (256), ulp = 3.0517578125e-05
v = 0x200 (512), ulp = 6.103515625e-05
v = 0x400 (1024), ulp = 0.0001220703125
v = 0x800 (2048), ulp = 0.000244140625
v = 0x1000 (4096), ulp = 0.00048828125
v = 0x2000 (8192), ulp = 0.0009765625
v = 0x4000 (16384), ulp = 0.001953125
v = 0x8000 (32768), ulp = 0.00390625
v = 0x10000 (65536), ulp = 0.0078125
v = 0x20000 (131072), ulp = 0.015625
v = 0x40000 (262144), ulp = 0.03125
v = 0x80000 (524288), ulp = 0.0625
v = 0x100000 (1.04858e+06), ulp = 0.125
v = 0x200000 (2.09715e+06), ulp = 0.25
v = 0x400000 (4.1943e+06), ulp = 0.5
v = 0x800000 (8.38861e+06), ulp = 1
v = 0x1000000 (1.67772e+07), ulp = 2
v = 0x2000000 (3.35544e+07), ulp = 4
v = 0x4000000 (6.71089e+07), ulp = 8
v = 0x8000000 (1.34218e+08), ulp = 16
v = 0x10000000 (2.68435e+08), ulp = 32
v = 0x20000000 (5.36871e+08), ulp = 64
v = 0x40000000 (1.07374e+09), ulp = 128
v = 0x80000000 (2.14748e+09), ulp = 256
v = 0x100000000 (4.29497e+09), ulp = 512
v = 0x200000000 (8.58993e+09), ulp = 1024
v = 0x400000000 (1.71799e+10), ulp = 2048
v = 0x800000000 (3.43597e+10), ulp = 4096
v = 0x1000000000 (6.87195e+10), ulp = 8192
v = 0x2000000000 (1.37439e+11), ulp = 16384
v = 0x4000000000 (2.74878e+11), ulp = 32768
v = 0x8000000000 (5.49756e+11), ulp = 65536
v = 0x10000000000 (1.09951e+12), ulp = 131072
v = 0x20000000000 (2.19902e+12), ulp = 262144
v = 0x40000000000 (4.39805e+12), ulp = 524288
v = 0x80000000000 (8.79609e+12), ulp = 1048576
v = 0x100000000000 (1.75922e+13), ulp = 2097152
v = 0x200000000000 (3.51844e+13), ulp = 4194304
v = 0x400000000000 (7.03687e+13), ulp = 8388608
v = 0x800000000000 (1.40737e+14), ulp = 16777216
v = 0x1000000000000 (2.81475e+14), ulp = 33554432
v = 0x2000000000000 (5.6295e+14), ulp = 67108864
v = 0x4000000000000 (1.1259e+15), ulp = 134217728
v = 0x8000000000000 (2.2518e+15), ulp = 268435456
v = 0x10000000000000 (4.5036e+15), ulp = 536870912
v = 0x20000000000000 (9.0072e+15), ulp = 1073741824
v = 0x40000000000000 (1.80144e+16), ulp = 2147483648
v = 0x80000000000000 (3.60288e+16), ulp = 4294967296
v = 0x100000000000000 (7.20576e+16), ulp = 8589934592
v = 0x200000000000000 (1.44115e+17), ulp = 17179869184
v = 0x400000000000000 (2.8823e+17), ulp = 34359738368
v = 0x800000000000000 (5.76461e+17), ulp = 68719476736
v = 0x1000000000000000 (1.15292e+18), ulp = 137438953472
v = 0x2000000000000000 (2.30584e+18), ulp = 274877906944
v = 0x4000000000000000 (4.61169e+18), ulp = 549755813888
v = 0x8000000000000000 (9.22337e+18), ulp = 1099511627776
slohoka1@remote02:~/i220b/submit/lab10/exercises/ulp$ ./ulp data >data[K[K[K[Kulp.data
slohoka1@remote02:~/i220b/submit/lab10/exercises/ulp$ gnuplot -p ulp.gp
04:16:03 PM: Error: Unable to initialize GTK+, is DISPLAY set properly?
Failed to initialize wxWidgets.
slohoka1@remote02:~/i220b/submit/lab10/exercises/ulp$ x[Kset terminal dumb;
slohoka1@remote02:~/i220b/submit/lab10/exercises/ulp$ set terminal dumb;[1Pgnuplot -p ulp.gp
04:18:17 PM: Error: Unable to initialize GTK+, is DISPLAY set properly?
Failed to initialize wxWidgets.
slohoka1@remote02:~/i220b/submit/lab10/exercises/ulp$ nano ulp.gp
[?1049h[22;0;0t[1;54r(B[m[4l[?7h[39;49m[?1h=[?1h=[?1h=[?25l[39;49m(B[m[H[2J[52;43H(B[0;7m[ Reading File ](B[m[52;49H(B[0;7m 3 lines ](B[m[H(B[0;7m  GNU nano 3.2                                   ulp.gp                                             [1;99H(B[m[53d(B[0;7m^G(B[m Get Help   (B[0;7m^O(B[m Write Out  (B[0;7m^W(B[m Where Is   (B[0;7m^K(B[m Cut Text   (B[0;7m^J(B[m Justify    (B[0;7m^C(B[m Cur Pos    (B[0;7mM-U(B[m Undo[54d(B[0;7m^X(B[m Exit[15G(B[0;7m^R(B[m Read File  (B[0;7m^\(B[m Replace    (B[0;7m^U(B[m Uncut Text (B[0;7m^T(B[m To Spell   (B[0;7m^_(B[m Go To Line (B[0;7mM-E(B[m Redo[52d[3d[39;49m(B[mset xlabel "value"[4dset ylabel "ULP"[5dplot "ulp.data"[3d[?12l[?25h[?25l[1;91H(B[0;7mModified(B[m7[2;51r8[2dM[1;54r[4;1H[?12l[?25h[?25l[A[?12l[?25h[?25ls[?12l[?25h[?25le[?12l[?25h[?25lt[?12l[?25h[?25l [?12l[?25h[?25lt[?12l[?25h[?25le[?12l[?25h[?25lr[?12l[?25h[?25lm[?12l[?25h[?25li[?12l[?25h[?25ln[?12l[?25h[?25la[?12l[?25h[?25ll[?12l[?25h[?25l [?12l[?25h[?25ld[?12l[?25h[?25lu[?12l[?25h[?25lm[?12l[?25h[?25lb[?12l[?25h[?25l;[?12l[?25h[?25l[1;99H[1;91H(B[0;7m        (B[m[52;42H(B[0;7m[ Wrote 4[52;59H(B[m[3;19H[?12l[?25h[?25l[52d[J[54;100H[?12l[?25h[54;1H[?1049l[23;0;0t[?1l>slohoka1@remote02:~/i220b/submit/lab10/exercises/ulp$ nano ulp.gp[6@gnuplot -p[C[C[C[C[C[C[C
                                                                               
     1.2e+12 +-------------------------------------------------------------+   
             |     +     +      +     +     +     +     +      +     +     |   
             |                                          "ulp.data"    A    |   
       1e+12 |-+                                                         +-|   
             |                                                             |   
             |                                                             |   
       8e+11 |-+                                                         +-|   
             |                                                             |   
             |                                                             |   
       6e+11 |-+                                                         +-|   
             |                            A                                |   
             |                                                             |   
             |                                                             |   
       4e+11 |-+                                                         +-|   
             |                                                             |   
             |             A                                               |   
       2e+11 |-+                                                         +-|   
             |      A                                                      |   
             | A A +     +      +     +     +     +     +      +     +     |   
           0 +-------------------------------------------------------------+   
             0   1e+18 2e+18  3e+18 4e+18 5e+18 6e+18 7e+18  8e+18 9e+18 1e+19 
                                          value                                
                                                                               
slohoka1@remote02:~/i220b/submit/lab10/exercises/ulp$ ./ulpt[K lg-data >ulp-lg.data
slohoka1@remote02:~/i220b/submit/lab10/exercises/ulp$ gnuplot -p ulp-lg.gp
04:19:33 PM: Error: Unable to initialize GTK+, is DISPLAY set properly?
Failed to initialize wxWidgets.
slohoka1@remote02:~/i220b/submit/lab10/exercises/ulp$ nano ulp-lg.gp 
[?1049h[22;0;0t[1;54r(B[m[4l[?7h[39;49m[?1h=[?1h=[?1h=[?25l[39;49m(B[m[H[2J[52;43H(B[0;7m[ Reading File ](B[m[52;49H(B[0;7m 3 lines ](B[m[H(B[0;7m  GNU nano 3.2                                 ulp-lg.gp                                            [1;99H(B[m[53d(B[0;7m^G(B[m Get Help   (B[0;7m^O(B[m Write Out  (B[0;7m^W(B[m Where Is   (B[0;7m^K(B[m Cut Text   (B[0;7m^J(B[m Justify    (B[0;7m^C(B[m Cur Pos    (B[0;7mM-U(B[m Undo[54d(B[0;7m^X(B[m Exit[15G(B[0;7m^R(B[m Read File  (B[0;7m^\(B[m Replace    (B[0;7m^U(B[m Uncut Text (B[0;7m^T(B[m To Spell   (B[0;7m^_(B[m Go To Line (B[0;7mM-E(B[m Redo[52d[3d[39;49m(B[mset xlabel "lg(value)"[4dset ylabel "lg(ULP)"[5dplot "ulp-lg.data"[3d[?12l[?25h[?25l[1;91H(B[0;7mModified(B[m7[2;51r8[2dM[1;54r[4;1H[?12l[?25h[?25l[A[?12l[?25h[?25ls[?12l[?25h[?25le[?12l[?25h[?25lt[?12l[?25h[?25l [?12l[?25h[?25lt[?12l[?25h[?25le[?12l[?25h[?25lr[?12l[?25h[?25lm[?12l[?25h[?25li[?12l[?25h[?25ln[?12l[?25h[?25la[?12l[?25h[?25ll[?12l[?25h[?25l [?12l[?25h[?25ld[?12l[?25h[?25lu[?12l[?25h[?25lm[?12l[?25h[?25lb[?12l[?25h[?25l;[?12l[?25h[?25l[1;99H[1;91H(B[0;7m        (B[m[52;42H(B[0;7m[ Wrote 4[52;59H(B[m[3;19H[?12l[?25h[?25l[52d[J[54;100H[?12l[?25h[54;1H[?1049l[23;0;0t[?1l>slohoka1@remote02:~/i220b/submit/lab10/exercises/ulp$ nano ulp-lg.gp gnuplot -p ulp-lg.gp
                                                                               
         40 +--------------------------------------------------------------+   
            |        +        +        +        +        +      AAAA       |   
            |                                        "ulp-lg.AAAa"    A    |   
         30 |-+                                           AAA            +-|   
            |                                         AAAA                 |   
         20 |-+                                    AAA                   +-|   
            |                                   AAA                        |   
            |                               AAAA                           |   
         10 |-+                          AAAA                            +-|   
            |                        AAAA                                  |   
            |                      AA                                      |   
          0 |-+                AAAA                                      +-|   
            |              AAAA                                            |   
            |            AA                                                |   
        -10 |-+      AAAA                                                +-|   
            |    AAAA                                                      |   
        -20 |-+AAA                                                       +-|   
            |AA                                                            |   
            |        +        +        +        +        +        +        |   
        -30 +--------------------------------------------------------------+   
            0        10       20       30       40       50       60       70  
                                       lg(value)                               
                                                                               
slohoka1@remote02:~/i220b/submit/lab10/exercises/ulp$ cd ..
slohoka1@remote02:~/i220b/submit/lab10/exercises$ cd loop/
slohoka1@remote02:~/i220b/submit/lab10/exercises/loop$ make
cc -g -Wall -std=c18    loop.c   -o loop
slohoka1@remote02:~/i220b/submit/lab10/exercises/loop$ c[Knano loop.c 
[?1049h[22;0;0t[1;54r(B[m[4l[?7h[39;49m[?1h=[?1h=[?1h=[?25l[39;49m(B[m[H[2J[52;43H(B[0;7m[ Reading File ](B[m[52;42H(B[0;7m[ Read 14 lines ](B[m[H(B[0;7m  GNU nano 3.2                                   loop.c                                             [1;99H(B[m[53d(B[0;7m^G(B[m Get Help   (B[0;7m^O(B[m Write Out  (B[0;7m^W(B[m Where Is   (B[0;7m^K(B[m Cut Text   (B[0;7m^J(B[m Justify    (B[0;7m^C(B[m Cur Pos    (B[0;7mM-U(B[m Undo[54d(B[0;7m^X(B[m Exit[15G(B[0;7m^R(B[m Read File  (B[0;7m^\(B[m Replace    (B[0;7m^U(B[m Uncut Text (B[0;7m^T(B[m To Spell   (B[0;7m^_(B[m Go To Line (B[0;7mM-E(B[m Redo[52d[3d(B[0;1m[36m#include[39m(B[m (B[0;1m[33m<stdio.h>[5d(B[0m[32mint[39m(B[m main() {[7;3H(B[0;1m[33mwhile[39m(B[m (1) {[8;5H[32mfloat[39m(B[m d;[9;5Hscanf((B[0;1m[33m"%f"[39m(B[m, &d);[10;5H[32mfloat[39m(B[m x;[11;5H(B[0;1m[33mfor[39m(B[m (x = d; x <= d + 1000.0; x = x + 1000.0) {[12;5H}[13dprintf((B[0;1m[33m"loop exited with x = %.14g\n"[39m(B[m, x);[14;3H}[15d[35mreturn[39m(B[m 0;[16d}[3d[?12l[?25h[?25l[52d[J[54;100H[?12l[?25h[54;1H[?1049l[23;0;0t[?1l>slohoka1@remote02:~/i220b/submit/lab10/exercises/loop$ ./loop [K[K[K[K[K[K[Knano loop.c 
[?1049h[22;0;0t[1;54r(B[m[4l[?7h[39;49m[?1h=[?1h=[?1h=[?25l[39;49m(B[m[H[2J[52;43H(B[0;7m[ Reading File ](B[m[52;42H(B[0;7m[ Read 14 lines ](B[m[H(B[0;7m  GNU nano 3.2                                   loop.c                                             [1;99H(B[m[53d(B[0;7m^G(B[m Get Help   (B[0;7m^O(B[m Write Out  (B[0;7m^W(B[m Where Is   (B[0;7m^K(B[m Cut Text   (B[0;7m^J(B[m Justify    (B[0;7m^C(B[m Cur Pos    (B[0;7mM-U(B[m Undo[54d(B[0;7m^X(B[m Exit[15G(B[0;7m^R(B[m Read File  (B[0;7m^\(B[m Replace    (B[0;7m^U(B[m Uncut Text (B[0;7m^T(B[m To Spell   (B[0;7m^_(B[m Go To Line (B[0;7mM-E(B[m Redo[52d[3d(B[0;1m[36m#include[39m(B[m (B[0;1m[33m<stdio.h>[5d(B[0m[32mint[39m(B[m main() {[7;3H(B[0;1m[33mwhile[39m(B[m (1) {[8;5H[32mfloat[39m(B[m d;[9;5Hscanf((B[0;1m[33m"%f"[39m(B[m, &d);[10;5H[32mfloat[39m(B[m x;[11;5H(B[0;1m[33mfor[39m(B[m (x = d; x <= d + 1000.0; x = x + 1000.0) {[12;5H}[13dprintf((B[0;1m[33m"loop exited with x = %.14g\n"[39m(B[m, x);[14;3H}[15d[35mreturn[39m(B[m 0;[16d}[3d[?12l[?25h[?25l[52d[J[54;100H[?12l[?25h[54;1H[?1049l[23;0;0t[?1l>slohoka1@remote02:~/i220b/submit/lab10/exercises/loop$ nano loop.c [K[K[K[K[K[K[K[K[K[K[K[K./loop 
1
loop exited with x = 2001
234
loop exited with x = 2234
69
loop exited with x = 2069
0
loop exited with x = 2000
4
loop exited with x = 2004
8
loop exited with x = 2008
16
loop exited with x = 2016
32768
loop exited with x = 34768
65536
loop exited with x = 67536
131072
loop exited with x = 133072
1048576
loop exited with x = 1050576
-2000
loop exited with x = 0
-0
loop exited with x = 2000
1000.0
loop exited with x = 3000
0.0
loop exited with x = 2000
-0.0
loop exited with x = 2000
1099511627776
^C
slohoka1@remote02:~/i220b/submit/lab10/exercises/loop$ exit

Script done on 2021-11-11 16:29:37-05:00 [COMMAND_EXIT_CODE="130"]
